10-03 13:55:00.895  1767  2043 I OMXMaster: makeComponentInstance(OMX.google.raw.decoder) in omx@1.0-service process
10-03 13:55:00.899  1970  1970 I vol.Events: writeEvent collection_started
10-03 13:55:00.904  1970  2138 I vol.Events: writeEvent external_ringer_mode_changed normal
10-03 13:55:00.904  1970  2138 I vol.Events: writeEvent internal_ringer_mode_changed normal
10-03 13:55:00.907  1764  1830 I OMXClient: Treble IOmx obtained
10-03 13:55:00.908  1767  1813 I OMXMaster: makeComponentInstance(OMX.ffmpeg.atrial.decoder) in omx@1.0-service process
10-03 13:55:00.908  1767  1813 D SoftFFmpegAudio: SoftFFmpegAudio component: OMX.ffmpeg.atrial.decoder mCodingType: 1
10-03 13:55:00.909  2067  2067 W ContextImpl: Calling a method in the system process without a qualified user: android.app.ContextImpl.startService:1476 android.content.ContextWrapper.startService:650 org.android_x86.analytics.AnalyticsHelper.hitScreen:163 android.app.Activity.onStart:1252 android.app.Instrumentation.callActivityOnStart:1334 
10-03 13:55:00.909  1866  2066 W ActivityManager: Unable to start service Intent { act=org.android_x86.hit_screen cmp=org.android_x86.analytics/.AnalyticsService (has extras) } U=0: not found
10-03 13:55:00.910  1764  1830 I OMXClient: Treble IOmx obtained
10-03 13:55:00.910  1767  2043 I OMXMaster: makeComponentInstance(OMX.google.vorbis.decoder) in omx@1.0-service process
10-03 13:55:00.915  2067  2145 D OpenGLRenderer: HWUI GL Pipeline
10-03 13:55:00.920  2051  2051 D TelephonyProvider: dbh.onOpen: ok, queried table=siminfo
10-03 13:55:00.920  2051  2051 D TelephonyProvider: dbh.onOpen: ok, queried table=carriers
10-03 13:55:00.924  2051  2051 D CarrierProvider: onCreate
10-03 13:55:00.926  1965  2075 I LatinIME:LogUtils: Dictionary info: dictionary = main:en ; version = 54 ; date = 1414726273
10-03 13:55:00.929  1764  1830 I OMXClient: Treble IOmx obtained
10-03 13:55:00.930  1767  2043 I OMXMaster: makeComponentInstance(OMX.ffmpeg.vorbis.decoder) in omx@1.0-service process
10-03 13:55:00.930  1767  2043 D SoftFFmpegAudio: SoftFFmpegAudio component: OMX.ffmpeg.vorbis.decoder mCodingType: 24
10-03 13:55:00.931  1750  1851 D gralloc : Registering a buffer in the process that created it. This may cause memory ordering problems.
10-03 13:55:00.932  1750  1851 I chatty  : uid=0(root) Binder:1750_3 identical 2 lines
10-03 13:55:00.932  1750  1851 D gralloc : Registering a buffer in the process that created it. This may cause memory ordering problems.
10-03 13:55:00.934  2067  2145 I com.android.settings: android::hardware::configstore::V1_0::ISurfaceFlingerConfigs::hasWideColorDisplay retrieved: 0
10-03 13:55:00.934  2067  2145 I OpenGLRenderer: Initialized EGL, version 1.4
10-03 13:55:00.934  2067  2145 D OpenGLRenderer: Swap behavior 1
10-03 13:55:00.945  1764  1830 I OMXClient: Treble IOmx obtained
10-03 13:55:00.945  1767  2043 I OMXMaster: makeComponentInstance(OMX.ffmpeg.wma.decoder) in omx@1.0-service process
10-03 13:55:00.945  1767  2043 D SoftFFmpegAudio: SoftFFmpegAudio component: OMX.ffmpeg.wma.decoder mCodingType: 25
10-03 13:55:00.957  1764  1830 I OMXClient: Treble IOmx obtained
10-03 13:55:00.957  1767  2043 I OMXMaster: makeComponentInstance(OMX.google.aac.encoder) in omx@1.0-service process
10-03 13:55:00.959  2084  2084 D wpa_supplicant: wpa_supplicant v2.7-devel-8.1.0
10-03 13:55:00.961  1750  1815 D gralloc : Registering a buffer in the process that created it. This may cause memory ordering problems.
10-03 13:55:00.968  2067  2145 D vndksupport: Loading /vendor/lib64/hw/android.hardware.graphics.mapper@2.0-impl.so from current namespace instead of sphal namespace.
10-03 13:55:00.968  2067  2145 D vndksupport: Loading /vendor/lib64/hw/gralloc.default.so from current namespace instead of sphal namespace.
10-03 13:55:00.969  2067  2145 D vndksupport: Loading /vendor/lib64/hw/gralloc.default.so from current namespace instead of sphal namespace.
10-03 13:55:00.974  1764  1830 I OMXClient: Treble IOmx obtained
10-03 13:55:00.974  1767  2043 I OMXMaster: makeComponentInstance(OMX.google.amrnb.encoder) in omx@1.0-service process
10-03 13:55:00.982  1764  1830 I OMXClient: Treble IOmx obtained
10-03 13:55:00.983  1767  2043 I OMXMaster: makeComponentInstance(OMX.google.amrwb.encoder) in omx@1.0-service process
10-03 13:55:00.989  1866  1881 W KeyguardServiceDelegate: onScreenTurningOn(): no keyguard service!
10-03 13:55:00.993  1764  1830 I OMXClient: Treble IOmx obtained
10-03 13:55:00.993  1767  1813 I OMXMaster: makeComponentInstance(OMX.google.flac.encoder) in omx@1.0-service process
10-03 13:55:00.995  2051  2051 I ImsResolver: Initializing cache and binding.
10-03 13:55:01.001  1764  1830 I OMXClient: Treble IOmx obtained
10-03 13:55:01.001  1767  2043 I OMXMaster: makeComponentInstance(OMX.ffmpeg.h264.decoder) in omx@1.0-service process
10-03 13:55:01.002  1767  2043 D SoftFFmpegVideo: SoftFFmpegVideo component: OMX.ffmpeg.h264.decoder codingType=7 appData: 0xebf38b40
10-03 13:55:01.003  1767  2043 D SoftFFmpegVideo: 0xebf6da00 initDecoder: 0xe89c5c00
10-03 13:55:01.003  1767  1813 E OMXNodeInstance: getExtensionIndex(0xebf21440:ffmpeg.h264.decoder, OMX.google.android.index.configureVideoTunnelMode) ERROR: UnsupportedIndex(0x8000101a)
10-03 13:55:01.004  1767  1813 E OMXNodeInstance: getExtensionIndex(0xebf21440:ffmpeg.h264.decoder, OMX.google.android.index.enableAndroidNativeBuffers) ERROR: UnsupportedIndex(0x8000101a)
10-03 13:55:01.004  1767  1813 D SoftFFmpegVideo: 0xebf6da00 deInitDecoder: 0xe89c5c00
10-03 13:55:01.004  1764  1830 I OMXClient: Treble IOmx obtained
10-03 13:55:01.004  1767  2043 I OMXMaster: makeComponentInstance(OMX.google.h264.decoder) in omx@1.0-service process
10-03 13:55:01.011  1767  2043 E OMXNodeInstance: getExtensionIndex(0xebf21620:google.h264.decoder, OMX.google.android.index.configureVideoTunnelMode) ERROR: UnsupportedIndex(0x8000101a)
10-03 13:55:01.011  1767  2043 E OMXNodeInstance: getExtensionIndex(0xebf21620:google.h264.decoder, OMX.google.android.index.enableAndroidNativeBuffers) ERROR: UnsupportedIndex(0x8000101a)
10-03 13:55:01.012  1764  1830 I OMXClient: Treble IOmx obtained
10-03 13:55:01.012  1767  2043 I OMXMaster: makeComponentInstance(OMX.ffmpeg.divx.decoder) in omx@1.0-service process
10-03 13:55:01.012  1767  2043 D SoftFFmpegVideo: SoftFFmpegVideo component: OMX.ffmpeg.divx.decoder codingType=2130706435 appData: 0xebf38c80
10-03 13:55:01.012  1767  2043 D SoftFFmpegVideo: 0xebf6d900 initDecoder: 0xe89c5800
10-03 13:55:01.012  1767  2043 E OMXNodeInstance: getExtensionIndex(0xebf21620:ffmpeg.divx.decoder, OMX.google.android.index.configureVideoTunnelMode) ERROR: UnsupportedIndex(0x8000101a)
10-03 13:55:01.013  1767  2043 E OMXNodeInstance: getExtensionIndex(0xebf21620:ffmpeg.divx.decoder, OMX.google.android.index.enableAndroidNativeBuffers) ERROR: UnsupportedIndex(0x8000101a)
10-03 13:55:01.013  1767  2043 D SoftFFmpegVideo: 0xebf6d900 deInitDecoder: 0xe89c5800
10-03 13:55:01.013  1764  1830 I OMXClient: Treble IOmx obtained
10-03 13:55:01.013  1767  1813 I OMXMaster: makeComponentInstance(OMX.ffmpeg.flv1.decoder) in omx@1.0-service process
10-03 13:55:01.013  1767  1813 D SoftFFmpegVideo: SoftFFmpegVideo component: OMX.ffmpeg.flv1.decoder codingType=2130706434 appData: 0xebf38b40
10-03 13:55:01.014  1767  1813 D SoftFFmpegVideo: 0xebf6da00 initDecoder: 0xe89c5c00
10-03 13:55:01.014  1767  1813 E OMXNodeInstance: getExtensionIndex(0xebf21440:ffmpeg.flv1.decoder, OMX.google.android.index.configureVideoTunnelMode) ERROR: UnsupportedIndex(0x8000101a)
10-03 13:55:01.014  1767  1813 E OMXNodeInstance: getExtensionIndex(0xebf21440:ffmpeg.flv1.decoder, OMX.google.android.index.enableAndroidNativeBuffers) ERROR: UnsupportedIndex(0x8000101a)
10-03 13:55:01.014  1767  1813 D SoftFFmpegVideo: 0xebf6da00 deInitDecoder: 0xe89c5c00
10-03 13:55:01.015  1764  1830 I OMXClient: Treble IOmx obtained
10-03 13:55:01.015  1767  1813 I OMXMaster: makeComponentInstance(OMX.ffmpeg.h263.decoder) in omx@1.0-service process
10-03 13:55:01.015  1767  1813 D SoftFFmpegVideo: SoftFFmpegVideo component: OMX.ffmpeg.h263.decoder codingType=3 appData: 0xebf38b40
10-03 13:55:01.015  1767  1813 D SoftFFmpegVideo: 0xebf6da00 initDecoder: 0xe89c5c00
10-03 13:55:01.016  1767  2043 E OMXNodeInstance: getExtensionIndex(0xebf21440:ffmpeg.h263.decoder, OMX.google.android.index.configureVideoTunnelMode) ERROR: UnsupportedIndex(0x8000101a)
10-03 13:55:01.016  1767  2043 E OMXNodeInstance: getExtensionIndex(0xebf21440:ffmpeg.h263.decoder, OMX.google.android.index.enableAndroidNativeBuffers) ERROR: UnsupportedIndex(0x8000101a)
10-03 13:55:01.016  1767  2043 D SoftFFmpegVideo: 0xebf6da00 deInitDecoder: 0xe89c5c00
10-03 13:55:01.016  1764  1830 I OMXClient: Treble IOmx obtained
10-03 13:55:01.016  1767  2043 I OMXMaster: makeComponentInstance(OMX.google.h263.decoder) in omx@1.0-service process
10-03 13:55:01.026  1767  2043 E OMXNodeInstance: getExtensionIndex(0xebf21440:google.h263.decoder, OMX.google.android.index.configureVideoTunnelMode) ERROR: UnsupportedIndex(0x8000101a)
10-03 13:55:01.026  1767  2043 E OMXNodeInstance: getExtensionIndex(0xebf21440:google.h263.decoder, OMX.google.android.index.enableAndroidNativeBuffers) ERROR: UnsupportedIndex(0x8000101a)
10-03 13:55:01.028  1764  1830 I OMXClient: Treble IOmx obtained
10-03 13:55:01.028  1767  1813 I OMXMaster: makeComponentInstance(OMX.ffmpeg.hevc.decoder) in omx@1.0-service process
10-03 13:55:01.028  1767  1813 D SoftFFmpegVideo: SoftFFmpegVideo component: OMX.ffmpeg.hevc.decoder codingType=11 appData: 0xebf38a00
10-03 13:55:01.028  1767  1813 D SoftFFmpegVideo: 0xebf48a00 initDecoder: 0xe8be7000
10-03 13:55:01.028  1767  1813 E OMXNodeInstance: getExtensionIndex(0xebf21140:ffmpeg.hevc.decoder, OMX.google.android.index.configureVideoTunnelMode) ERROR: UnsupportedIndex(0x8000101a)
10-03 13:55:01.029  1767  1813 E OMXNodeInstance: getExtensionIndex(0xebf21140:ffmpeg.hevc.decoder, OMX.google.android.index.enableAndroidNativeBuffers) ERROR: UnsupportedIndex(0x8000101a)
10-03 13:55:01.029  2084  2084 D wpa_supplicant: random: Added entropy from /data/misc/wifi/entropy.bin (own_pool_ready=2)
10-03 13:55:01.029  2084  2084 D wpa_supplicant: random: Trying to read entropy from /dev/random
10-03 13:55:01.029  2084  2084 D wpa_supplicant: Get randomness: len=20 entropy=1
10-03 13:55:01.029  1767  1813 D SoftFFmpegVideo: 0xebf48a00 deInitDecoder: 0xe8be7000
10-03 13:55:01.030  2084  2084 D wpa_supplicant: random: Updated entropy file /data/misc/wifi/entropy.bin (own_pool_ready=2)
10-03 13:55:01.030  2084  2084 D wpa_supplicant: Global control interface '@android:wpa_wlan0'
10-03 13:55:01.030  2084  2084 D wpa_supplicant: Using Android control socket 'wpa_wlan0'
10-03 13:55:01.030  2084  2084 D wpa_supplicant: Initing hidl control
10-03 13:55:01.030  2084  2084 I wpa_supplicant: Processing hidl events on FD 5
10-03 13:55:01.030  2084  2084 I wpa_supplicant: Successfully initialized wpa_supplicant
10-03 13:55:01.031  2084  2084 D wpa_supplicant: Override interface parameter: ctrl_interface ('(null)' -> '/data/misc/wifi/sockets')
10-03 13:55:01.031  2084  2084 D wpa_supplicant: Initializing interface 'wlan0' conf '/data/misc/wifi/wpa_supplicant.conf' driver 'nl80211' ctrl_interface '/data/misc/wifi/sockets' bridge 'N/A'
10-03 13:55:01.031  2084  2084 D wpa_supplicant: Configuration file '/data/misc/wifi/wpa_supplicant.conf' -> '/data/misc/wifi/wpa_supplicant.conf'
10-03 13:55:01.031  2084  2084 D wpa_supplicant: Reading configuration file '/data/misc/wifi/wpa_supplicant.conf'
10-03 13:55:01.031  1764  1830 I OMXClient: Treble IOmx obtained
10-03 13:55:01.031  1767  1813 I OMXMaster: makeComponentInstance(OMX.google.hevc.decoder) in omx@1.0-service process
10-03 13:55:01.031  2084  2084 D wpa_supplicant: ctrl_interface='wlan0'
10-03 13:55:01.031  2084  2084 D wpa_supplicant: update_config=1
10-03 13:55:01.031  2084  2084 D wpa_supplicant: eapol_version=1
10-03 13:55:01.031  2084  2084 D wpa_supplicant: ap_scan=1
10-03 13:55:01.031  2084  2084 D wpa_supplicant: fast_reauth=1
10-03 13:55:01.031  2084  2084 D wpa_supplicant: Reading configuration file '/system/etc/wifi/wpa_supplicant_overlay.conf'
10-03 13:55:01.058  2084  2084 D wpa_supplicant: p2p_disabled=1
10-03 13:55:01.061  2084  2084 D wpa_supplicant: nl80211: interface wlan0 in phy phy0
10-03 13:55:01.061  2084  2084 D wpa_supplicant: nl80211: Set mode ifindex 5 iftype 2 (STATION)
10-03 13:55:01.061  2084  2084 D wpa_supplicant: nl80211: Subscribe to mgmt frames with non-AP handle 0x7a18b2a32780
10-03 13:55:01.061  2084  2084 D wpa_supplicant: nl80211: Register frame type=0xd0 (WLAN_FC_STYPE_ACTION) nl_handle=0x7a18b2a32780 match=0104
10-03 13:55:01.061  2084  2084 D wpa_supplicant: nl80211: Register frame command failed (type=208): ret=-95 (Operation not supported on transport endpoint)
10-03 13:55:01.061  2084  2084 D wpa_supplicant: nl80211: Register frame match - hexdump(len=2): 01 04
10-03 13:55:01.061  2084  2084 D wpa_supplicant: nl80211: Register frame type=0xd0 (WLAN_FC_STYPE_ACTION) nl_handle=0x7a18b2a32780 match=040a
10-03 13:55:01.061  2084  2084 D wpa_supplicant: nl80211: Register frame command failed (type=208): ret=-95 (Operation not supported on transport endpoint)
10-03 13:55:01.061  2084  2084 D wpa_supplicant: nl80211: Register frame match - hexdump(len=2): 04 0a
10-03 13:55:01.061  2084  2084 D wpa_supplicant: nl80211: Register frame type=0xd0 (WLAN_FC_STYPE_ACTION) nl_handle=0x7a18b2a32780 match=040b
10-03 13:55:01.061  2084  2084 D wpa_supplicant: nl80211: Register frame command failed (type=208): ret=-95 (Operation not supported on transport endpoint)
10-03 13:55:01.061  2084  2084 D wpa_supplicant: nl80211: Register frame match - hexdump(len=2): 04 0b
10-03 13:55:01.061  2084  2084 D wpa_supplicant: nl80211: Register frame type=0xd0 (WLAN_FC_STYPE_ACTION) nl_handle=0x7a18b2a32780 match=040c
10-03 13:55:01.061  2084  2084 D wpa_supplicant: nl80211: Register frame command failed (type=208): ret=-95 (Operation not supported on transport endpoint)
10-03 13:55:01.061  2084  2084 D wpa_supplicant: nl80211: Register frame match - hexdump(len=2): 04 0c
10-03 13:55:01.061  2084  2084 D wpa_supplicant: nl80211: Register frame type=0xd0 (WLAN_FC_STYPE_ACTION) nl_handle=0x7a18b2a32780 match=040d
10-03 13:55:01.061  2084  2084 D wpa_supplicant: nl80211: Register frame command failed (type=208): ret=-95 (Operation not supported on transport endpoint)
10-03 13:55:01.061  2084  2084 D wpa_supplicant: nl80211: Register frame match - hexdump(len=2): 04 0d
10-03 13:55:01.061  2084  2084 D wpa_supplicant: nl80211: Register frame type=0xd0 (WLAN_FC_STYPE_ACTION) nl_handle=0x7a18b2a32780 match=090a
10-03 13:55:01.061  2084  2084 D wpa_supplicant: nl80211: Register frame command failed (type=208): ret=-95 (Operation not supported on transport endpoint)
10-03 13:55:01.061  2084  2084 D wpa_supplicant: nl80211: Register frame match - hexdump(len=2): 09 0a
10-03 13:55:01.061  2084  2084 D wpa_supplicant: nl80211: Register frame type=0xd0 (WLAN_FC_STYPE_ACTION) nl_handle=0x7a18b2a32780 match=090b
10-03 13:55:01.061  2084  2084 D wpa_supplicant: nl80211: Register frame command failed (type=208): ret=-95 (Operation not supported on transport endpoint)
10-03 13:55:01.061  2084  2084 D wpa_supplicant: nl80211: Register frame match - hexdump(len=2): 09 0b
10-03 13:55:01.061  2084  2084 D wpa_supplicant: nl80211: Register frame type=0xd0 (WLAN_FC_STYPE_ACTION) nl_handle=0x7a18b2a32780 match=090c
10-03 13:55:01.061  2084  2084 D wpa_supplicant: nl80211: Register frame command failed (type=208): ret=-95 (Operation not supported on transport endpoint)
10-03 13:55:01.061  2084  2084 D wpa_supplicant: nl80211: Register frame match - hexdump(len=2): 09 0c
10-03 13:55:01.061  2084  2084 D wpa_supplicant: nl80211: Register frame type=0xd0 (WLAN_FC_STYPE_ACTION) nl_handle=0x7a18b2a32780 match=090d
10-03 13:55:01.061  2084  2084 D wpa_supplicant: nl80211: Register frame command failed (type=208): ret=-95 (Operation not supported on transport endpoint)
10-03 13:55:01.061  2084  2084 D wpa_supplicant: nl80211: Register frame match - hexdump(len=2): 09 0d
10-03 13:55:01.061  2084  2084 D wpa_supplicant: nl80211: Register frame type=0xd0 (WLAN_FC_STYPE_ACTION) nl_handle=0x7a18b2a32780 match=0409506f9a09
10-03 13:55:01.061  2084  2084 D wpa_supplicant: nl80211: Register frame command failed (type=208): ret=-95 (Operation not supported on transport endpoint)
10-03 13:55:01.062  2084  2084 D wpa_supplicant: nl80211: Register frame match - hexdump(len=6): 04 09 50 6f 9a 09
10-03 13:55:01.062  2084  2084 D wpa_supplicant: nl80211: Register frame type=0xd0 (WLAN_FC_STYPE_ACTION) nl_handle=0x7a18b2a32780 match=7f506f9a09
10-03 13:55:01.062  2084  2084 D wpa_supplicant: nl80211: Register frame command failed (type=208): ret=-95 (Operation not supported on transport endpoint)
10-03 13:55:01.062  2084  2084 D wpa_supplicant: nl80211: Register frame match - hexdump(len=5): 7f 50 6f 9a 09
10-03 13:55:01.062  2084  2084 D wpa_supplicant: nl80211: Register frame type=0xd0 (WLAN_FC_STYPE_ACTION) nl_handle=0x7a18b2a32780 match=0801
10-03 13:55:01.062  2084  2084 D wpa_supplicant: nl80211: Register frame command failed (type=208): ret=-95 (Operation not supported on transport endpoint)
10-03 13:55:01.062  2084  2084 D wpa_supplicant: nl80211: Register frame match - hexdump(len=2): 08 01
10-03 13:55:01.062  2084  2084 D wpa_supplicant: nl80211: Register frame type=0xd0 (WLAN_FC_STYPE_ACTION) nl_handle=0x7a18b2a32780 match=06
10-03 13:55:01.062  2084  2084 D wpa_supplicant: nl80211: Register frame command failed (type=208): ret=-95 (Operation not supported on transport endpoint)
10-03 13:55:01.062  2084  2084 D wpa_supplicant: nl80211: Register frame match - hexdump(len=1): 06
10-03 13:55:01.062  2084  2084 D wpa_supplicant: nl80211: Register frame type=0xd0 (WLAN_FC_STYPE_ACTION) nl_handle=0x7a18b2a32780 match=0a07
10-03 13:55:01.062  2084  2084 D wpa_supplicant: nl80211: Register frame command failed (type=208): ret=-95 (Operation not supported on transport endpoint)
10-03 13:55:01.062  2084  2084 D wpa_supplicant: nl80211: Register frame match - hexdump(len=2): 0a 07
10-03 13:55:01.062  2084  2084 D wpa_supplicant: nl80211: Register frame type=0xd0 (WLAN_FC_STYPE_ACTION) nl_handle=0x7a18b2a32780 match=0a11
10-03 13:55:01.062  2084  2084 D wpa_supplicant: nl80211: Register frame command failed (type=208): ret=-95 (Operation not supported on transport endpoint)
10-03 13:55:01.062  2084  2084 D wpa_supplicant: nl80211: Register frame match - hexdump(len=2): 0a 11
10-03 13:55:01.062  2084  2084 D wpa_supplicant: nl80211: Register frame type=0xd0 (WLAN_FC_STYPE_ACTION) nl_handle=0x7a18b2a32780 match=0a1a
10-03 13:55:01.062  2084  2084 D wpa_supplicant: nl80211: Register frame command failed (type=208): ret=-95 (Operation not supported on transport endpoint)
10-03 13:55:01.062  2084  2084 D wpa_supplicant: nl80211: Register frame match - hexdump(len=2): 0a 1a
10-03 13:55:01.062  2084  2084 D wpa_supplicant: nl80211: Register frame type=0xd0 (WLAN_FC_STYPE_ACTION) nl_handle=0x7a18b2a32780 match=1101
10-03 13:55:01.062  2084  2084 D wpa_supplicant: nl80211: Register frame command failed (type=208): ret=-95 (Operation not supported on transport endpoint)
10-03 13:55:01.062  2084  2084 D wpa_supplicant: nl80211: Register frame match - hexdump(len=2): 11 01
10-03 13:55:01.062  2084  2084 D wpa_supplicant: nl80211: Register frame type=0xd0 (WLAN_FC_STYPE_ACTION) nl_handle=0x7a18b2a32780 match=1102
10-03 13:55:01.062  2084  2084 D wpa_supplicant: nl80211: Register frame command failed (type=208): ret=-95 (Operation not supported on transport endpoint)
10-03 13:55:01.062  2084  2084 D wpa_supplicant: nl80211: Register frame match - hexdump(len=2): 11 02
10-03 13:55:01.062  2084  2084 D wpa_supplicant: nl80211: Register frame type=0xd0 (WLAN_FC_STYPE_ACTION) nl_handle=0x7a18b2a32780 match=0505
10-03 13:55:01.062  2084  2084 D wpa_supplicant: nl80211: Register frame command failed (type=208): ret=-95 (Operation not supported on transport endpoint)
10-03 13:55:01.062  2084  2084 D wpa_supplicant: nl80211: Register frame match - hexdump(len=2): 05 05
10-03 13:55:01.062  2084  2084 D wpa_supplicant: nl80211: Register frame type=0xd0 (WLAN_FC_STYPE_ACTION) nl_handle=0x7a18b2a32780 match=0500
10-03 13:55:01.062  2084  2084 D wpa_supplicant: nl80211: Register frame command failed (type=208): ret=-95 (Operation not supported on transport endpoint)
10-03 13:55:01.062  2084  2084 D wpa_supplicant: nl80211: Register frame match - hexdump(len=2): 05 00
10-03 13:55:01.062  2084  2084 D wpa_supplicant: nl80211: Failed to register Action frame processing - ignore for now
10-03 13:55:01.062  2084  2084 D wpa_supplicant: rfkill: initial event: idx=0 type=1 op=0 soft=0 hard=0
10-03 13:55:01.062  2084  2084 D wpa_supplicant: netlink: Operstate: ifindex=5 linkmode=1 (userspace-control), operstate=5 (IF_OPER_DORMANT)
10-03 13:55:01.062  2084  2084 D wpa_supplicant: Add interface wlan0 to a new radio phy0
10-03 13:55:01.064  2084  2084 D wpa_supplicant: nl80211: Regulatory information - country=00
10-03 13:55:01.064  2084  2084 D wpa_supplicant: nl80211: 2402-2472 @ 40 MHz 20 mBm
10-03 13:55:01.064  2084  2084 D wpa_supplicant: nl80211: 2457-2482 @ 20 MHz 20 mBm (no IR)
10-03 13:55:01.064  2084  2084 D wpa_supplicant: nl80211: 2474-2494 @ 20 MHz 20 mBm (no OFDM) (no IR)
10-03 13:55:01.064  2084  2084 D wpa_supplicant: nl80211: 5170-5250 @ 80 MHz 20 mBm (no IR)
10-03 13:55:01.064  2084  2084 D wpa_supplicant: nl80211: 5250-5330 @ 80 MHz 20 mBm (DFS) (no IR)
10-03 13:55:01.064  2084  2084 D wpa_supplicant: nl80211: 5490-5730 @ 160 MHz 20 mBm (DFS) (no IR)
10-03 13:55:01.064  2084  2084 D wpa_supplicant: nl80211: 5735-5835 @ 80 MHz 20 mBm (no IR)
10-03 13:55:01.064  2084  2084 D wpa_supplicant: nl80211: 57240-63720 @ 2160 MHz 0 mBm
10-03 13:55:01.064  2084  2084 D wpa_supplicant: nl80211: Added 802.11b mode based on 802.11g information
10-03 13:55:01.069  1767  2043 E OMXNodeInstance: getExtensionIndex(0xebf21140:google.hevc.decoder, OMX.google.android.index.configureVideoTunnelMode) ERROR: UnsupportedIndex(0x8000101a)
10-03 13:55:01.069  1767  2043 E OMXNodeInstance: getExtensionIndex(0xebf21140:google.hevc.decoder, OMX.google.android.index.enableAndroidNativeBuffers) ERROR: UnsupportedIndex(0x8000101a)
10-03 13:55:01.071  1764  1830 I OMXClient: Treble IOmx obtained
10-03 13:55:01.071  1767  2043 I OMXMaster: makeComponentInstance(OMX.ffmpeg.mpeg2.decoder) in omx@1.0-service process
10-03 13:55:01.072  1767  2043 D SoftFFmpegVideo: SoftFFmpegVideo component: OMX.ffmpeg.mpeg2.decoder codingType=2 appData: 0xebf38a00
10-03 13:55:01.072  1767  2043 D SoftFFmpegVideo: 0xebf6da00 initDecoder: 0xe89c5c00
10-03 13:55:01.072  2084  2084 D wpa_supplicant: wlan0: Own MAC address: 00:50:56:a6:b7:c9
10-03 13:55:01.072  2084  2084 D wpa_supplicant: wpa_driver_nl80211_set_key: ifindex=5 (wlan0) alg=0 addr=0x0 key_idx=0 set_tx=0 seq_len=0 key_len=0
10-03 13:55:01.072  2084  2084 D wpa_supplicant: nl80211: set_key failed; err=-95 Operation not supported on transport endpoint)
10-03 13:55:01.072  2084  2084 D wpa_supplicant: wpa_driver_nl80211_set_key: ifindex=5 (wlan0) alg=0 addr=0x0 key_idx=1 set_tx=0 seq_len=0 key_len=0
10-03 13:55:01.072  2084  2084 D wpa_supplicant: nl80211: set_key failed; err=-95 Operation not supported on transport endpoint)
10-03 13:55:01.073  2084  2084 D wpa_supplicant: wpa_driver_nl80211_set_key: ifindex=5 (wlan0) alg=0 addr=0x0 key_idx=2 set_tx=0 seq_len=0 key_len=0
10-03 13:55:01.073  2084  2084 D wpa_supplicant: nl80211: set_key failed; err=-95 Operation not supported on transport endpoint)
10-03 13:55:01.073  2084  2084 D wpa_supplicant: wpa_driver_nl80211_set_key: ifindex=5 (wlan0) alg=0 addr=0x0 key_idx=3 set_tx=0 seq_len=0 key_len=0
10-03 13:55:01.073  2084  2084 D wpa_supplicant: nl80211: set_key failed; err=-95 Operation not supported on transport endpoint)
10-03 13:55:01.073  2084  2084 D wpa_supplicant: wpa_driver_nl80211_set_key: ifindex=5 (wlan0) alg=0 addr=0x0 key_idx=4 set_tx=0 seq_len=0 key_len=0
10-03 13:55:01.073  2084  2084 D wpa_supplicant: nl80211: set_key failed; err=-22 Invalid argument)
10-03 13:55:01.073  1767  2043 E OMXNodeInstance: getExtensionIndex(0xebf21140:ffmpeg.mpeg2.decoder, OMX.google.android.index.configureVideoTunnelMode) ERROR: UnsupportedIndex(0x8000101a)
10-03 13:55:01.073  2084  2084 D wpa_supplicant: wpa_driver_nl80211_set_key: ifindex=5 (wlan0) alg=0 addr=0x0 key_idx=5 set_tx=0 seq_len=0 key_len=0
10-03 13:55:01.073  2084  2084 D wpa_supplicant: nl80211: set_key failed; err=-22 Invalid argument)
10-03 13:55:01.073  2084  2084 D wpa_supplicant: wlan0: RSN: flushing PMKID list in the driver
10-03 13:55:01.073  2084  2084 D wpa_supplicant: nl80211: Flush PMKIDs
10-03 13:55:01.073  2084  2084 D wpa_supplicant: wlan0: State: DISCONNECTED -> INACTIVE
10-03 13:55:01.073  2084  2084 D wpa_supplicant: Notifying state change event to hidl control: 2
10-03 13:55:01.073  1767  2043 E OMXNodeInstance: getExtensionIndex(0xebf21140:ffmpeg.mpeg2.decoder, OMX.google.android.index.enableAndroidNativeBuffers) ERROR: UnsupportedIndex(0x8000101a)
10-03 13:55:01.076  1767  2043 D SoftFFmpegVideo: 0xebf6da00 deInitDecoder: 0xe89c5c00
10-03 13:55:01.076  1764  1830 I OMXClient: Treble IOmx obtained
10-03 13:55:01.076  1767  2043 I OMXMaster: makeComponentInstance(OMX.ffmpeg.mpeg4.decoder) in omx@1.0-service process
10-03 13:55:01.077  1767  2043 D SoftFFmpegVideo: SoftFFmpegVideo component: OMX.ffmpeg.mpeg4.decoder codingType=4 appData: 0xebf38a00
10-03 13:55:01.077  1767  2043 D SoftFFmpegVideo: 0xebf6da00 initDecoder: 0xe89c5c00
10-03 13:55:01.077  1767  2043 E OMXNodeInstance: getExtensionIndex(0xebf21140:ffmpeg.mpeg4.decoder, OMX.google.android.index.configureVideoTunnelMode) ERROR: UnsupportedIndex(0x8000101a)
10-03 13:55:01.077  1767  2043 E OMXNodeInstance: getExtensionIndex(0xebf21140:ffmpeg.mpeg4.decoder, OMX.google.android.index.enableAndroidNativeBuffers) ERROR: UnsupportedIndex(0x8000101a)
10-03 13:55:01.078  1767  2043 D SoftFFmpegVideo: 0xebf6da00 deInitDecoder: 0xe89c5c00
10-03 13:55:01.079  2084  2084 D wpa_supplicant: TDLS: TDLS operation not supported by driver
10-03 13:55:01.079  2084  2084 D wpa_supplicant: TDLS: Driver uses internal link setup
10-03 13:55:01.079  2084  2084 D wpa_supplicant: TDLS: Driver does not support TDLS channel switching
10-03 13:55:01.079  2084  2084 D wpa_supplicant: wlan0: WPS: UUID based on MAC address: 2f2676d4-ad74-54e5-b3bc-7695b99b4529
10-03 13:55:01.080  2084  2084 D wpa_supplicant: EAPOL: SUPP_PAE entering state DISCONNECTED
10-03 13:55:01.080  2084  2084 D wpa_supplicant: EAPOL: Supplicant port status: Unauthorized
10-03 13:55:01.080  2084  2084 D wpa_supplicant: nl80211: Skip set_supp_port(unauthorized) while not associated
10-03 13:55:01.080  2084  2084 D wpa_supplicant: EAPOL: KEY_RX entering state NO_KEY_RECEIVE
10-03 13:55:01.080  2084  2084 D wpa_supplicant: EAPOL: SUPP_BE entering state INITIALIZE
10-03 13:55:01.080  2084  2084 D wpa_supplicant: EAP: EAP entering state DISABLED
10-03 13:55:01.080  2084  2084 D wpa_supplicant: Using existing control interface directory.
10-03 13:55:01.080  1764  1830 I OMXClient: Treble IOmx obtained
10-03 13:55:01.080  1767  2043 I OMXMaster: makeComponentInstance(OMX.google.mpeg4.decoder) in omx@1.0-service process
10-03 13:55:01.081  2084  2084 D wpa_supplicant: ctrl_iface bind(PF_UNIX) failed: Address already in use
10-03 13:55:01.081  2084  2084 D wpa_supplicant: ctrl_iface exists, but does not allow connections - assuming it was leftover from forced program termination
10-03 13:55:01.081  2084  2084 D wpa_supplicant: Successfully replaced leftover ctrl_iface socket '/data/misc/wifi/sockets/wlan0'
10-03 13:55:01.081  2084  2084 D wpa_supplicant: Registering interface to hidl control: wlan0
10-03 13:55:01.081  2084  2084 D wpa_supplicant: wlan0: Added interface wlan0
10-03 13:55:01.081  2084  2084 D wpa_supplicant: wlan0: State: INACTIVE -> DISCONNECTED
10-03 13:55:01.081  2084  2084 D wpa_supplicant: nl80211: Set wlan0 operstate 0->0 (DORMANT)
10-03 13:55:01.081  2084  2084 D wpa_supplicant: netlink: Operstate: ifindex=5 linkmode=-1 (no change), operstate=5 (IF_OPER_DORMANT)
10-03 13:55:01.081  2084  2084 D wpa_supplicant: Notifying state change event to hidl control: 0
10-03 13:55:01.081  2084  2084 D wpa_supplicant: random: Got 20/20 bytes from /dev/random
10-03 13:55:01.081  2084  2084 D wpa_supplicant: Get randomness: len=20 entropy=0
10-03 13:55:01.081  2084  2084 D wpa_supplicant: random: Updated entropy file /data/misc/wifi/entropy.bin (own_pool_ready=2)
10-03 13:55:01.081  1767  2043 E OMXNodeInstance: getExtensionIndex(0xebf21140:google.mpeg4.decoder, OMX.google.android.index.configureVideoTunnelMode) ERROR: UnsupportedIndex(0x8000101a)
10-03 13:55:01.081  2084  2084 D wpa_supplicant: RTM_NEWLINK: ifi_index=5 ifname=wlan0 operstate=0 linkmode=0 ifi_family=0 ifi_flags=0x11043 ([UP][RUNNING][LOWER_UP])
10-03 13:55:01.081  1767  2043 E OMXNodeInstance: getExtensionIndex(0xebf21140:google.mpeg4.decoder, OMX.google.android.index.enableAndroidNativeBuffers) ERROR: UnsupportedIndex(0x8000101a)
10-03 13:55:01.082  2084  2084 D wpa_supplicant: RTM_NEWLINK: ifi_index=5 ifname=wlan0 operstate=5 linkmode=0 ifi_family=0 ifi_flags=0x11003 ([UP][LOWER_UP])
10-03 13:55:01.082  2084  2084 D wpa_supplicant: RTM_NEWLINK: ifi_index=5 ifname=wlan0 operstate=5 linkmode=1 ifi_family=0 ifi_flags=0x11003 ([UP][LOWER_UP])
10-03 13:55:01.083  1764  1830 I OMXClient: Treble IOmx obtained
10-03 13:55:01.083  1767  2043 I OMXMaster: makeComponentInstance(OMX.ffmpeg.rv.decoder) in omx@1.0-service process
10-03 13:55:01.083  1767  2043 D SoftFFmpegVideo: SoftFFmpegVideo component: OMX.ffmpeg.rv.decoder codingType=6 appData: 0xebf38a00
10-03 13:55:01.083  1767  2043 D SoftFFmpegVideo: 0xebf6da00 initDecoder: 0xe89c5c00
10-03 13:55:01.084  1767  2043 E OMXNodeInstance: getExtensionIndex(0xebf21140:ffmpeg.rv.decoder, OMX.google.android.index.configureVideoTunnelMode) ERROR: UnsupportedIndex(0x8000101a)
10-03 13:55:01.084  1767  2043 E OMXNodeInstance: getExtensionIndex(0xebf21140:ffmpeg.rv.decoder, OMX.google.android.index.enableAndroidNativeBuffers) ERROR: UnsupportedIndex(0x8000101a)
10-03 13:55:01.086  1767  2043 D SoftFFmpegVideo: 0xebf6da00 deInitDecoder: 0xe89c5c00
10-03 13:55:01.087  1764  1830 I OMXClient: Treble IOmx obtained
10-03 13:55:01.087  1767  2043 I OMXMaster: makeComponentInstance(OMX.ffmpeg.vtrial.decoder) in omx@1.0-service process
10-03 13:55:01.087  1767  2043 D SoftFFmpegVideo: SoftFFmpegVideo component: OMX.ffmpeg.vtrial.decoder codingType=1 appData: 0xebf38a00
10-03 13:55:01.087  1767  2043 D SoftFFmpegVideo: 0xebf6da00 initDecoder: 0xe89c5c00
10-03 13:55:01.088  1767  2043 E OMXNodeInstance: getExtensionIndex(0xebf21140:ffmpeg.vtrial.decoder, OMX.google.android.index.configureVideoTunnelMode) ERROR: UnsupportedIndex(0x8000101a)
10-03 13:55:01.088  1767  2043 E OMXNodeInstance: getExtensionIndex(0xebf21140:ffmpeg.vtrial.decoder, OMX.google.android.index.enableAndroidNativeBuffers) ERROR: UnsupportedIndex(0x8000101a)
10-03 13:55:01.088  1767  2043 D SoftFFmpegVideo: 0xebf6da00 deInitDecoder: 0xe89c5c00
10-03 13:55:01.089  1764  1830 I OMXClient: Treble IOmx obtained
10-03 13:55:01.089  1767  2043 I OMXMaster: makeComponentInstance(OMX.ffmpeg.vc1.decoder) in omx@1.0-service process
10-03 13:55:01.089  1767  2043 D SoftFFmpegVideo: SoftFFmpegVideo component: OMX.ffmpeg.vc1.decoder codingType=2130706433 appData: 0xebf38a00
10-03 13:55:01.089  1767  2043 D SoftFFmpegVideo: 0xebf6da00 initDecoder: 0xe89c5c00
10-03 13:55:01.090  1767  1813 E OMXNodeInstance: getExtensionIndex(0xebf21140:ffmpeg.vc1.decoder, OMX.google.android.index.configureVideoTunnelMode) ERROR: UnsupportedIndex(0x8000101a)
10-03 13:55:01.090  1767  1813 E OMXNodeInstance: getExtensionIndex(0xebf21140:ffmpeg.vc1.decoder, OMX.google.android.index.enableAndroidNativeBuffers) ERROR: UnsupportedIndex(0x8000101a)
10-03 13:55:01.091  1767  1813 D SoftFFmpegVideo: 0xebf6da00 deInitDecoder: 0xe89c5c00
10-03 13:55:01.093  1764  1830 I OMXClient: Treble IOmx obtained
10-03 13:55:01.093  1767  1813 I OMXMaster: makeComponentInstance(OMX.ffmpeg.vp8.decoder) in omx@1.0-service process
10-03 13:55:01.093  1767  1813 D SoftFFmpegVideo: SoftFFmpegVideo component: OMX.ffmpeg.vp8.decoder codingType=9 appData: 0xebf38a00
10-03 13:55:01.093  1767  1813 D SoftFFmpegVideo: 0xebf6da00 initDecoder: 0xe89c5c00
10-03 13:55:01.094  1767  1813 E OMXNodeInstance: getExtensionIndex(0xebf21140:ffmpeg.vp8.decoder, OMX.google.android.index.configureVideoTunnelMode) ERROR: UnsupportedIndex(0x8000101a)
10-03 13:55:01.094  1767  1813 E OMXNodeInstance: getExtensionIndex(0xebf21140:ffmpeg.vp8.decoder, OMX.google.android.index.enableAndroidNativeBuffers) ERROR: UnsupportedIndex(0x8000101a)
10-03 13:55:01.094  1767  1813 D SoftFFmpegVideo: 0xebf6da00 deInitDecoder: 0xe89c5c00
10-03 13:55:01.095  1764  1830 I OMXClient: Treble IOmx obtained
10-03 13:55:01.095  1767  1813 I OMXMaster: makeComponentInstance(OMX.google.vp8.decoder) in omx@1.0-service process
10-03 13:55:01.102  1866  1884 E BatteryExternalStatsWorker: no controller energy info supplied for wifi
10-03 13:55:01.102  1767  1813 E OMXNodeInstance: getExtensionIndex(0xebf21140:google.vp8.decoder, OMX.google.android.index.configureVideoTunnelMode) ERROR: UnsupportedIndex(0x8000101a)
10-03 13:55:01.102  1767  1813 E OMXNodeInstance: getExtensionIndex(0xebf21140:google.vp8.decoder, OMX.google.android.index.enableAndroidNativeBuffers) ERROR: UnsupportedIndex(0x8000101a)
10-03 13:55:01.102  1866  1884 E BatteryExternalStatsWorker: no controller energy info supplied for wifi
10-03 13:55:01.103  1764  1830 I OMXClient: Treble IOmx obtained
10-03 13:55:01.103  1767  1813 I OMXMaster: makeComponentInstance(OMX.google.vp9.decoder) in omx@1.0-service process
10-03 13:55:01.104  1767  1813 E OMXNodeInstance: getExtensionIndex(0xebf21140:google.vp9.decoder, OMX.google.android.index.configureVideoTunnelMode) ERROR: UnsupportedIndex(0x8000101a)
10-03 13:55:01.104  1767  1813 E OMXNodeInstance: getExtensionIndex(0xebf21140:google.vp9.decoder, OMX.google.android.index.enableAndroidNativeBuffers) ERROR: UnsupportedIndex(0x8000101a)
10-03 13:55:01.105  1764  1830 I OMXClient: Treble IOmx obtained
10-03 13:55:01.105  1767  1813 I OMXMaster: makeComponentInstance(OMX.google.h264.encoder) in omx@1.0-service process
10-03 13:55:01.110  1764  1830 W OMXUtils: do not know color format 0x7f000789 = 2130708361
10-03 13:55:01.111  1764  1830 I OMXClient: Treble IOmx obtained
10-03 13:55:01.111  1767  1813 I OMXMaster: makeComponentInstance(OMX.google.h263.encoder) in omx@1.0-service process
10-03 13:55:01.113  1767  1813 I SoftMPEG4Encoder: Construct SoftMPEG4Encoder
10-03 13:55:01.114  1764  1830 W OMXUtils: do not know color format 0x7f000789 = 2130708361
10-03 13:55:01.114  1767  1813 E OMXNodeInstance: getConfig(0xebf21140:google.h263.encoder, ConfigAndroidIntraRefresh(0x6f60000a)) ERROR: Undefined(0x80001001)
10-03 13:55:01.115  1764  1830 I OMXClient: Treble IOmx obtained
10-03 13:55:01.115  1767  1813 I OMXMaster: makeComponentInstance(OMX.google.mpeg4.encoder) in omx@1.0-service process
10-03 13:55:01.115  1767  1813 I SoftMPEG4Encoder: Construct SoftMPEG4Encoder
10-03 13:55:01.116  1764  1830 W OMXUtils: do not know color format 0x7f000789 = 2130708361
10-03 13:55:01.116  1767  1813 E OMXNodeInstance: getConfig(0xebf21140:google.mpeg4.encoder, ConfigAndroidIntraRefresh(0x6f60000a)) ERROR: Undefined(0x80001001)
10-03 13:55:01.117  1764  1830 I OMXClient: Treble IOmx obtained
10-03 13:55:01.117  1767  1813 I OMXMaster: makeComponentInstance(OMX.google.vp8.encoder) in omx@1.0-service process
10-03 13:55:01.126  1764  1830 W OMXUtils: do not know color format 0x7f000789 = 2130708361
10-03 13:55:01.126  1767  1813 E OMXNodeInstance: getConfig(0xebf21140:google.vp8.encoder, ConfigAndroidIntraRefresh(0x6f60000a)) ERROR: Undefined(0x80001001)
10-03 13:55:01.131  1764  1830 I OMXClient: Treble IOmx obtained
10-03 13:55:01.131  1767  2043 I OMXMaster: makeComponentInstance(OMX.google.vp9.encoder) in omx@1.0-service process
10-03 13:55:01.132  1764  1830 W OMXUtils: do not know color format 0x7f000789 = 2130708361
10-03 13:55:01.132  1767  2043 E OMXNodeInstance: getConfig(0xebf21440:google.vp9.encoder, ConfigAndroidIntraRefresh(0x6f60000a)) ERROR: Undefined(0x80001001)
10-03 13:55:01.134  1970  2138 I vol.Events: writeEvent level_changed STREAM_VOICE_CALL 4
10-03 13:55:01.134  1970  2138 I vol.Events: writeEvent level_changed STREAM_SYSTEM 5
10-03 13:55:01.134  1970  2138 I vol.Events: writeEvent level_changed STREAM_RING 5
10-03 13:55:01.135  1970  2138 I vol.Events: writeEvent level_changed STREAM_MUSIC 5
10-03 13:55:01.135  1866  2014 I chatty  : uid=1000 system_server expire 1 line
10-03 13:55:01.135  1970  2138 I vol.Events: writeEvent level_changed STREAM_ALARM 6
10-03 13:55:01.136  1767  1813 I OMXMaster: makeComponentInstance(OMX.google.vorbis.decoder) in omx@1.0-service process
10-03 13:55:01.136  1970  2108 I OMXClient: Treble IOmx obtained
10-03 13:55:01.136  1970  2138 I vol.Events: writeEvent level_changed STREAM_BLUETOOTH_SCO 7
10-03 13:55:01.137  1767  2043 E OMXNodeInstance: getConfig(0xebf21140:google.vorbis.decoder, ConfigAndroidVendorExtension(0x6f100004)) ERROR: Undefined(0x80001001)
10-03 13:55:01.137  1767  1812 I OMXMaster: makeComponentInstance(OMX.google.vorbis.decoder) in omx@1.0-service process
10-03 13:55:01.138  1735  1735 W /system/bin/hw/android.hidl.allocator@1.0-service: ashmem_create_region(32768) returning hidl_memory(0x73e0ade2b2d0, 32768)
10-03 13:55:01.139  1767  1812 E OMXNodeInstance: getConfig(0xebb1b1e0:google.vorbis.decoder, ConfigAndroidVendorExtension(0x6f100004)) ERROR: Undefined(0x80001001)
10-03 13:55:01.140  1735  1735 W /system/bin/hw/android.hidl.allocator@1.0-service: ashmem_create_region(32768) returning hidl_memory(0x73e0ade2b2d0, 32768)
10-03 13:55:01.141  1970  1970 D SystemUIBootTiming: StartServicesVolumeUI took to complete: 267ms
10-03 13:55:01.148  1970  2223 D OpenGLRenderer: HWUI GL Pipeline
10-03 13:55:01.151  1970  1970 D SystemUIBootTiming: StartServicesDivider took to complete: 10ms
10-03 13:55:01.156  1735  1735 W /system/bin/hw/android.hidl.allocator@1.0-service: ashmem_create_region(32768) returning hidl_memory(0x73e0ade2b2d0, 32768)
10-03 13:55:01.161  1735  1735 I chatty  : uid=1000(system) allocator@1.0-s identical 70 lines
10-03 13:55:01.161  1735  1735 W /system/bin/hw/android.hidl.allocator@1.0-service: ashmem_create_region(32768) returning hidl_memory(0x73e0ade2b2d0, 32768)
10-03 13:55:01.161  1866  2046 I chatty  : uid=1000(system) Binder:1866_3 expire 9 lines
10-03 13:55:01.161  1735  1735 W /system/bin/hw/android.hidl.allocator@1.0-service: ashmem_create_region(32768) returning hidl_memory(0x73e0ade2b2d0, 32768)
10-03 13:55:01.162  1735  1735 W /system/bin/hw/android.hidl.allocator@1.0-service: ashmem_create_region(32768) returning hidl_memory(0x73e0ade2b2d0, 32768)
10-03 13:55:01.165  1735  1735 W /system/bin/hw/android.hidl.allocator@1.0-service: ashmem_create_region(32768) returning hidl_memory(0x73e0ade2b2d0, 32768)
10-03 13:55:01.166  1735  1735 W /system/bin/hw/android.hidl.allocator@1.0-service: ashmem_create_region(32768) returning hidl_memory(0x73e0ade2b2d0, 32768)
10-03 13:55:01.166  2051  2051 D PhoneSwitcherNetworkRequstListener: Registering NetworkFactory
10-03 13:55:01.166  1866  1944 D ConnectivityService: Got NetworkFactory Messenger for PhoneSwitcherNetworkRequstListener
10-03 13:55:01.175  1866  1944 D ConnectivityService: Got NetworkFactory Messenger for TelephonyNetworkFactory[0]
10-03 13:55:01.180  1866  1948 I chatty  : uid=1000(system) notification-sq expire 1 line
10-03 13:55:01.182  1866  2231 I chatty  : uid=1000 system_server expire 1 line
10-03 13:55:01.182  1767  2043 I OMXMaster: makeComponentInstance(OMX.google.vorbis.decoder) in omx@1.0-service process
10-03 13:55:01.183  1767  2043 E OMXNodeInstance: getConfig(0xebb1b1e0:google.vorbis.decoder, ConfigAndroidVendorExtension(0x6f100004)) ERROR: Undefined(0x80001001)
10-03 13:55:01.184  1735  1735 W /system/bin/hw/android.hidl.allocator@1.0-service: ashmem_create_region(32768) returning hidl_memory(0x73e0ade2b2d0, 32768)
10-03 13:55:01.185  1735  1735 W /system/bin/hw/android.hidl.allocator@1.0-service: ashmem_create_region(32768) returning hidl_memory(0x73e0ade2b2d0, 32768)
10-03 13:55:01.186  2051  2234 E ActivityThread: Failed to find provider info for com.android.contacts
10-03 13:55:01.186  2051  2234 W CallerInfoCache: cursor is null
10-03 13:55:01.186  1735  1735 W /system/bin/hw/android.hidl.allocator@1.0-service: ashmem_create_region(32768) returning hidl_memory(0x73e0ade2b2d0, 32768)
10-03 13:55:01.186  1735  1735 W /system/bin/hw/android.hidl.allocator@1.0-service: ashmem_create_region(32768) returning hidl_memory(0x73e0ade2b2d0, 32768)
10-03 13:55:01.189  2051  2051 D CarrierConfigLoader: CarrierConfigLoader has started
10-03 13:55:01.190  1866  1878 D BluetoothManagerService: Trying to bind to profile: 1, while Bluetooth was disabled
10-03 13:55:01.191  1735  1735 W /system/bin/hw/android.hidl.allocator@1.0-service: ashmem_create_region(32768) returning hidl_memory(0x73e0ade2b2d0, 32768)
10-03 13:55:01.192  1735  1735 W /system/bin/hw/android.hidl.allocator@1.0-service: ashmem_create_region(32768) returning hidl_memory(0x73e0ade2b2d0, 32768)
10-03 13:55:01.195  1970  2236 I OMXClient: Treble IOmx obtained
10-03 13:55:01.195  1767  2220 I OMXMaster: makeComponentInstance(OMX.google.vorbis.decoder) in omx@1.0-service process
10-03 13:55:01.195  1866  1878 W WallpaperManagerService: Cannot extract colors because wallpaper could not be read.
10-03 13:55:01.195  1866  1878 W WallpaperManagerService: Cannot extract colors because wallpaper could not be read.
10-03 13:55:01.196  1767  2220 E OMXNodeInstance: getConfig(0xebb1b060:google.vorbis.decoder, ConfigAndroidVendorExtension(0x6f100004)) ERROR: Undefined(0x80001001)
10-03 13:55:01.197  1735  1735 W /system/bin/hw/android.hidl.allocator@1.0-service: ashmem_create_region(32768) returning hidl_memory(0x73e0ade2b2d0, 32768)
10-03 13:55:01.201  1735  1735 W /system/bin/hw/android.hidl.allocator@1.0-service: ashmem_create_region(32768) returning hidl_memory(0x73e0ade2b2d0, 32768)
10-03 13:55:01.201  1970  1970 D StatusBar: disable<e i a s b h r c s q >
10-03 13:55:01.202  1866  1878 I StatusBarManagerService: registerStatusBar bar=com.android.internal.statusbar.IStatusBar$Stub$Proxy@5df9ed7
10-03 13:55:01.204  2051  2051 W TelecomManager: Telecom Service not found.
10-03 13:55:01.204  2051  2051 I TelecomFramework: TtyManager: updateUiTtyMode -1 -> 0
10-03 13:55:01.205  1735  1735 W /system/bin/hw/android.hidl.allocator@1.0-service: ashmem_create_region(32768) returning hidl_memory(0x73e0ade2b2d0, 32768)
10-03 13:55:01.207  1735  1735 W /system/bin/hw/android.hidl.allocator@1.0-service: ashmem_create_region(32768) returning hidl_memory(0x73e0ade2b2d0, 32768)
10-03 13:55:01.207  2051  2051 D ImsResolver: maybeAddedImsService, packageName: null
10-03 13:55:01.215  1866  2244 I chatty  : uid=1000 system_server expire 1 line
10-03 13:55:01.215  1767  2220 I OMXMaster: makeComponentInstance(OMX.google.vorbis.decoder) in omx@1.0-service process
10-03 13:55:01.217  1767  2043 E OMXNodeInstance: getConfig(0xebb1b1e0:google.vorbis.decoder, ConfigAndroidVendorExtension(0x6f100004)) ERROR: Undefined(0x80001001)
10-03 13:55:01.218  1735  1735 W /system/bin/hw/android.hidl.allocator@1.0-service: ashmem_create_region(32768) returning hidl_memory(0x73e0ade2b2d0, 32768)
10-03 13:55:01.219  1735  1735 W /system/bin/hw/android.hidl.allocator@1.0-service: ashmem_create_region(32768) returning hidl_memory(0x73e0ade2b2d0, 32768)
10-03 13:55:01.219  2051  2051 D ServiceStateProvider: subId=-2
10-03 13:55:01.220  1735  1735 W /system/bin/hw/android.hidl.allocator@1.0-service: ashmem_create_region(32768) returning hidl_memory(0x73e0ade2b2d0, 32768)
10-03 13:55:01.229  1735  1735 W /system/bin/hw/android.hidl.allocator@1.0-service: ashmem_create_region(32768) returning hidl_memory(0x73e0ade2b2d0, 32768)
10-03 13:55:01.234  1735  1735 W /system/bin/hw/android.hidl.allocator@1.0-service: ashmem_create_region(32768) returning hidl_memory(0x73e0ade2b2d0, 32768)
10-03 13:55:01.238  1735  1735 W /system/bin/hw/android.hidl.allocator@1.0-service: ashmem_create_region(32768) returning hidl_memory(0x73e0ade2b2d0, 32768)
10-03 13:55:01.239  1735  1735 W /system/bin/hw/android.hidl.allocator@1.0-service: ashmem_create_region(32768) returning hidl_memory(0x73e0ade2b2d0, 32768)
10-03 13:55:01.240  1970  2247 I OMXClient: Treble IOmx obtained
10-03 13:55:01.240  1767  2220 I OMXMaster: makeComponentInstance(OMX.google.vorbis.decoder) in omx@1.0-service process
10-03 13:55:01.241  1767  2220 E OMXNodeInstance: getConfig(0xebb1b120:google.vorbis.decoder, ConfigAndroidVendorExtension(0x6f100004)) ERROR: Undefined(0x80001001)
10-03 13:55:01.244  1735  1735 W /system/bin/hw/android.hidl.allocator@1.0-service: ashmem_create_region(32768) returning hidl_memory(0x73e0ade2b2d0, 32768)
10-03 13:55:01.247  1735  1735 W /system/bin/hw/android.hidl.allocator@1.0-service: ashmem_create_region(32768) returning hidl_memory(0x73e0ade2b2d0, 32768)
10-03 13:55:01.253  1735  1735 W /system/bin/hw/android.hidl.allocator@1.0-service: ashmem_create_region(32768) returning hidl_memory(0x73e0ade2b2d0, 32768)
10-03 13:55:01.254  1735  1735 W /system/bin/hw/android.hidl.allocator@1.0-service: ashmem_create_region(32768) returning hidl_memory(0x73e0ade2b2d0, 32768)
10-03 13:55:01.254  1970  2250 I SecurityController: could not bind to KeyChainService
10-03 13:55:01.254  1735  1735 W /system/bin/hw/android.hidl.allocator@1.0-service: ashmem_create_region(32768) returning hidl_memory(0x73e0ade2b2d0, 32768)
10-03 13:55:01.258  1866  2252 I chatty  : uid=1000 system_server expire 1 line
10-03 13:55:01.258  1767  2251 I OMXMaster: makeComponentInstance(OMX.google.vorbis.decoder) in omx@1.0-service process
10-03 13:55:01.259  1767  2220 E OMXNodeInstance: getConfig(0xebf21200:google.vorbis.decoder, ConfigAndroidVendorExtension(0x6f100004)) ERROR: Undefined(0x80001001)
10-03 13:55:01.260  1735  1735 W /system/bin/hw/android.hidl.allocator@1.0-service: ashmem_create_region(32768) returning hidl_memory(0x73e0ade2b2d0, 32768)
10-03 13:55:01.262  1735  1735 W /system/bin/hw/android.hidl.allocator@1.0-service: ashmem_create_region(32768) returning hidl_memory(0x73e0ade2b2d0, 32768)
10-03 13:55:01.264  2051  2051 D PhoneSwitcherNetworkRequstListener: got request NetworkRequest [ REQUEST id=1, [ Capabilities: INTERNET&NOT_RESTRICTED&TRUSTED&NOT_VPN] ] with score 0
10-03 13:55:01.264  2051  2051 D PhoneSwitcherNetworkRequstListener: got request NetworkRequest [ TRACK_DEFAULT id=3, [ Capabilities: INTERNET&NOT_RESTRICTED&TRUSTED&NOT_VPN] ] with score 0
10-03 13:55:01.264  2051  2051 D PhoneSwitcherNetworkRequstListener: got request NetworkRequest [ TRACK_DEFAULT id=5, [ Capabilities: INTERNET&NOT_RESTRICTED&TRUSTED&NOT_VPN] ] with score 0
10-03 13:55:01.264  2051  2051 D TelephonyDebugService: TelephonyDebugService()
10-03 13:55:01.266  2051  2051 D CarrierConfigLoader: mHandler: 12 phoneId: 0
10-03 13:55:01.267  1735  1735 W /system/bin/hw/android.hidl.allocator@1.0-service: ashmem_create_region(32768) returning hidl_memory(0x73e0ade2b2d0, 32768)
10-03 13:55:01.268  1735  1735 W /system/bin/hw/android.hidl.allocator@1.0-service: ashmem_create_region(32768) returning hidl_memory(0x73e0ade2b2d0, 32768)
10-03 13:55:01.268  2051  2051 E PhoneInterfaceManager: [PhoneIntfMgr] getIccId: No UICC
10-03 13:55:01.270  2051  2051 D OpenGLRenderer: HWUI GL Pipeline
10-03 13:55:01.271  1970  1970 I CameraManagerGlobal: Connecting to camera service
10-03 13:55:01.273  2051  2051 W TelecomManager: Telecom Service not found.
10-03 13:55:01.274  2051  2051 I TelecomFramework: AccountEntry: Registered phoneAccount: [[ ] PhoneAccount: ComponentInfo{com.android.phone/com.android.services.telephony.TelephonyConnectionService}, [e0184adedf913b076626646d3f52c3b49c39ad6d], UserHandle{0} Capabilities: CallProvider MultiUser PlaceEmerg SimSub  Audio Routes: BESW Schemes: tel voicemail  Extras: Bundle[{android.telecom.extra.SUPPORTS_VIDEO_CALLING_FALLBACK=false}] GroupId: [da39a3ee5e6b4b0d3255bfef95601890afd80709]] with handle: ComponentInfo{com.android.phone/com.android.services.telephony.TelephonyConnectionService}, [e0184adedf913b076626646d3f52c3b49c39ad6d], UserHandle{0}
10-03 13:55:01.274  2051  2051 I TelecomFramework: PstnIncomingCallNotifier: Registering: Handler (com.android.internal.telephony.GsmCdmaPhone) {3c5d510}
10-03 13:55:01.275  2051  2051 I chatty  : uid=1001(radio) com.android.phone identical 1 line
10-03 13:55:01.275  2051  2051 W TelecomManager: Telecom Service not found.
10-03 13:55:01.277  2051  2051 I TelecomFramework: PstnPhoneCapabilitiesNotifier: handleVideoCapabilitesChanged. Video capability - false
10-03 13:55:01.278  2051  2051 E PhoneInterfaceManager: [PhoneIntfMgr] getIccId: No UICC
10-03 13:55:01.279  2051  2051 W TelecomManager: Telecom Service not found.
10-03 13:55:01.280  1970  1970 I StatusBar: isKeyguardShowing() called before startKeyguard(), returning true
10-03 13:55:01.281  1970  1970 W StatusBar: isKeyguardSecure() called before startKeyguard(), returning false
10-03 13:55:01.281  1970  1970 W StatusBar: java.lang.Throwable
10-03 13:55:01.281  1970  1970 W StatusBar: 	at com.android.systemui.statusbar.phone.StatusBar.isKeyguardSecure(StatusBar.java:7607)
10-03 13:55:01.281  1970  1970 W StatusBar: 	at com.android.systemui.statusbar.phone.StatusBar.isCameraAllowedByAdmin(StatusBar.java:5484)
