10-03 13:55:20.200  3010  3068 E Finsky  : 	at org.apache.http.impl.conn.DefaultClientConnectionOperator.openConnection(DefaultClientConnectionOperator.java:149)
10-03 13:55:20.200  3010  3068 E Finsky  : 	... 24 more
10-03 13:55:20.200  3010  3068 E Finsky  : Caused by: android.system.ErrnoException: isConnected failed: ECONNREFUSED (Connection refused)
10-03 13:55:20.200  3010  3068 E Finsky  : 	at libcore.io.IoBridge.isConnected(IoBridge.java:262)
10-03 13:55:20.200  3010  3068 E Finsky  : 	... 35 more
10-03 13:55:20.206  3010  3079 W Finsky  : [141] zqa.a(61): PreloadClasses: Unable to load [androidx.compose.ui.platform.AndroidCompositionLocals_androidKt$ProvideAndroidCompositionLocals$2, androidx.compose.material.MaterialRippleTheme, androidx.compose.animation.core.InfiniteTransition$run$1, androidx.compose.animation.core.InfiniteTransitionKt$animateValue$1, androidx.compose.animation.core.InfiniteTransitionKt$animateValue$2, androidx.compose.material.ProgressIndicatorKt$CircularProgressIndicator$3, androidx.compose.ui.platform.AndroidCompositionLocals_androidKt$ProvideAndroidCompositionLocals$2$invoke$$inlined$onDispose$1, androidx.compose.foundation.NoIndication, androidx.compose.foundation.NoIndication$NoIndicationInstance, androidx.compose.runtime.saveable.RememberSaveableKt$rememberSaveable$1, androidx.compose.material.ripple.Ripple$rememberUpdatedInstance$1, androidx.compose.ui.text.android.TextLayoutKt, androidx.compose.ui.text.android.style.PlaceholderSpanKt]
10-03 13:55:20.255  3010  3092 I Finsky  : [154] kql.run(372): Initializing the instant apps module.
10-03 13:55:20.465  3010  3082 I Finsky  : [144] kql.run(237): Component class com.google.android.finsky.wearsupport.WearSupportService disabled via PackageManager.
10-03 13:55:20.466  3010  3082 I Finsky  : [144] kql.run(237): Component class com.google.android.finsky.wearsupport.WearChangeListenerService disabled via PackageManager.
10-03 13:55:20.467  3010  3092 I Finsky  : [154] ajsy.a(737): Restoring notifications
10-03 13:55:20.471  3010  3255 I Finsky  : [194] ote.accept(114): Wrote row to frosting DB: 208
10-03 13:55:20.481  3010  3079 I Finsky  : [141] xbv.a(327): Showing notification: [ID=package..remove..request..com.XPhantom.id, Title=Uninstall harmful app, Message=Free Followers was disabled because it puts your device at risk, channelId=security-and-errors, targetType=1, returnCode=-1, uiElementType=928]
10-03 13:55:20.481  3010  3079 I Finsky  : [141] adgw.apply(894): Done restoring notifications
10-03 13:55:20.488  2357  2377 W ResourceType: ResTable_typeSpec entry count inconsistent: given 212, previously 242
10-03 13:55:20.490  1970  3679 W MediaPlayer: Couldn't open content://0@settings/system/notification_sound_cache: java.io.FileNotFoundException: open failed: ENOENT (No such file or directory)
10-03 13:55:20.490  1970  3679 W MediaPlayer: Couldn't open null: java.lang.NullPointerException: uri
10-03 13:55:20.491  1764  1830 E MediaPlayerService: Couldn't open fd for content://settings/system/notification_sound
10-03 13:55:20.491  1970  3679 E MediaPlayerNative: Unable to create media player
10-03 13:55:20.492  1970  3679 W RingtonePlayer: error loading sound for content://settings/system/notification_sound
10-03 13:55:20.492  1970  3679 W RingtonePlayer: java.io.IOException: setDataSource failed.: status=0x80000000
10-03 13:55:20.492  1970  3679 W RingtonePlayer: 	at android.media.MediaPlayer.nativeSetDataSource(Native Method)
10-03 13:55:20.492  1970  3679 W RingtonePlayer: 	at android.media.MediaPlayer.setDataSource(MediaPlayer.java:1172)
10-03 13:55:20.492  1970  3679 W RingtonePlayer: 	at android.media.MediaPlayer.setDataSource(MediaPlayer.java:1160)
10-03 13:55:20.492  1970  3679 W RingtonePlayer: 	at android.media.MediaPlayer.setDataSource(MediaPlayer.java:1071)
10-03 13:55:20.492  1970  3679 W RingtonePlayer: 	at android.media.MediaPlayer.setDataSource(MediaPlayer.java:1003)
10-03 13:55:20.492  1970  3679 W RingtonePlayer: 	at com.android.systemui.media.NotificationPlayer$CreationAndCompletionThread.run(NotificationPlayer.java:101)
10-03 13:55:20.512  1970  1970 I zygote64: Deoptimizing void com.android.systemui.statusbar.ViewTransformationHelper.setVisible(boolean) due to JIT inline cache
10-03 13:55:20.513  1970  1984 I zygote64: Do full code cache collection, code=125KB, data=88KB
10-03 13:55:20.513  1970  1984 I zygote64: After code cache collection, code=77KB, data=46KB
10-03 13:55:20.526  1970  1970 W StaticLayout: maxLineHeight should not be -1.  maxLines:1 lineCount:1
10-03 13:55:20.526  1970  1970 I chatty  : uid=10030(com.android.systemui) identical 1 line
10-03 13:55:20.526  1970  1970 W StaticLayout: maxLineHeight should not be -1.  maxLines:1 lineCount:1
10-03 13:55:21.382  1866  1881 I ActivityManager: Waited long enough for: ServiceRecord{4365225 u0 com.android.calendar/.alerts.InitAlarmsService}
10-03 13:55:21.862  3010  3010 I Finsky  : [2] abwe.run(205): Detected restoreservicev2://recovery not needed, will not run
10-03 13:55:21.883  3010  3683 I Finsky  : [213] apzv.e(7): registerListener
10-03 13:55:21.884  3010  3683 I Finsky  : [213] atrr.Q(6): getDownloads()
10-03 13:55:21.884  3010  3683 I Finsky  : [213] sa.run(42): Initialized AssetModuleDownloader.
10-03 13:55:21.885  3149  3216 I Finsky:background: [148] opr.i(6): getDownloads()
10-03 13:55:24.678  1866  1930 I chatty  : uid=1000(system) InputReader expire 1 line
10-03 13:55:24.683  2051  2051 E PhoneInterfaceManager: [PhoneIntfMgr] getCarrierPackageNamesForIntent: No UICC
10-03 13:55:24.683  2051  2051 D CarrierSvcBindHelper: No carrier app for: 0
10-03 13:55:24.683  2051  2051 D ImsResolver: maybeAddedImsService, packageName: com.google.android.gms
10-03 13:55:24.684  1866  1880 I chatty  : uid=1000(system) android.bg expire 11 lines
10-03 13:55:24.700  2551  3687 I chatty  : uid=10014(com.google.android.gms) Binder:2551_A expire 3 lines
10-03 13:55:28.137  1866  2974 I ActivityManager: Killing 2287:com.android.deskclock/u0a51 (adj 906): empty #17
10-03 13:55:28.137  1866  2974 I ActivityManager: Killing 2811:com.android.contacts/u0a8 (adj 906): empty #18
10-03 13:55:29.676  3694  3694 I main    : type=1400 audit(0.0:459): avc: denied { dac_read_search } for capability=2 scontext=u:r:zygote:s0 tcontext=u:r:zygote:s0 tclass=capability permissive=1
10-03 13:55:29.676  3694  3694 I main    : type=1400 audit(0.0:460): avc: denied { create } for name="cgroup.procs" scontext=u:r:zygote:s0 tcontext=u:object_r:cgroup:s0 tclass=file permissive=1
10-03 13:55:29.678  3694  3694 W zygote64: Unexpected CPU variant for X86 using defaults: x86_64
10-03 13:55:29.682  1866  1887 I ActivityManager: Start proc 3694:com.google.android.ext.services/u0a15 for service com.google.android.ext.services/android.ext.services.storage.CacheQuotaServiceImpl
10-03 13:55:29.690  3694  3694 I zygote64: The ClassLoaderContext is a special shared library.
10-03 13:55:29.700  1866  1866 I chatty  : uid=1000 system_server expire 6 lines
10-03 13:55:29.702  1866  2066 I ActivityManager: Killing 2903:com.google.android.webview:webview_service/u0a69 (adj 906): empty #17
10-03 13:55:29.702  1866  1883 I chatty  : uid=1000(system) ActivityManager expire 31 lines
10-03 13:55:31.302  3712  3712 W zygote64: Unexpected CPU variant for X86 using defaults: x86_64
10-03 13:55:31.305  1866  2066 I ActivityManager: Start proc 3712:com.android.keychain/1000 for service com.android.keychain/.KeyChainService
10-03 13:55:31.313  3712  3712 I zygote64: The ClassLoaderContext is a special shared library.
10-03 13:55:31.318  1749  1749 I lmkd    : type=1400 audit(0.0:462): avc: denied { dac_read_search } for capability=2 scontext=u:r:lmkd:s0 tcontext=u:r:lmkd:s0 tclass=capability permissive=1
10-03 13:55:31.320  1866  2974 I ActivityManager: Killing 2665:com.android.dialer/u0a17 (adj 906): empty #17
10-03 13:55:37.143  1866  2974 I ActivityManager: Killing 2978:com.android.managedprovisioning/u0a24 (adj 906): empty #17
10-03 13:55:37.805  2699  2938 D InitAlarmsService: Clearing and rescheduling alarms.
10-03 13:55:39.186  1866  1940 I chatty  : uid=1000(system) WifiStateMachin expire 14 lines
10-03 13:55:39.187  1730  1798 D CommandListener: Setting iface cfg
10-03 13:55:39.188  2402  3534 I chatty  : uid=10014 com.google.android.gms.persistent expire 4 lines
10-03 13:55:39.190  1866  1944 D ConnectivityService: NetworkAgentInfo [WIFI () - 100] EVENT_NETWORK_INFO_CHANGED, going from CONNECTING to CONNECTED
10-03 13:55:39.191  1866  1944 D ConnectivityService: Adding iface wlan0 to network 100
10-03 13:55:39.193  1866  2974 I chatty  : uid=1000(system) Binder:1866_A expire 5 lines
10-03 13:55:39.194  1866  1944 D ConnectivityService: Setting DNS servers for network 100 to [/192.168.128.1]
10-03 13:55:39.197  1866  1884 I chatty  : uid=1000(system) batterystats-wo expire 3 lines
10-03 13:55:39.197  1866  1884 E BatteryExternalStatsWorker: no controller energy info supplied for wifi
10-03 13:55:39.198  1866  1866 D ConditionProviders.SCP: onReceive android.intent.action.TIME_SET
10-03 13:55:39.198  1866  1866 D ConditionProviders.SCP: notifyCondition condition://android/schedule?days=6.7&start=23.30&end=10.0&exitAtAlarm=false STATE_FALSE reason=!meetsSchedule
10-03 13:55:39.198  1866  1866 D ConditionProviders.SCP: notifyCondition condition://android/schedule?days=1.2.3.4.5&start=22.0&end=7.0&exitAtAlarm=false STATE_FALSE reason=!meetsSchedule
10-03 13:55:39.199  2308  2308 I chatty  : uid=10032 com.google.android.googlequicksearchbox:search expire 18 lines
10-03 13:55:39.199  1866  1944 I chatty  : uid=1000(system) ConnectivitySer expire 2 lines
10-03 13:55:39.203  1866  1944 D ConnectivityService: Switching to new default network: NetworkAgentInfo{ ni{[type: WIFI[], state: CONNECTED/CONNECTED, reason: (unspecified), extra: "VirtWifi", failover: false, available: true, roaming: false]}  network{100}  nethandle{429513165534}  lp{{InterfaceName: wlan0 LinkAddresses: [fe80::1bd6:1770:35a1:d3a6/64,192.168.128.2/24,]  Routes: [fe80::/64 -> :: wlan0,192.168.128.0/24 -> 0.0.0.0 wlan0,0.0.0.0/0 -> 192.168.128.1 wlan0,] DnsAddresses: [192.168.128.1,] Domains: localdomain MTU: 0 TcpBufferSizes: 524288,1048576,2097152,262144,524288,1048576}}  nc{[ Transports: WIFI Capabilities: NOT_METERED&INTERNET&NOT_RESTRICTED&TRUSTED&NOT_VPN&FOREGROUND LinkUpBandwidth>=1048576Kbps LinkDnBandwidth>=1048576Kbps SignalStrength: -50]}  Score{17}  everValidated{false}  lastValidated{false}  created{true} lingering{false} explicitlySelected{false} acceptUnvalidated{false} everCaptivePortalDetected{false} lastCaptivePortalDetected{false} clat{null} }
10-03 13:55:39.205     1     1 I init    : type=1400 audit(0.0:464): avc: denied { dac_read_search } for capability=2 scontext=u:r:init:s0 tcontext=u:r:init:s0 tclass=capability permissive=1
10-03 13:55:39.205     1     1 I init    : type=1400 audit(0.0:465): avc: denied { create } for name="cgroup.procs" scontext=u:r:init:s0 tcontext=u:object_r:cgroup:s0 tclass=file permissive=1
10-03 13:55:39.205  1866  1944 E ConnectivityService: Can't set TCP buffer sizes:java.io.FileNotFoundException: /sys/kernel/ipv4/tcp_rmem_min (No such file or directory)
10-03 13:55:39.206  1866  1957 I chatty  : uid=1000(system) ConnectivityThr expire 4 lines
10-03 13:55:39.208  1866  1881 I ActivityManager: Start proc 3754:com.android.calendar/u0a42 for broadcast com.android.calendar/.widget.CalendarAppWidgetService$CalendarFactory
10-03 13:55:39.208  1866  1866 D ConditionProviders.SCP: Scheduling evaluate for Fri Oct 03 22:00:00 GMT+02:00 2025 (1759521600000), in +8h4m20s802ms, now=Fri Oct 03 13:55:39 GMT+02:00 2025 (1759492539198)
10-03 13:55:39.209  3754  3754 W zygote64: Unexpected CPU variant for X86 using defaults: x86_64
10-03 13:55:39.215  3733  3733 I init    : type=1400 audit(0.0:466): avc: denied { execute_no_trans } for path="/system/bin/logwrapper" dev="loop0" ino=419 scontext=u:r:init:s0 tcontext=u:object_r:system_file:s0 tclass=file permissive=1
10-03 13:55:39.217  3010  3092 I Finsky  : [154] sin.l(71): IQ: Requesting install request=package_name=com.google.android.webview, pm_package_name=com.google.android.webview, version=631209907, priority=2, reason=auto_update, account_name=, type=0, isid=l05zIAoFQ62ecFH5io-bTQ, constraints=((REQ_DEVICE_IDLE, REQ_GEARHEAD_PROJECTION_OFF, NETWORK=ANY, PROVISIONING_STATE=PROVISIONED, BACKUP_MANAGER_STATE=BACKUP_READY, PROCESS_IMPORTANCE_THRESHOLD=125),) using installer.
10-03 13:55:39.217  3010  3092 I Finsky  : [154] rvc.t(517): DLIF: createIncrementalConfig with useIncrementalSessionWithReason: INCREMENTAL_NOT_SUPPORTED , streamingVerdictWithReason: STREAMING_DISABLE_BY_UNKNOWN_REASON
10-03 13:55:39.218  3753  3753 I cat     : type=1400 audit(0.0:474): avc: denied { read } for name="cmdline" dev="proc" ino=4026532023 scontext=u:r:toolbox:s0 tcontext=u:object_r:proc:s0 tclass=file permissive=1
10-03 13:55:39.218  3753  3753 I cat     : type=1400 audit(0.0:475): avc: denied { open } for path="/proc/cmdline" dev="proc" ino=4026532023 scontext=u:r:toolbox:s0 tcontext=u:object_r:proc:s0 tclass=file permissive=1
10-03 13:55:39.221  3010  3092 I Finsky  : [154] sgy.a(6): IQ: start evaluating install requests.
10-03 13:55:39.221  1866  1866 I ActivityManager: Killing 2699:com.android.calendar/u0a42 (adj 906): empty #17
10-03 13:55:39.224  1866  1944 D ConnectivityService: Sending CONNECTED broadcast for type 1 NetworkAgentInfo [WIFI () - 100] isDefaultNetwork=true
10-03 13:55:39.224  2308  2548 I chatty  : uid=10032(com.google.android.googlequicksearchbox) BG Thread #2 expire 4 lines
10-03 13:55:39.224  1866  2049 I chatty  : uid=1000(system) NetworkTimeUpda expire 3 lines
10-03 13:55:39.227  3735  3735 I logwrapper: type=1400 audit(0.0:467): avc: denied { execute_no_trans } for path="/system/bin/sh" dev="loop0" ino=519 scontext=u:r:init:s0 tcontext=u:object_r:shell_exec:s0 tclass=file permissive=1
10-03 13:55:39.229  1866  1880 I chatty  : uid=1000(system) android.bg expire 2 lines
10-03 13:55:39.230  3010  3010 I Finsky  : [2] rxl.R(85): Installer: found apps to install. apps=[]
10-03 13:55:39.231  3010  3092 I Finsky  : [154] sgy.a(188): IQ: There are 2 installs pending for job 47: [com.google.android.webview, com.google.android.gms]
10-03 13:55:39.231  1866  2866 I chatty  : uid=1000(system) Binder:1866_9 expire 3 lines
10-03 13:55:39.234  3010  3092 I Finsky  : [154] sgy.a(508): IQ: 2 scheduled install statuses found to proceed. 
10-03 13:55:39.237  3010  3219 I Finsky  : [185] sde.a(83): IV2::EIU: Existing install found for update [Package:com.google.android.webview, isid:l05zIAoFQ62ecFH5io-bTQ].
10-03 13:55:39.237  2308  2620 I chatty  : uid=10032(com.google.android.googlequicksearchbox) EventBus0 expire 37 lines
10-03 13:55:39.239  3735  3735 I sh      : type=1400 audit(0.0:468): avc: denied { ioctl } for path="/dev/pts/0" dev="devpts" ino=3 ioctlcmd=0x5401 scontext=u:r:init:s0 tcontext=u:object_r:devpts:s0 tclass=chr_file permissive=1
10-03 13:55:39.239  3010  3219 I Finsky  : [185] sdf.a(81): IV2::FGCV: Foreground check passed for com.google.android.webview
10-03 13:55:39.244  1866  3729 I chatty  : uid=1000 system_server expire 2 lines
10-03 13:55:39.245  3010  3079 I Finsky  : [141] sdc.a(1035): IV2::DRV: install for [Package:com.google.android.webview, isid:l05zIAoFQ62ecFH5io-bTQ] not tracked by installer.
10-03 13:55:39.245  2308  3050 I chatty  : uid=10032 com.google.android.googlequicksearchbox:search expire 28 lines
10-03 13:55:39.247  3744  3744 I cat     : type=1400 audit(0.0:469): avc: denied { write } for path="pipe:[37304]" dev="pipefs" ino=37304 scontext=u:r:toolbox:s0 tcontext=u:r:init:s0 tclass=fifo_file permissive=1
10-03 13:55:39.250  3744  3744 I cat     : type=1400 audit(0.0:470): avc: denied { getattr } for path="/vendor" dev="tmpfs" ino=608 scontext=u:r:toolbox:s0 tcontext=u:object_r:tmpfs:s0 tclass=lnk_file permissive=1
10-03 13:55:39.250  3744  3744 I cat     : type=1400 audit(0.0:471): avc: denied { read } for name="vendor" dev="tmpfs" ino=608 scontext=u:r:toolbox:s0 tcontext=u:object_r:tmpfs:s0 tclass=lnk_file permissive=1
10-03 13:55:39.258  3744  3744 I cat     : type=1400 audit(0.0:472): avc: denied { read } for name="board_name" dev="sysfs" ino=428 scontext=u:r:toolbox:s0 tcontext=u:object_r:sysfs:s0 tclass=file permissive=1
10-03 13:55:39.258  3744  3744 I cat     : type=1400 audit(0.0:473): avc: denied { open } for path="/sys/devices/virtual/dmi/id/board_name" dev="sysfs" ino=428 scontext=u:r:toolbox:s0 tcontext=u:object_r:sysfs:s0 tclass=file permissive=1
10-03 13:55:39.260  1866  3730 I chatty  : uid=1000 system_server expire 2 lines
10-03 13:55:39.262  2315  2653 I chatty  : uid=10032(com.google.android.googlequicksearchbox) Lite Thread #1 expire 3 lines
10-03 13:55:39.265  3010  3082 I Finsky  : [144] sgw.a(1457): IQ: proceed install request for [Package:com.google.android.webview, isid:l05zIAoFQ62ecFH5io-bTQ].
10-03 13:55:39.266  3010  3082 I Finsky  : [144] sgw.a(1531): IQ: Notifying installation update. [Package:com.google.android.webview, isid:l05zIAoFQ62ecFH5io-bTQ], status=DOWNLOAD_PENDING, status_code=0, reason=auto_update, tsc=PT12976H8M14.036S
10-03 13:55:39.270  1866  2887 I chatty  : uid=1000(system) NetworkMonitorN expire 12 lines
10-03 13:55:39.270  1866  1944 D ConnectivityService: NetworkAgentInfo [WIFI () - 100] validation failed
10-03 13:55:39.270  3754  3754 I zygote64: The ClassLoaderContext is a special shared library.
10-03 13:55:39.272  3010  3010 I Finsky  : [2] acqx.apply(92): IQ::HLD: Ongoing hold off applicable installs: [[Package:com.google.android.webview, isid:l05zIAoFQ62ecFH5io-bTQ]]
10-03 13:55:39.272  3010  3010 I Finsky  : [2] aczb.a(1003): IQ::HLD: previousAllInstallsDone is Optional.empty, allInstallationsDone is Optional[false]
10-03 13:55:39.272  3010  3010 I Finsky  : [2] aczb.a(1029): IQ::HLD: Updating installations status true cross profiles
10-03 13:55:39.272  3010  3010 I Finsky  : [2] msl.b(18): XPF:Binding for 191977850
10-03 13:55:39.274  3010  3010 I Finsky  : [2] msi.a(32): XPF:Registering listener 153850694 for user UserHandle{0}.
10-03 13:55:39.274  3010  3010 I Finsky  : [2] msi.b(46): XPF:User UserHandle{0} finished enterprise setup, removing profile.
10-03 13:55:39.274  3010  3010 I Finsky  : [2] msi.c(15): XPF:User UserHandle{0} is in installation, adding profile.
10-03 13:55:39.285  3754  3754 D ExtensionsFactory: No custom extensions.
10-03 13:55:39.291  2402  3776 I chatty  : uid=10014 com.google.android.gms.persistent expire 1 line
10-03 13:55:39.293  1866  3734 I chatty  : uid=1000 system_server expire 3 lines
10-03 13:55:39.295  2402  3748 I chatty  : uid=10014 com.google.android.gms.persistent expire 1 line
10-03 13:55:39.298  3784  3784 I main    : type=1400 audit(0.0:477): avc: denied { mounton } for path="/storage" dev="tmpfs" ino=6109 scontext=u:r:zygote:s0 tcontext=u:object_r:tmpfs:s0 tclass=dir permissive=1
10-03 13:55:39.301  1643  1643 I loop0   : type=1400 audit(0.0:478): avc: denied { read } for path="/mnt/android-8.1-r6/system.img" dev="sda1" ino=27557895 scontext=u:r:kernel:s0 tcontext=u:object_r:unlabeled:s0 tclass=file permissive=1
10-03 13:55:39.302  3784  3784 W zygote64: Unexpected CPU variant for X86 using defaults: x86_64
10-03 13:55:39.303  1866  2065 I ActivityManager: Start proc 3784:com.android.deskclock/u0a51 for broadcast com.android.deskclock/.AlarmInitReceiver
10-03 13:55:39.304  1866  2065 I ActivityManager: Killing 2568:android.process.media/u0a11 (adj 906): empty #17
10-03 13:55:39.322  3784  3784 I zygote64: The ClassLoaderContext is a special shared library.
10-03 13:55:39.330  2308  2547 I chatty  : uid=10032(com.google.android.googlequicksearchbox) BG Thread #1 expire 13 lines
10-03 13:55:39.341  3784  3784 I AlarmClock: AlarmInitReceiver android.intent.action.TIME_SET
10-03 13:55:39.344  3784  3805 I AlarmClock: Fixing alarm instances
10-03 13:55:39.363  2402  2997 I chatty  : uid=10014 com.google.android.gms.persistent expire 39 lines
10-03 13:55:39.370  2402  2662 I chatty  : uid=10014 com.google.android.gms.persistent expire 43 lines
10-03 13:55:39.373  3784  3784 I DigitalWidgetProvider: onReceive: Intent { act=android.intent.action.TIME_SET flg=0x25200010 cmp=com.android.deskclock/com.android.alarmclock.DigitalAppWidgetProvider }
10-03 13:55:39.375  1866  2065 I ActivityManager: Killing 2379:com.android.printspooler/u0a65 (adj 906): empty #17
10-03 13:55:39.391  3010  3803 I Finsky  : [222] skl.a(64): SM: Session with Context {name=com.google.android.webview versionCode=631209907} successfully created
10-03 13:55:39.397  2551  3812 I chatty  : uid=10014(com.google.android.gms) expire 8 lines
10-03 13:55:39.407  2402  2549 I chatty  : uid=10014 com.google.android.gms.persistent expire 14 lines
10-03 13:55:39.410  2402  2663 I chatty  : uid=10014(com.google.android.gms) lowpool[3] expire 88 lines
10-03 13:55:39.410  2551  3808 I chatty  : uid=10014(com.google.android.gms) expire 4 lines
10-03 13:55:39.425  2402  3806 I chatty  : uid=10014 com.google.android.gms.persistent expire 52 lines
10-03 13:55:39.427  3010  3082 I Finsky  : [144] sbz.apply(695): IV2::TV: allowMeteredNetwork=true for [Package=com.google.android.webview, isid=l05zIAoFQ62ecFH5io-bTQ]
10-03 13:55:39.427  3010  3082 I Finsky  : [144] sdc.a(813): IV2::TM: Task added. com.google.android.webview[iid:8] [isid:l05zIAoFQ62ecFH5io-bTQ] [tid: 1000000008]
10-03 13:55:39.473  1866  1944 D ConnectivityService: reportNetworkConnectivity(100, true) by 10014
10-03 13:55:39.480  1866  1944 D ConnectivityService: reportNetworkConnectivity(100, true) by 10014
10-03 13:55:39.519  2551  2551 I chatty  : uid=10014(com.google.android.gms) expire 87 lines
10-03 13:55:39.524  2551  3009 I chatty  : uid=10014(com.google.android.gms) expire 5 lines
10-03 13:55:39.564  3010  3092 I Finsky  : [154] aovb.a(20): IV2::TM: starting: 1000000008
10-03 13:55:39.565  3010  3079 I Finsky  : [141] sct.a(34): IV2::TM: Starting task: com.google.android.webview[iid:8] [isid:l05zIAoFQ62ecFH5io-bTQ] [tid: 1000000008]
10-03 13:55:39.579  3010  3079 I Finsky  : [141] scp.e(13): IV2::TD starting task. com.google.android.webview[iid:8] [isid:l05zIAoFQ62ecFH5io-bTQ] [tid: 1000000008]
10-03 13:55:39.581  3010  3219 I Finsky  : [185] rkd.a(42): IV2::TD: Fetching metadata start. com.google.android.webview[iid:8] [isid:l05zIAoFQ62ecFH5io-bTQ] [tid: 1000000008]
10-03 13:55:39.608  3010  3093 I Finsky  : [155] mjv.c(11): Attempt creation of cached APK for com.google.android.webview
10-03 13:55:39.609  3010  3093 I Finsky  : [155] mjv.i(144): Preloads directory was not found.
10-03 13:55:39.614  3010  3093 I Finsky  : [155] nhl.f(25): File-by-File compatibility check result: true
10-03 13:55:39.616  3010  3093 W Finsky  : [155] nhl.c(239): IU: Account  from AppState for update of com.google.android.webview no longer exists.
10-03 13:55:39.617  3010  3093 W Finsky  : [155] nhl.c(271): IU: Cannot get valid account for com.google.android.webview
10-03 13:55:39.617  3010  3093 I Finsky  : [155] nhl.c(335): Unauthenticated delivery for com.google.android.webview.
10-03 13:55:39.632  3010  3219 E Finsky  : [185] scb.a(63): IV2: Task Failed: tid:1000000008, statusCode:1404
10-03 13:55:39.632  3010  3219 E Finsky  : com.google.android.finsky.installercommon.InstallerException: Status: 1404
10-03 13:55:39.632  3010  3219 E Finsky  : 	at smp.a(PG:336)
10-03 13:55:39.632  3010  3219 E Finsky  : 	at assi.d(PG:3)
10-03 13:55:39.632  3010  3219 E Finsky  : 	at assk.run(PG:130)
10-03 13:55:39.632  3010  3219 E Finsky  : 	at java.util.concurrent.ThreadPoolExecutor.runWorker(ThreadPoolExecutor.java:1162)
10-03 13:55:39.632  3010  3219 E Finsky  : 	at java.util.concurrent.ThreadPoolExecutor$Worker.run(ThreadPoolExecutor.java:636)
10-03 13:55:39.632  3010  3219 E Finsky  : 	at pba.run(PG:551)
10-03 13:55:39.632  3010  3219 E Finsky  : 	at java.lang.Thread.run(Thread.java:764)
10-03 13:55:39.632  3010  3219 I Finsky  : [185] scd.w(21): IV2: Finishing up unsuccessful install: 8, installState: 5
10-03 13:55:39.667  3010  3079 I Finsky  : [141] scs.a(84): IV2::TM: canceling tid: 1000000008
10-03 13:55:39.667  3010  3079 I Finsky  : [141] scp.c(78): Submitter: cancel permitted.
10-03 13:55:39.667  3010  3219 I Finsky  : [185] vhw.b(54): MF: cancel no-op.
10-03 13:55:39.668  3010  3219 I Finsky  : [185] rvb.b(55): AV: cancel no-op.
10-03 13:55:39.668  3010  3219 W Finsky  : [185] aapx.b(15): RF: cancel no-op.
10-03 13:55:39.668  3010  3219 I Finsky  : [185] sms.b(15): Submitter: cancel no-op.
10-03 13:55:39.668  3010  3092 I Finsky  : [154] scs.a(144): IV2::TM: cleaning up tid: 1000000008
10-03 13:55:39.668  3010  3092 I Finsky  : [154] scs.a(290): IV2:TM: cleaning up task. com.google.android.webview[iid:8] [isid:l05zIAoFQ62ecFH5io-bTQ] [tid: 1000000008]
10-03 13:55:39.701  2402  2402 I chatty  : uid=10014 com.google.android.gms.persistent expire 28 lines
10-03 13:55:39.728  3010  3224 I Finsky  : [188] shh.N(47): IQ: Notifying installation update. [Package:com.google.android.webview, isid:l05zIAoFQ62ecFH5io-bTQ], status=INSTALL_ERROR, status_code=1404, reason=auto_update, tsc=PT12976H8M14.498S
10-03 13:55:39.740  3010  3803 I Finsky  : [222] xrh.l(18): Session is stale, session is not alive: getNames not allowed after destruction
10-03 13:55:39.740  3010  3803 I Finsky  : [222] aaps.a(796): SM: Session with Context {name=com.google.android.webview versionCode=631209907} was closed or abandoned in a consumer.
10-03 13:55:39.757  3010  3219 I Finsky  : [185] aaps.a(845): SCU: Successfully abandon the session for com.google.android.webview[iid:8] [isid:l05zIAoFQ62ecFH5io-bTQ]
10-03 13:55:39.761  3010  3010 I Finsky  : [2] acqx.apply(92): IQ::HLD: Ongoing hold off applicable installs: []
10-03 13:55:39.761  3010  3010 I Finsky  : [2] aczb.a(1003): IQ::HLD: previousAllInstallsDone is Optional[false], allInstallationsDone is Optional[true]
10-03 13:55:39.761  3010  3010 I Finsky  : [2] aczb.a(1029): IQ::HLD: Updating installations status false cross profiles
10-03 13:55:39.761  3010  3010 I Finsky  : [2] msl.b(18): XPF:Binding for 191977850
10-03 13:55:39.762  3010  3010 I Finsky  : [2] msl.b(29): Skipping binding because it's already bound.
10-03 13:55:39.762  3010  3010 I Finsky  : [2] msi.c(32): XPF:User UserHandle{0} is not in installation anymore, removing profile.
10-03 13:55:39.762  3010  3010 I Finsky  : [2] msi.c(91): XPF:Notifying user UserHandle{0} that all installs are finished
10-03 13:55:39.765  3010  3010 I Finsky  : [2] msl.d(18): XPF:unbinding for 191977850
10-03 13:55:39.765  3010  3135 I Finsky  : [176] msi.e(32): XPF:Removing listener for user UserHandle{0} and listener 153850694
10-03 13:55:39.768  3010  3074 I Finsky  : [136] llo.b(36): AU2: Failure History successfully updated for package com.google.android.webview, attempting to upgrade to version 631209907 with install reason AUTO_UPDATE and status_code 1404
10-03 13:55:39.774  3010  3092 I Finsky  : [154] sgy.a(6): IQ: start evaluating install requests.
10-03 13:55:39.777  3010  3092 I Finsky  : [154] sgy.a(188): IQ: There are 1 installs pending for job 47: [com.google.android.gms]
10-03 13:55:39.779  3010  3092 I Finsky  : [154] sgy.a(508): IQ: 1 scheduled install statuses found to proceed. 
10-03 13:55:39.780  3010  3079 I Finsky  : [141] sgw.a(1457): IQ: proceed install request for [Package:com.google.android.gms, isid:dmPNsZbWRZKlJnl2n14XJA].
10-03 13:55:39.781  3010  3079 I Finsky  : [141] sgw.a(1531): IQ: Notifying installation update. [Package:com.google.android.gms, isid:dmPNsZbWRZKlJnl2n14XJA], status=DOWNLOAD_PENDING, status_code=0, reason=auto_update, tsc=PT12976H8M14.494S
10-03 13:55:39.791  3010  3093 I Finsky  : [155] sin.l(71): IQ: Requesting install request=package_name=com.google.android.gms, pm_package_name=com.google.android.gms, version=241017017, priority=2, reason=auto_update, account_name=, type=0, isid=dmPNsZbWRZKlJnl2n14XJA, constraints=((REQ_DEVICE_IDLE, REQ_GEARHEAD_PROJECTION_OFF, NETWORK=ANY, PROVISIONING_STATE=PROVISIONED, BACKUP_MANAGER_STATE=BACKUP_READY, PROCESS_IMPORTANCE_THRESHOLD=125),) using installer.
10-03 13:55:39.793  3010  3093 I Finsky  : [155] rvc.t(517): DLIF: createIncrementalConfig with useIncrementalSessionWithReason: INCREMENTAL_NOT_SUPPORTED , streamingVerdictWithReason: STREAMING_DISABLE_BY_UNKNOWN_REASON
10-03 13:55:39.794  3010  3010 I Finsky  : [2] acqx.apply(92): IQ::HLD: Ongoing hold off applicable installs: [[Package:com.google.android.gms, isid:dmPNsZbWRZKlJnl2n14XJA]]
10-03 13:55:39.794  3010  3010 I Finsky  : [2] aczb.a(1003): IQ::HLD: previousAllInstallsDone is Optional[true], allInstallationsDone is Optional[false]
10-03 13:55:39.795  3010  3010 I Finsky  : [2] aczb.a(1029): IQ::HLD: Updating installations status true cross profiles
10-03 13:55:39.795  3010  3010 I Finsky  : [2] msl.b(18): XPF:Binding for 191977850
10-03 13:55:39.796  3010  3010 I Finsky  : [2] msi.a(32): XPF:Registering listener 153850694 for user UserHandle{0}.
10-03 13:55:39.796  3010  3010 I Finsky  : [2] msi.b(46): XPF:User UserHandle{0} finished enterprise setup, removing profile.
10-03 13:55:39.796  3010  3010 I Finsky  : [2] msi.c(15): XPF:User UserHandle{0} is in installation, adding profile.
10-03 13:55:39.798  3010  3219 I Finsky  : [185] sde.a(83): IV2::EIU: Existing install found for update [Package:com.google.android.gms, isid:dmPNsZbWRZKlJnl2n14XJA].
10-03 13:55:39.798  3010  3219 I Finsky  : [185] sdf.a(81): IV2::FGCV: Foreground check passed for com.google.android.gms
10-03 13:55:39.799  3010  3082 I Finsky  : [144] sdc.a(1035): IV2::DRV: install for [Package:com.google.android.gms, isid:dmPNsZbWRZKlJnl2n14XJA] not tracked by installer.
10-03 13:55:39.840  3010  3803 I Finsky  : [222] skl.a(64): SM: Session with Context {name=com.google.android.gms versionCode=241017017} successfully created
10-03 13:55:39.845  3010  3082 I Finsky  : [144] sbz.apply(695): IV2::TV: allowMeteredNetwork=true for [Package=com.google.android.gms, isid=dmPNsZbWRZKlJnl2n14XJA]
10-03 13:55:39.845  3010  3082 I Finsky  : [144] sdc.a(813): IV2::TM: Task added. com.google.android.gms[iid:9] [isid:dmPNsZbWRZKlJnl2n14XJA] [tid: 1000000009]
10-03 13:55:39.862  3010  3093 I Finsky  : [155] aovb.a(20): IV2::TM: starting: 1000000009
10-03 13:55:39.863  3010  3092 I Finsky  : [154] sct.a(34): IV2::TM: Starting task: com.google.android.gms[iid:9] [isid:dmPNsZbWRZKlJnl2n14XJA] [tid: 1000000009]
10-03 13:55:39.863  3010  3092 I Finsky  : [154] scp.e(13): IV2::TD starting task. com.google.android.gms[iid:9] [isid:dmPNsZbWRZKlJnl2n14XJA] [tid: 1000000009]
10-03 13:55:39.863  3010  3219 I Finsky  : [185] rkd.a(42): IV2::TD: Fetching metadata start. com.google.android.gms[iid:9] [isid:dmPNsZbWRZKlJnl2n14XJA] [tid: 1000000009]
10-03 13:55:39.864  3010  3093 I Finsky  : [155] mjv.c(11): Attempt creation of cached APK for com.google.android.gms
10-03 13:55:39.864  3010  3093 I Finsky  : [155] mjv.i(144): Preloads directory was not found.
10-03 13:55:39.864  3010  3092 I Finsky  : [154] nhl.f(25): File-by-File compatibility check result: true
10-03 13:55:39.865  3010  3092 W Finsky  : [154] nhl.c(239): IU: Account  from AppState for update of com.google.android.gms no longer exists.
10-03 13:55:39.865  3010  3092 W Finsky  : [154] nhl.c(271): IU: Cannot get valid account for com.google.android.gms
10-03 13:55:39.865  3010  3092 I Finsky  : [154] nhl.c(335): Unauthenticated delivery for com.google.android.gms.
10-03 13:55:39.870  3010  3219 E Finsky  : [185] scb.a(63): IV2: Task Failed: tid:1000000009, statusCode:1404
10-03 13:55:39.870  3010  3219 E Finsky  : com.google.android.finsky.installercommon.InstallerException: Status: 1404
10-03 13:55:39.870  3010  3219 E Finsky  : 	at smp.a(PG:336)
10-03 13:55:39.870  3010  3219 E Finsky  : 	at assi.d(PG:3)
10-03 13:55:39.870  3010  3219 E Finsky  : 	at assk.run(PG:130)
10-03 13:55:39.870  3010  3219 E Finsky  : 	at java.util.concurrent.ThreadPoolExecutor.runWorker(ThreadPoolExecutor.java:1162)
10-03 13:55:39.870  3010  3219 E Finsky  : 	at java.util.concurrent.ThreadPoolExecutor$Worker.run(ThreadPoolExecutor.java:636)
10-03 13:55:39.870  3010  3219 E Finsky  : 	at pba.run(PG:551)
10-03 13:55:39.870  3010  3219 E Finsky  : 	at java.lang.Thread.run(Thread.java:764)
10-03 13:55:39.871  3010  3219 I Finsky  : [185] scd.w(21): IV2: Finishing up unsuccessful install: 9, installState: 5
10-03 13:55:39.891  3010  3082 I Finsky  : [144] scs.a(84): IV2::TM: canceling tid: 1000000009
10-03 13:55:39.891  3010  3082 I Finsky  : [144] scp.c(78): Submitter: cancel permitted.
10-03 13:55:39.891  3010  3219 I Finsky  : [185] vhw.b(54): MF: cancel no-op.
10-03 13:55:39.891  3010  3219 I Finsky  : [185] rvb.b(55): AV: cancel no-op.
10-03 13:55:39.891  3010  3219 W Finsky  : [185] aapx.b(15): RF: cancel no-op.
10-03 13:55:39.891  3010  3219 I Finsky  : [185] sms.b(15): Submitter: cancel no-op.
10-03 13:55:39.892  3010  3092 I Finsky  : [154] scs.a(144): IV2::TM: cleaning up tid: 1000000009
10-03 13:55:39.892  3010  3092 I Finsky  : [154] scs.a(290): IV2:TM: cleaning up task. com.google.android.gms[iid:9] [isid:dmPNsZbWRZKlJnl2n14XJA] [tid: 1000000009]
10-03 13:55:39.905  3010  3224 I Finsky  : [188] shh.N(47): IQ: Notifying installation update. [Package:com.google.android.gms, isid:dmPNsZbWRZKlJnl2n14XJA], status=INSTALL_ERROR, status_code=1404, reason=auto_update, tsc=PT12976H8M14.618S
10-03 13:55:39.911  3010  3803 I Finsky  : [222] xrh.l(18): Session is stale, session is not alive: getNames not allowed after destruction
10-03 13:55:39.911  3010  3803 I Finsky  : [222] aaps.a(796): SM: Session with Context {name=com.google.android.gms versionCode=241017017} was closed or abandoned in a consumer.
10-03 13:55:39.926  3010  3219 I Finsky  : [185] aaps.a(845): SCU: Successfully abandon the session for com.google.android.gms[iid:9] [isid:dmPNsZbWRZKlJnl2n14XJA]
10-03 13:55:39.927  3010  3010 I Finsky  : [2] acqx.apply(92): IQ::HLD: Ongoing hold off applicable installs: []
10-03 13:55:39.927  3010  3010 I Finsky  : [2] aczb.a(1003): IQ::HLD: previousAllInstallsDone is Optional[false], allInstallationsDone is Optional[true]
10-03 13:55:39.927  3010  3010 I Finsky  : [2] aczb.a(1029): IQ::HLD: Updating installations status false cross profiles
10-03 13:55:39.927  3010  3010 I Finsky  : [2] msl.b(18): XPF:Binding for 191977850
10-03 13:55:39.927  3010  3010 I Finsky  : [2] msl.b(29): Skipping binding because it's already bound.
10-03 13:55:39.927  3010  3010 I Finsky  : [2] msi.c(32): XPF:User UserHandle{0} is not in installation anymore, removing profile.
10-03 13:55:39.927  3010  3010 I Finsky  : [2] msi.c(91): XPF:Notifying user UserHandle{0} that all installs are finished
10-03 13:55:39.928  3010  3010 I Finsky  : [2] msl.d(18): XPF:unbinding for 191977850
10-03 13:55:39.928  3010  3114 I Finsky  : [157] msi.e(32): XPF:Removing listener for user UserHandle{0} and listener 153850694
10-03 13:55:39.929  3010  3074 I Finsky  : [136] llo.b(36): AU2: Failure History successfully updated for package com.google.android.gms, attempting to upgrade to version 241017017 with install reason AUTO_UPDATE and status_code 1404
10-03 13:55:39.939  3010  3092 I Finsky  : [154] sgy.a(6): IQ: start evaluating install requests.
10-03 13:55:39.940  3010  3093 I Finsky  : [155] sch.accept(1041): IQ: Finishing job 47
10-03 13:55:39.940  3010  3093 I Finsky  : [155] abvm.r(83): SCH: jobFinished: 3-47. TimeElapsed: 26011ms.
10-03 13:55:39.940  3010  3092 I Finsky  : [154] sgy.a(188): IQ: There are 0 installs pending for job 47: []
10-03 13:55:39.940  3010  3093 I Finsky  : [155] msl.d(18): XPF:unbinding for 172197471
10-03 13:55:39.940  3010  3092 I Finsky  : [154] sgy.a(290): IQ: No matching installs to run for jobs: [47]
10-03 13:55:39.941  3010  3093 I Finsky  : [155] msl.d(18): XPF:unbinding for 243358069
10-03 13:55:39.941  3010  3135 I Finsky  : [176] msi.e(32): XPF:Removing listener for user UserHandle{0} and listener 119216113
10-03 13:55:39.942  3010  3135 I Finsky  : [176] msi.e(32): XPF:Removing listener for user UserHandle{0} and listener 221958102
10-03 13:55:39.943  3010  3092 I Finsky  : [154] sgy.a(508): IQ: 0 scheduled install statuses found to proceed. 
10-03 13:55:39.957  3010  3093 I Finsky  : [155] abvh.a(15): SCH: no pending jobs to schedule.
10-03 13:55:39.958  3010  3164 I Finsky  : [180] abxi.a(26): SCH: job service finished with id 9862.
10-03 13:55:39.959  1866  2974 I ActivityManager: Killing 3169:com.android.chrome/u0a49 (adj 904): empty #17
10-03 13:55:39.960  1866  2974 I ActivityManager: Killing 3096:com.farmerbb.taskbar.androidx86/u0a31 (adj 906): empty #18
10-03 13:55:40.074  2402  3829 I chatty  : uid=10014(com.google.android.gms) CronetInit expire 3 lines
10-03 13:55:40.170  1866  3837 I chatty  : uid=1000 system_server expire 2 lines
10-03 13:55:40.170  1866  3836 I chatty  : uid=1000 system_server expire 2 lines
10-03 13:55:40.174  1866  1944 D ConnectivityService: NetworkAgentInfo [WIFI () - 100] validation failed
10-03 13:55:40.248  2308  2615 I chatty  : uid=10032(com.google.android.googlequicksearchbox) Lite Thread #0 expire 7 lines
10-03 13:55:40.252  2308  2616 I chatty  : uid=10032(com.google.android.googlequicksearchbox) Lite Thread #1 expire 3 lines
10-03 13:55:40.277  2308  2550 I chatty  : uid=10032(com.google.android.googlequicksearchbox) BG Thread #3 expire 3 lines
10-03 13:55:40.296  2308  2546 I chatty  : uid=10032(com.google.android.googlequicksearchbox) BG Thread #0 expire 1 line
10-03 13:55:40.316  2308  3035 E SingleDataFileGroupPop: Failed to add file group 
10-03 13:55:40.316  2308  3035 E PhFileGroupPop: Failed to add file group 
10-03 13:55:40.317  2308  3035 E PhFileGroupPop: Failed to add file group 
10-03 13:55:40.319  2308  3035 E d       : RuntimeException while executing runnable cc{com.google.apps.tiktok.tracing.fg@1df9acc} with executor MoreExecutors.directExecutor()
10-03 13:55:40.319  2308  3035 E d       : java.lang.NullPointerException: Attempt to read from field 'java.lang.String com.google.android.libraries.mdi.download.ak.b' on a null object reference
10-03 13:55:40.319  2308  3035 E d       : 	at com.google.android.libraries.mdi.download.h.bm.gk(PG:2)
10-03 13:55:40.319  2308  3035 E d       : 	at com.google.apps.tiktok.tracing.fg.gk(PG:3)
10-03 13:55:40.319  2308  3035 E d       : 	at com.google.common.util.concurrent.cc.run(PG:7)
10-03 13:55:40.319  2308  3035 E d       : 	at com.google.common.util.concurrent.bg.execute(PG:1)
10-03 13:55:40.319  2308  3035 E d       : 	at com.google.common.util.concurrent.d.i(PG:1)
10-03 13:55:40.319  2308  3035 E d       : 	at com.google.common.util.concurrent.d.b(PG:5)
10-03 13:55:40.319  2308  3035 E d       : 	at com.google.common.util.concurrent.cj.t(PG:1)
10-03 13:55:40.319  2308  3035 E d       : 	at com.google.android.libraries.mdi.download.h.bq.b(PG:26)
10-03 13:55:40.319  2308  3035 E d       : 	at com.google.android.libraries.mdi.download.hu.t(PG:3)
10-03 13:55:40.319  2308  3035 E d       : 	at com.google.android.libraries.mdi.download.fj.apply(Unknown Source:4)
10-03 13:55:40.319  2308  3035 E d       : 	at com.google.apps.tiktok.tracing.ex.apply(PG:3)
10-03 13:55:40.319  2308  3035 E d       : 	at com.google.common.util.concurrent.h.e(PG:2)
10-03 13:55:40.319  2308  3035 E d       : 	at com.google.common.util.concurrent.j.run(PG:9)
10-03 13:55:40.319  2308  3035 E d       : 	at com.google.common.util.concurrent.dq.run(PG:4)
10-03 13:55:40.319  2308  3035 E d       : 	at com.google.android.libraries.i.y.run(PG:1)
10-03 13:55:40.319  2308  3035 E d       : 	at java.util.concurrent.ThreadPoolExecutor.runWorker(ThreadPoolExecutor.java:1162)
10-03 13:55:40.319  2308  3035 E d       : 	at java.util.concurrent.ThreadPoolExecutor$Worker.run(ThreadPoolExecutor.java:636)
10-03 13:55:40.319  2308  3035 E d       : 	at com.google.android.libraries.i.d.run(PG:2)
10-03 13:55:40.319  2308  3035 E d       : 	at java.lang.Thread.run(Thread.java:764)
10-03 13:55:40.319  2308  3035 E d       : 	at com.google.android.libraries.i.ah.run(PG:5)
10-03 13:55:40.319  2308  3035 E PhFileGroupPop: Failed to add file group 
10-03 13:55:40.319  2308  3035 E PhFileGroupPop: Failed to add file group 
10-03 13:55:40.319  2308  3035 I A       : Scheduling next refresh
10-03 13:55:40.320  2308  3035 I A       : Scheduling next refresh
10-03 13:55:40.321  2308  3035 E SingleDataFileGroupPop: Failed to add file group 
10-03 13:55:40.321  2308  3035 I SheldonFTFilePpltr: #schedule SheldonFinetuningPlan refresh.
10-03 13:55:40.321  2308  3035 I SheldonFTFilePpltr: com.google.common.f.x: MEDIUM
10-03 13:55:40.321  2308  3035 I SheldonFTFilePpltr: 	at com.google.android.apps.search.fedora.m.v.b(PG:1)
10-03 13:55:40.321  2308  3035 I SheldonFTFilePpltr: 	at com.google.android.libraries.mdi.download.hu.t(PG:3)
10-03 13:55:40.321  2308  3035 I SheldonFTFilePpltr: 	at com.google.android.libraries.mdi.download.fj.apply(Unknown Source:4)
10-03 13:55:40.321  2308  3035 I SheldonFTFilePpltr: 	at com.google.apps.tiktok.tracing.ex.apply(PG:3)
10-03 13:55:40.321  2308  3035 I SheldonFTFilePpltr: 	at com.google.common.util.concurrent.h.e(PG:2)
10-03 13:55:40.321  2308  3035 I SheldonFTFilePpltr: 	at com.google.common.util.concurrent.j.run(PG:9)
10-03 13:55:40.321  2308  3035 I SheldonFTFilePpltr: 	at com.google.common.util.concurrent.dq.run(PG:4)
10-03 13:55:40.321  2308  3035 I SheldonFTFilePpltr: 	at com.google.android.libraries.i.y.run(PG:1)
10-03 13:55:40.321  2308  3035 I SheldonFTFilePpltr: 	at java.util.concurrent.ThreadPoolExecutor.runWorker(ThreadPoolExecutor.java:1162)
10-03 13:55:40.321  2308  3035 I SheldonFTFilePpltr: 	at java.util.concurrent.ThreadPoolExecutor$Worker.run(ThreadPoolExecutor.java:636)
10-03 13:55:40.321  2308  3035 I SheldonFTFilePpltr: 	at com.google.android.libraries.i.d.run(PG:2)
10-03 13:55:40.321  2308  3035 I SheldonFTFilePpltr: 	at java.lang.Thread.run(Thread.java:764)
10-03 13:55:40.321  2308  3035 I SheldonFTFilePpltr: 	at com.google.android.libraries.i.ah.run(PG:5)
10-03 13:55:40.321  2308  3035 I SheldonFTFilePpltr: Finetuning mdd download flag not enabled, scheduling pack deletion.
10-03 13:55:40.321  2308  3035 I SheldonFTFilePpltr: Purging SheldonFinetuningFileGroup...
10-03 13:55:40.322  2308  3035 I ZipLPPopulator: #scheduleLanguagePackDeletion
10-03 13:55:40.322  2308  3035 I ZipLPPopulator: com.google.common.f.x: MEDIUM
10-03 13:55:40.322  2308  3035 I ZipLPPopulator: 	at com.google.android.libraries.as.b.b.k.ag.b(PG:1)
10-03 13:55:40.322  2308  3035 I ZipLPPopulator: 	at com.google.android.libraries.mdi.download.hu.t(PG:3)
10-03 13:55:40.322  2308  3035 I ZipLPPopulator: 	at com.google.android.libraries.mdi.download.fj.apply(Unknown Source:4)
10-03 13:55:40.322  2308  3035 I ZipLPPopulator: 	at com.google.apps.tiktok.tracing.ex.apply(PG:3)
10-03 13:55:40.322  2308  3035 I ZipLPPopulator: 	at com.google.common.util.concurrent.h.e(PG:2)
10-03 13:55:40.322  2308  3035 I ZipLPPopulator: 	at com.google.common.util.concurrent.j.run(PG:9)
10-03 13:55:40.322  2308  3035 I ZipLPPopulator: 	at com.google.common.util.concurrent.dq.run(PG:4)
10-03 13:55:40.322  2308  3035 I ZipLPPopulator: 	at com.google.android.libraries.i.y.run(PG:1)
10-03 13:55:40.322  2308  3035 I ZipLPPopulator: 	at java.util.concurrent.ThreadPoolExecutor.runWorker(ThreadPoolExecutor.java:1162)
10-03 13:55:40.322  2308  3035 I ZipLPPopulator: 	at java.util.concurrent.ThreadPoolExecutor$Worker.run(ThreadPoolExecutor.java:636)
10-03 13:55:40.322  2308  3035 I ZipLPPopulator: 	at com.google.android.libraries.i.d.run(PG:2)
10-03 13:55:40.322  2308  3035 I ZipLPPopulator: 	at java.lang.Thread.run(Thread.java:764)
10-03 13:55:40.322  2308  3035 I ZipLPPopulator: 	at com.google.android.libraries.i.ah.run(PG:5)
10-03 13:55:40.322  2308  3035 I ZipLPPopulator: #addNewFileGroups
10-03 13:55:40.322  2308  3035 I A       : #getDownloadableLanguagePacks
10-03 13:55:40.322  2308  2616 I LPRequestState: (REDACTED) [%s] #resolveDesiredLanguagePacks
10-03 13:55:40.323  2308  3035 I A       : (REDACTED) Download file group for language pack: %s
10-03 13:55:40.323  2308  3035 W A       : (REDACTED) Locale %s is not compatible, please check manifest exists
10-03 13:55:40.324  2308  2616 I A       : #getInstalledPackages
10-03 13:55:40.324  2308  3035 I A       : getLocaleToModelSpecsMap
10-03 13:55:40.325  2308  3035 I A       : getLocaleToModelSpecsMap
10-03 13:55:40.325  2308  3035 I A       : Proto config empty. Exit merge.
10-03 13:55:40.325  2308  3035 I HotwordModelPopulator: (REDACTED) #updateHotwordFileGroup group name: %s, raw locale: %s, locale: %s
10-03 13:55:40.326  2308  3035 I A       : getLocaleToModelSpecsMap
10-03 13:55:40.327  2308  3035 I A       : getLocaleToModelSpecsMap
10-03 13:55:40.327  2308  3035 I A       : Proto config empty. Exit merge.
10-03 13:55:40.327  2308  3035 I HotwordModelPopulator: (REDACTED) #updateHotwordFileGroup group name: %s, raw locale: %s, locale: %s
10-03 13:55:40.328  2308  3035 I A       : getLocaleToModelSpecsMap
10-03 13:55:40.328  2308  3035 I A       : Proto config empty. Exit merge.
10-03 13:55:40.329  2308  3035 I HotwordModelPopulator: (REDACTED) #updateHotwordFileGroup group name: %s, raw locale: %s, locale: %s
10-03 13:55:40.330  2308  3035 D PhFileGroupPop: Added file groups fedass_policy_config_group
10-03 13:55:40.332  2308  2615 I SheldonFTFilePpltr: Attempt to add empty FileGroup completed.
10-03 13:55:40.337  2308  2615 I LPRequestState: (REDACTED) [%s] #resolveUnusedLanguagePacks
10-03 13:55:40.337  2308  2615 I LPRequestState: (REDACTED) [%s] #resolveDesiredLanguagePacks
10-03 13:55:40.340  2308  2547 I MicroModelsUtil: (REDACTED) #getHotwordModelFromMobstore [mobstoreUri: %s]
10-03 13:55:40.341  2308  2547 I HotwordModelPopulator: (REDACTED) Updated file group for locale '%s' from location: %s. Download already finished. Version: %d
10-03 13:55:40.341  2308  2547 I HotwordModelPopulator: (REDACTED) Updated file group for locale '%s' from location: %s. Download in progress, but older model found. Expected version: %d. Found version: %d
10-03 13:55:40.341  2308  2550 I MicroModelsUtil: (REDACTED) #getHotwordModelFromMobstore [mobstoreUri: %s]
10-03 13:55:40.342  2308  2550 I HotwordModelPopulator: (REDACTED) Updated file group for locale '%s' from location: %s. Download already finished. Version: %d
10-03 13:55:40.342  2308  2550 I HotwordModelPopulator: (REDACTED) Updated file group for locale '%s' from location: %s. Download in progress, but older model found. Expected version: %d. Found version: %d
10-03 13:55:40.342  2308  2550 I MicroModelsUtil: (REDACTED) #getHotwordModelFromMobstore [mobstoreUri: %s]
10-03 13:55:40.343  2308  2550 I HotwordModelPopulator: (REDACTED) Updated file group for locale '%s' from location: %s. Download already finished. Version: %d
10-03 13:55:40.343  2308  2550 I HotwordModelPopulator: (REDACTED) Updated file group for locale '%s' from location: %s. Download in progress, but older model found. Expected version: %d. Found version: %d
10-03 13:55:40.483  2551  3848 I chatty  : uid=10014(com.google.android.gms) expire 1 line
10-03 13:55:40.505  2402  3823 I chatty  : uid=10014 com.google.android.gms.persistent expire 25 lines
10-03 13:55:40.856  2551  3026 I chatty  : uid=10014(com.google.android.gms) expire 23 lines
10-03 13:55:41.172  2551  3847 I chatty  : uid=10014(com.google.android.gms) lowpool[14] expire 17 lines
10-03 13:55:41.360  2308  2615 I A       : Running throttled refresh
10-03 13:55:41.360  2308  2615 I A       : Running throttled refresh
10-03 13:55:41.361  2308  2546 E MDD     : GddFileGroupPopulator: Account was not provided, skipping private sync for corpus: GDD_APA_BISTO, configuration: GddAgsaApaBisto
10-03 13:55:41.363  2308  2547 E MDD     : GddFileGroupPopulator: Account was not provided, skipping private sync for corpus: GDD_APA_HOTWORD_MODEL, configuration: GddAgsaApaHotword
10-03 13:55:41.363  2308  2546 E MDD     : GddFileGroupPopulator: Account was not provided, skipping private sync for corpus: GDD_APA_HEAD_SUGGEST, configuration: GddAgsaApaHeadSuggest
10-03 13:55:41.363  2308  2548 E MDD     : GddFileGroupPopulator: Account was not provided, skipping private sync for corpus: GDD_APA_LIGHTWEIGHT_TOKENS, configuration: GddAgsaApaLightweightTokens
10-03 13:55:41.363  2308  2615 I A       : (REDACTED) Starting batch sync for corpora: %s
10-03 13:55:41.364  2308  2547 W A       : (REDACTED) Corpus: %s is disabled
10-03 13:55:41.366  2308  2616 I A       : (REDACTED) Starting batch sync for corpora: %s
10-03 13:55:41.367  2308  2548 I DPContextParams: Building Device Properties.
10-03 13:55:41.368  2308  2616 I A       : (REDACTED) Starting batch sync for corpora: %s
10-03 13:55:41.372  2308  2550 I DPContextParams: Building Device Properties.
10-03 13:55:41.374  2308  2547 I DPContextParams: Building Device Properties.
10-03 13:55:41.378  2308  2548 W A       : No battery percentage
10-03 13:55:41.379  2308  2323 I zygote64: Do partial code cache collection, code=1015KB, data=657KB
10-03 13:55:41.379  2308  2323 I zygote64: After code cache collection, code=949KB, data=634KB
10-03 13:55:41.379  2308  2323 I zygote64: Increasing code cache capacity to 3MB
10-03 13:55:41.380  2308  2547 W A       : No battery percentage
10-03 13:55:41.380  2308  2546 W A       : No battery percentage
10-03 13:55:41.386  2308  2806 I A       : (REDACTED) The GellerConfig is not present, defaulting isUploadEnabled for corpus %s to true.
10-03 13:55:41.387  2308  2806 I A       : (REDACTED) The GellerConfig is not present, defaulting isUploadEnabled for corpus %s to true.
10-03 13:55:41.388  2308  3035 I A       : (REDACTED) The syncToken for corpus %s is %s.
10-03 13:55:41.389  2308  2530 I A       : (REDACTED) The syncToken for corpus %s is %s.
10-03 13:55:41.389  2308  2806 I A       : (REDACTED) The GellerConfig is not present, defaulting isUploadEnabled for corpus %s to true.
