10-03 13:55:04.883  2315  2333 I chatty  : uid=10032(com.google.android.googlequicksearchbox) HeapTaskDaemon expire 1 line
10-03 13:55:04.901  2308  2323 I chatty  : uid=10032(com.google.android.googlequicksearchbox) Jit thread pool expire 32 lines
10-03 13:55:04.949  1866  2353 I ActivityManager: Start proc 2551:com.google.android.gms/u0a14 for service com.google.android.gms/.chimera.GmsBoundBrokerService
10-03 13:55:04.964  2551  2551 I chatty  : uid=10014(com.google.android.gms) expire 57 lines
10-03 13:55:05.013  1866  2255 I ActivityManager: Start proc 2568:android.process.media/u0a11 for broadcast com.android.providers.downloads/.DownloadReceiver
10-03 13:55:05.017  2568  2568 W zygote64: Unexpected CPU variant for X86 using defaults: x86_64
10-03 13:55:05.028  2402  2405 I chatty  : uid=10014(com.google.android.gms) Jit thread pool expire 29 lines
10-03 13:55:05.034  2084  2084 I wpa_supplicant: wlan0: CTRL-EVENT-REGDOM-CHANGE init=BEACON_HINT type=UNKNOWN
10-03 13:55:05.043  2315  2326 I chatty  : uid=10032(com.google.android.googlequicksearchbox) Jit thread pool expire 22 lines
10-03 13:55:05.044  1866  2353 I chatty  : uid=1000(system) Binder:1866_7 expire 4 lines
10-03 13:55:05.048  1766  1766 W wificond: Scan is not started. Ignore abort request
10-03 13:55:05.080  2357  2357 I Choreographer: Skipped 85 frames!  The application may be doing too much work on its main thread.
10-03 13:55:05.082  1643  1643 I loop0   : type=1400 audit(0.0:424): avc: denied { read } for path="/mnt/android-8.1-r6/system.img" dev="sda1" ino=27557895 scontext=u:r:kernel:s0 tcontext=u:object_r:unlabeled:s0 tclass=file permissive=1
10-03 13:55:05.099  1866  2255 W ActivityManager: Slow operation: 65ms so far, now at attachApplicationLocked: before bindApplication
10-03 13:55:05.100  1866  2255 W ActivityManager: Slow operation: 65ms so far, now at attachApplicationLocked: immediately before bindApplication
10-03 13:55:05.100  1866  2255 W ActivityManager: Slow operation: 65ms so far, now at attachApplicationLocked: immediately after bindApplication
10-03 13:55:05.100  1866  2255 W ActivityManager: Slow operation: 65ms so far, now at attachApplicationLocked: after updateLruProcessLocked
10-03 13:55:05.106  1866  2255 W ActivityManager: Slow operation: 71ms so far, now at attachApplicationLocked: after mServices.attachApplicationLocked
10-03 13:55:05.107  1866  2255 W ActivityManager: Slow operation: 72ms so far, now at attachApplicationLocked: after sendPendingBroadcastsLocked
10-03 13:55:05.108  2357  2357 E SchedPolicy: set_timerslack_ns write failed: Operation not permitted
10-03 13:55:05.109  2402  2415 I chatty  : uid=10014(com.google.android.gms) HeapTaskDaemon expire 4 lines
10-03 13:55:05.111  2357  2357 E SchedPolicy: set_timerslack_ns write failed: Operation not permitted
10-03 13:55:05.123  2568  2568 I zygote64: The ClassLoaderContext is a special shared library.
10-03 13:55:05.139  2084  2084 I wpa_supplicant: wlan0: Trying to associate with d6:ec:e9:3e:a8:92 (SSID='VirtWifi' freq=5240 MHz)
10-03 13:55:05.146  2568  2568 I zygote64: The ClassLoaderContext is a special shared library.
10-03 13:55:05.191  1866  1877 I ActivityManager: Start proc 2591:com.google.process.gapps/u0a14 for content provider com.google.android.gsf/.settings.GoogleSettingsProvider
10-03 13:55:05.192  2591  2591 I main    : type=1400 audit(0.0:426): avc: denied { mounton } for path="/storage" dev="tmpfs" ino=6109 scontext=u:r:zygote:s0 tcontext=u:object_r:tmpfs:s0 tclass=dir permissive=1
10-03 13:55:05.195  2591  2591 I chatty  : uid=10014(com.google.android.gms) com.google.process.gapps identical 3 lines
10-03 13:55:05.269  2402  2545 I chatty  : uid=10014(com.google.android.gms) highpool[2] expire 12 lines
10-03 13:55:05.343  2568  2568 D MediaScannerReceiver: action: android.intent.action.MEDIA_MOUNTED path: /storage/emulated/0
10-03 13:55:05.377  2308  2620 I chatty  : uid=10032(com.google.android.googlequicksearchbox) EventBus0 expire 158 lines
10-03 13:55:05.402  2551  2627 I chatty  : uid=10014(com.google.android.gms) highpool[0] expire 14 lines
10-03 13:55:05.419  1970  1970 W ResourceType: ResTable_typeSpec entry count inconsistent: given 212, previously 242
10-03 13:55:05.425  1970  1970 W ResourceType: ResTable_typeSpec entry count inconsistent: given 3287, previously 8388
10-03 13:55:05.425  1970  1970 W ResourceType: ResTable_typeSpec entry count inconsistent: given 5209, previously 5208
10-03 13:55:05.474  2551  2564 I chatty  : uid=10014(com.google.android.gms) Binder:2551_1 expire 4 lines
10-03 13:55:05.510  2402  2632 I chatty  : uid=10014(com.google.android.gms) FlpThread expire 1 line
10-03 13:55:05.511  2315  2638 I chatty  : uid=10032(com.google.android.googlequicksearchbox) BG Thread #2 expire 13 lines
10-03 13:55:05.521  2315  2649 I chatty  : uid=10032(com.google.android.googlequicksearchbox) Lite Thread #0 expire 29 lines
10-03 13:55:05.527  2315  2637 I chatty  : uid=10032(com.google.android.googlequicksearchbox) BG Thread #1 expire 4 lines
10-03 13:55:05.539  2315  2653 I chatty  : uid=10032(com.google.android.googlequicksearchbox) Lite Thread #1 expire 28 lines
10-03 13:55:05.544  2315  2605 I chatty  : uid=10032(com.google.android.googlequicksearchbox) BG Thread #0 expire 3 lines
10-03 13:55:05.578  2551  2557 I chatty  : uid=10014(com.google.android.gms) Jit thread pool expire 30 lines
10-03 13:55:05.633  1965  1965 I LatinIME: Timeout waiting for dictionary load
10-03 13:55:05.794  2308  2614 I chatty  : uid=10032(com.google.android.googlequicksearchbox) Binder:2308_4 expire 2 lines
10-03 13:55:05.834  2402  2436 I chatty  : uid=10014(com.google.android.gms) Binder:2402_3 expire 3 lines
10-03 13:55:05.876  2665  2665 W zygote64: Unexpected CPU variant for X86 using defaults: x86_64
10-03 13:55:05.882  1866  1866 I ActivityManager: Start proc 2665:com.android.dialer/u0a17 for broadcast com.android.dialer/.app.calllog.CallLogReceiver
10-03 13:55:05.906  2665  2665 I zygote64: The ClassLoaderContext is a special shared library.
10-03 13:55:05.909  1866  2664 I chatty  : uid=1000 system_server expire 1 line
10-03 13:55:05.913  2308  2339 I chatty  : uid=10032(com.google.android.googlequicksearchbox) HeapTaskDaemon expire 5 lines
10-03 13:55:05.978  2308  2616 I chatty  : uid=10032(com.google.android.googlequicksearchbox) Lite Thread #1 expire 42 lines
10-03 13:55:06.089  2665  2665 I Dialer  : NonUiTaskBuilder.newThread - creating parallel thread
10-03 13:55:06.095  2665  2691 W TelecomManager: Telecom Service not found.
10-03 13:55:06.095  2665  2691 W Dialer  : TelecomUtil - Dialer is not currently set to be default dialer
10-03 13:55:06.095  2665  2691 I Dialer  : BlockedNumbersAutoMigrator - not attempting auto-migrate: current user can't block
10-03 13:55:06.109  2402  2685 I chatty  : uid=10014(com.google.android.gms) GoogleLocationS expire 2 lines
10-03 13:55:06.122  2665  2665 I Dialer  : CallLogFramework.registerContentObservers - enter
10-03 13:55:06.122  1866  1877 I chatty  : uid=1000(system) Binder:1866_1 expire 3 lines
10-03 13:55:06.126  2665  2665 I Dialer  : CallLogFramework.registerContentObservers - new call log not enabled
10-03 13:55:06.137  2665  2665 W TelecomManager: Telecom Service not found.
10-03 13:55:06.137  2665  2665 I Dialer  : VisualVoicemailUpdateTask.scheduleTask - not default dialer, not running
10-03 13:55:06.138  2051  2051 D CarrierConfigLoader: mHandler: 13 phoneId: 0
10-03 13:55:06.152  2051  2051 W TelecomManager: Telecom Service not found.
10-03 13:55:06.155  2051  2698 D SIP     : [SipPreferences] isReceivingCallsEnabled, option not set; use default value, exception: android.provider.Settings$SettingNotFoundException: sip_receive_calls
10-03 13:55:06.161  2699  2699 W zygote64: Unexpected CPU variant for X86 using defaults: x86_64
10-03 13:55:06.163  1866  2255 I ActivityManager: Start proc 2699:com.android.calendar/u0a42 for broadcast com.android.calendar/.alerts.AlertReceiver
10-03 13:55:06.164  2402  2543 I chatty  : uid=10014 com.google.android.gms.persistent expire 3 lines
10-03 13:55:06.181  1866  2255 I chatty  : uid=1000(system) Binder:1866_6 expire 6 lines
10-03 13:55:06.190  2699  2699 I zygote64: The ClassLoaderContext is a special shared library.
10-03 13:55:06.211  2402  2715 I chatty  : uid=10014(com.google.android.gms) highpool[5] expire 78 lines
10-03 13:55:06.215  2402  2609 I chatty  : uid=10014(com.google.android.gms) GoogleApiHandle expire 11 lines
10-03 13:55:06.234  2720  2720 I main    : type=1400 audit(0.0:429): avc: denied { dac_read_search } for capability=2 scontext=u:r:zygote:s0 tcontext=u:r:zygote:s0 tclass=capability permissive=1
10-03 13:55:06.234  2720  2720 I main    : type=1400 audit(0.0:430): avc: denied { create } for name="cgroup.procs" scontext=u:r:zygote:s0 tcontext=u:object_r:cgroup:s0 tclass=file permissive=1
10-03 13:55:06.236  2720  2720 I chatty  : uid=10014 com.google.android.gms.unstable identical 13 lines
10-03 13:55:06.240  1866  2255 I ActivityManager: Start proc 2720:com.google.android.gms.unstable/u0a14 for service com.google.android.gms/.droidguard.DroidGuardService
10-03 13:55:06.300  2308  2615 I chatty  : uid=10032(com.google.android.googlequicksearchbox) Lite Thread #0 expire 75 lines
10-03 13:55:06.301  2551  2645 I chatty  : uid=10014(com.google.android.gms) expire 11 lines
10-03 13:55:06.305  2308  2743 I chatty  : uid=10032 com.google.android.googlequicksearchbox:search expire 2 lines
10-03 13:55:06.339  2699  2699 D ExtensionsFactory: No custom extensions.
10-03 13:55:06.341  2699  2699 D AlertReceiver: onReceive: a=android.intent.action.BOOT_COMPLETED Intent { act=android.intent.action.BOOT_COMPLETED flg=0x9000010 cmp=com.android.calendar/.alerts.AlertReceiver (has extras) }
10-03 13:55:06.341  2308  2529 I chatty  : uid=10032 com.google.android.googlequicksearchbox:search expire 3 lines
10-03 13:55:06.353  1866  1877 I ActivityManager: Start proc 2754:com.android.cellbroadcastreceiver/u0a9 for broadcast com.android.cellbroadcastreceiver/.CellBroadcastReceiver
10-03 13:55:06.356  2754  2754 W zygote64: Unexpected CPU variant for X86 using defaults: x86_64
10-03 13:55:06.364  1749  1749 I lmkd    : type=1400 audit(0.0:431): avc: denied { dac_read_search } for capability=2 scontext=u:r:lmkd:s0 tcontext=u:r:lmkd:s0 tclass=capability permissive=1
10-03 13:55:06.374  2754  2754 I zygote64: The ClassLoaderContext is a special shared library.
10-03 13:55:06.379  2699  2699 D AlertUtils: Flushing old alerts from shared prefs table
10-03 13:55:06.380  2699  2752 D AlertService: 0 Action = android.intent.action.BOOT_COMPLETED
10-03 13:55:06.381  2699  2752 D AlertService: Scheduling next alarm with AlarmScheduler. sEventReminderReceived: null
10-03 13:55:06.388  2772  2772 W zygote64: Unexpected CPU variant for X86 using defaults: x86_64
10-03 13:55:06.392  1866  1877 I ActivityManager: Start proc 2772:com.android.providers.calendar/u0a5 for content provider com.android.providers.calendar/.CalendarProvider2
10-03 13:55:06.427  2720  2782 I chatty  : uid=10014(com.google.android.gms) highpool[0] expire 4 lines
10-03 13:55:06.436  2772  2772 I zygote64: The ClassLoaderContext is a special shared library.
10-03 13:55:06.436  2551  2643 I chatty  : uid=10014(com.google.android.gms) expire 4 lines
10-03 13:55:06.455  2772  2772 I zygote64: The ClassLoaderContext is a special shared library.
10-03 13:55:06.467  2772  2772 I zygote64: The ClassLoaderContext is a special shared library.
10-03 13:55:06.479  2754  2754 D CellBroadcastReceiver: onReceive Intent { act=android.intent.action.BOOT_COMPLETED flg=0x9000010 cmp=com.android.cellbroadcastreceiver/.CellBroadcastReceiver (has extras) }
10-03 13:55:06.480  2754  2754 D CellBroadcastReceiver: Start Cell Broadcast configuration.
10-03 13:55:06.515  2720  2732 I chatty  : uid=10014(com.google.android.gms) Binder:2720_1 expire 7 lines
10-03 13:55:06.517  2754  2754 D CellBroadcastReceiver: Default interval 0 did not change.
10-03 13:55:06.528  2051  2064 D IccSmsInterfaceManager: [IccSmsInterfaceManager] Calling setCdmaBroadcastConfig with 1 configurations
10-03 13:55:06.528  2051  2064 D IccSmsInterfaceManager: [IccSmsInterfaceManager] Failed to add cdma broadcast subscription for MID range 4096 to 4096 from client com.android.cellbroadcastreceiver
10-03 13:55:06.530  2051  2064 D IccSmsInterfaceManager: [IccSmsInterfaceManager] Calling setCdmaBroadcastConfig with 1 configurations
10-03 13:55:06.530  2051  2064 D IccSmsInterfaceManager: [IccSmsInterfaceManager] Failed to add cdma broadcast subscription for MID range 4097 to 4097 from client com.android.cellbroadcastreceiver
10-03 13:55:06.531  2051  2064 D IccSmsInterfaceManager: [IccSmsInterfaceManager] Calling setCdmaBroadcastConfig with 1 configurations
10-03 13:55:06.531  2051  2064 D IccSmsInterfaceManager: [IccSmsInterfaceManager] Failed to add cdma broadcast subscription for MID range 4098 to 4098 from client com.android.cellbroadcastreceiver
10-03 13:55:06.531  2051  2064 D IccSmsInterfaceManager: [IccSmsInterfaceManager] Calling setCdmaBroadcastConfig with 1 configurations
10-03 13:55:06.531  2051  2064 D IccSmsInterfaceManager: [IccSmsInterfaceManager] Failed to add cdma broadcast subscription for MID range 4099 to 4099 from client com.android.cellbroadcastreceiver
10-03 13:55:06.532  1866  2255 I ActivityManager: Start proc 2811:com.android.contacts/u0a8 for broadcast com.android.contacts/.interactions.OnBootOrUpgradeReceiver
10-03 13:55:06.537  2051  2064 D IccSmsInterfaceManager: [IccSmsInterfaceManager] Failed to remove cdma broadcast subscription for MID range 4100 to 4100 from client com.android.cellbroadcastreceiver
10-03 13:55:06.537  2811  2811 W zygote64: Unexpected CPU variant for X86 using defaults: x86_64
10-03 13:55:06.538  2051  2064 D IccSmsInterfaceManager: [IccSmsInterfaceManager] Calling setGsmBroadcastConfig with 1 configurations
10-03 13:55:06.538  2051  2064 D IccSmsInterfaceManager: [IccSmsInterfaceManager] Failed to add GSM cell broadcast subscription for MID range 4352 to 4354 from client com.android.cellbroadcastreceiver
10-03 13:55:06.540  2051  2064 D IccSmsInterfaceManager: [IccSmsInterfaceManager] Calling setGsmBroadcastConfig with 1 configurations
10-03 13:55:06.541  2051  2064 D IccSmsInterfaceManager: [IccSmsInterfaceManager] Failed to add GSM cell broadcast subscription for MID range 4356 to 4356 from client com.android.cellbroadcastreceiver
10-03 13:55:06.542  2051  2064 D IccSmsInterfaceManager: [IccSmsInterfaceManager] Failed to remove GSM cell broadcast subscription for MID range 4355 to 4355 from client com.android.cellbroadcastreceiver
10-03 13:55:06.543  2051  2064 D IccSmsInterfaceManager: [IccSmsInterfaceManager] Calling setGsmBroadcastConfig with 1 configurations
10-03 13:55:06.543  2051  2064 D IccSmsInterfaceManager: [IccSmsInterfaceManager] Failed to add GSM cell broadcast subscription for MID range 4370 to 4370 from client com.android.cellbroadcastreceiver
10-03 13:55:06.545  2051  2064 D IccSmsInterfaceManager: [IccSmsInterfaceManager] Calling setGsmBroadcastConfig with 1 configurations
10-03 13:55:06.545  2051  2064 D IccSmsInterfaceManager: [IccSmsInterfaceManager] Failed to add GSM cell broadcast subscription for MID range 4371 to 4372 from client com.android.cellbroadcastreceiver
10-03 13:55:06.546  2051  2064 D IccSmsInterfaceManager: [IccSmsInterfaceManager] Calling setGsmBroadcastConfig with 1 configurations
10-03 13:55:06.547  2051  2064 D IccSmsInterfaceManager: [IccSmsInterfaceManager] Failed to add GSM cell broadcast subscription for MID range 4373 to 4378 from client com.android.cellbroadcastreceiver
10-03 13:55:06.549  2402  2683 I chatty  : uid=10014 com.google.android.gms.persistent expire 4 lines
10-03 13:55:06.553  2051  2064 D IccSmsInterfaceManager: [IccSmsInterfaceManager] Calling setGsmBroadcastConfig with 1 configurations
10-03 13:55:06.553  2051  2064 D IccSmsInterfaceManager: [IccSmsInterfaceManager] Failed to add GSM cell broadcast subscription for MID range 4379 to 4379 from client com.android.cellbroadcastreceiver
10-03 13:55:06.556  2051  2064 D IccSmsInterfaceManager: [IccSmsInterfaceManager] Failed to remove GSM cell broadcast subscription for MID range 4380 to 4382 from client com.android.cellbroadcastreceiver
10-03 13:55:06.558  2051  2064 D IccSmsInterfaceManager: [IccSmsInterfaceManager] Calling setGsmBroadcastConfig with 1 configurations
10-03 13:55:06.558  2051  2064 D IccSmsInterfaceManager: [IccSmsInterfaceManager] Failed to add GSM cell broadcast subscription for MID range 4383 to 4383 from client com.android.cellbroadcastreceiver
10-03 13:55:06.559  2051  2064 D IccSmsInterfaceManager: [IccSmsInterfaceManager] Calling setGsmBroadcastConfig with 1 configurations
10-03 13:55:06.559  2051  2064 D IccSmsInterfaceManager: [IccSmsInterfaceManager] Failed to add GSM cell broadcast subscription for MID range 4384 to 4385 from client com.android.cellbroadcastreceiver
10-03 13:55:06.560  2051  2064 D IccSmsInterfaceManager: [IccSmsInterfaceManager] Calling setGsmBroadcastConfig with 1 configurations
10-03 13:55:06.560  2051  2064 D IccSmsInterfaceManager: [IccSmsInterfaceManager] Failed to add GSM cell broadcast subscription for MID range 4386 to 4391 from client com.android.cellbroadcastreceiver
10-03 13:55:06.561  2051  2064 D IccSmsInterfaceManager: [IccSmsInterfaceManager] Calling setGsmBroadcastConfig with 1 configurations
10-03 13:55:06.561  2051  2064 D IccSmsInterfaceManager: [IccSmsInterfaceManager] Failed to add GSM cell broadcast subscription for MID range 4392 to 4392 from client com.android.cellbroadcastreceiver
10-03 13:55:06.562  2051  2064 D IccSmsInterfaceManager: [IccSmsInterfaceManager] Failed to remove GSM cell broadcast subscription for MID range 4393 to 4395 from client com.android.cellbroadcastreceiver
10-03 13:55:06.574  2811  2811 I zygote64: The ClassLoaderContext is a special shared library.
10-03 13:55:06.581  2720  2731 I chatty  : uid=10014(com.google.android.gms) HeapTaskDaemon expire 4 lines
10-03 13:55:06.604  2772  2772 I CalendarProvider2: Created com.android.providers.calendar.CalendarAlarmManager@16be720(com.android.providers.calendar.CalendarProvider2@e1d58d9)
10-03 13:55:06.614  2720  2725 I chatty  : uid=10014(com.google.android.gms) Jit thread pool expire 14 lines
10-03 13:55:06.635  2315  2639 I chatty  : uid=10032(com.google.android.googlequicksearchbox) BG Thread #3 expire 7 lines
10-03 13:55:06.635  2402  2830 I chatty  : uid=10014 com.google.android.gms.persistent expire 4 lines
10-03 13:55:06.691  1866  1877 D BluetoothManagerService: Trying to bind to profile: 1, while Bluetooth was disabled
10-03 13:55:06.717  2402  2590 I chatty  : uid=10014(com.google.android.gms) highpool[3] expire 2 lines
10-03 13:55:06.730  2315  2588 I chatty  : uid=10032(com.google.android.googlequicksearchbox) Lite Thread #0 expire 1 line
10-03 13:55:06.735  2287  2287 I AlarmClock: AlarmInitReceiver android.intent.action.BOOT_COMPLETED
10-03 13:55:06.737  1866  2046 D ConnectivityService: requestNetwork for uid/pid:10032/2308 NetworkRequest [ TRACK_DEFAULT id=9, [ Capabilities: INTERNET&NOT_RESTRICTED&TRUSTED&NOT_VPN] ]
10-03 13:55:06.737  2051  2051 D PhoneSwitcherNetworkRequstListener: got request NetworkRequest [ TRACK_DEFAULT id=9, [ Capabilities: INTERNET&NOT_RESTRICTED&TRUSTED&NOT_VPN] ] with score 0
10-03 13:55:06.748  1866  2046 I ActivityManager: Start proc 2841:android.process.acore/u0a2 for content provider com.android.providers.contacts/.ContactsProvider2
10-03 13:55:06.751  2315  2532 I chatty  : uid=10032 com.google.android.googlequicksearchbox:interactor expire 4 lines
10-03 13:55:06.755  2308  2530 I chatty  : uid=10032 com.google.android.googlequicksearchbox:search expire 6 lines
10-03 13:55:06.758  2308  2341 I chatty  : uid=10032(com.google.android.googlequicksearchbox) Binder:2308_2 expire 37 lines
10-03 13:55:06.760  2841  2841 W zygote64: Unexpected CPU variant for X86 using defaults: x86_64
10-03 13:55:06.784  2308  2546 I chatty  : uid=10032(com.google.android.googlequicksearchbox) BG Thread #0 expire 24 lines
10-03 13:55:06.786  1866  2066 I chatty  : uid=1000(system) Binder:1866_5 expire 8 lines
10-03 13:55:06.786  2308  2547 I chatty  : uid=10032(com.google.android.googlequicksearchbox) BG Thread #1 expire 141 lines
10-03 13:55:06.786  2308  2548 I chatty  : uid=10032(com.google.android.googlequicksearchbox) BG Thread #2 expire 186 lines
10-03 13:55:06.802  2841  2841 I zygote64: The ClassLoaderContext is a special shared library.
10-03 13:55:06.855  2841  2841 I ContactsPerf: VoicemailContentProvider.onCreate start
10-03 13:55:06.856  2841  2841 I ContactsPerf: VoicemailContentProvider.onCreate finish
10-03 13:55:06.858  2841  2841 I zygote64: The ClassLoaderContext is a special shared library.
10-03 13:55:06.882  2720  2849 I chatty  : uid=10014(com.google.android.gms) CronetInit expire 3 lines
10-03 13:55:06.891  2720  2865 I chatty  : uid=10014(com.google.android.gms) ThreadPoolForeg expire 1 line
10-03 13:55:06.891  2841  2864 D ContactsDatabaseHelper: WAL enabled for contacts2.db: true
10-03 13:55:06.927  2841  2841 I zygote64: The ClassLoaderContext is a special shared library.
10-03 13:55:06.929  2551  2563 I chatty  : uid=10014(com.google.android.gms) HeapTaskDaemon expire 4 lines
10-03 13:55:06.973  2308  2519 I chatty  : uid=10032(com.google.android.googlequicksearchbox) GoogleApiHandle expire 2 lines
10-03 13:55:07.005  1760  1760 I keystore: del USRPKEY_unstable.c7202ece89390c490b1b94d5b71225e1.fallback 10014
10-03 13:55:07.007  1760  1760 I keystore: del USRSKEY_unstable.c7202ece89390c490b1b94d5b71225e1.fallback 10014
10-03 13:55:07.007  1760  1760 I keystore: del USRCERT_unstable.c7202ece89390c490b1b94d5b71225e1.fallback 10014
10-03 13:55:07.007  1760  1760 I keystore: del CACERT_unstable.c7202ece89390c490b1b94d5b71225e1.fallback 10014
10-03 13:55:07.027  2551  2645 W PackageParser: Unknown element under <manifest>: queries at /data/user_de/0/com.google.android.gms/app_chimera/m/00000006/AdsDynamite.apk Binary XML file line #15
10-03 13:55:07.061  2308  2809 I chatty  : uid=10032 com.google.android.googlequicksearchbox:search expire 43 lines
10-03 13:55:07.062  2308  2527 I chatty  : uid=10032 com.google.android.googlequicksearchbox:search expire 3 lines
10-03 13:55:07.062  2551  2645 W PackageParser: Unknown element under <manifest>: queries at /data/user_de/0/com.google.android.gms/app_chimera/m/0000000a/DynamiteModulesC.apk Binary XML file line #15
10-03 13:55:07.147  2084  2084 I wpa_supplicant: wlan0: Associated with d6:ec:e9:3e:a8:92
10-03 13:55:07.151  2084  2084 I wpa_supplicant: wlan0: CTRL-EVENT-CONNECTED - Connection to d6:ec:e9:3e:a8:92 completed [id=0 id_str=%7B%22configKey%22%3A%22%5C%22VirtWifi%5C%22NONE%22%2C%22creatorUid%22%3A%221000%22%7D]
10-03 13:55:07.151  2084  2084 E wpa_supplicant: WMM AC: Missing IEs
10-03 13:55:07.151  2084  2084 I wpa_supplicant: wlan0: CTRL-EVENT-SUBNET-STATUS-UPDATE status=0
10-03 13:55:07.152  2551  2645 W PackageParser: Unknown element under <manifest>: queries at /data/user_de/0/com.google.android.gms/app_chimera/m/00000019/dl-AdsFdrDynamite.integ_240304704020000.apk Binary XML file line #15
10-03 13:55:07.159  1866  1940 D ConnectivityService: registerNetworkAgent NetworkAgentInfo{ ni{[type: WIFI[], state: CONNECTING/CONNECTING, reason: (unspecified), extra: "VirtWifi", failover: false, available: true, roaming: false]}  network{100}  nethandle{429513165534}  lp{{LinkAddresses: []  Routes: [] DnsAddresses: [] Domains: null MTU: 0}}  nc{[ Transports: WIFI Capabilities: NOT_METERED&INTERNET&NOT_RESTRICTED&TRUSTED&NOT_VPN LinkUpBandwidth>=1048576Kbps LinkDnBandwidth>=1048576Kbps]}  Score{20}  everValidated{false}  lastValidated{false}  created{false} lingering{false} explicitlySelected{false} acceptUnvalidated{false} everCaptivePortalDetected{false} lastCaptivePortalDetected{false} clat{null} }
10-03 13:55:07.159  1866  1944 D ConnectivityService: NetworkAgentInfo [WIFI () - 100] EVENT_NETWORK_INFO_CHANGED, going from null to CONNECTING
10-03 13:55:07.163  1866  1940 I chatty  : uid=1000(system) WifiStateMachin expire 10 lines
10-03 13:55:07.178  1866  2891 I chatty  : uid=1000(system) Thread-8 expire 3 lines
10-03 13:55:07.182  1866  2889 I chatty  : uid=1000(system) DhcpClient expire 11 lines
10-03 13:55:07.275  2903  2903 W zygote  : Unexpected CPU variant for X86 using defaults: x86_64
10-03 13:55:07.279  1866  2866 I ActivityManager: Start proc 2903:com.google.android.webview:webview_service/u0a69 for service com.google.android.webview/org.chromium.android_webview.services.VariationsSeedServer
10-03 13:55:07.503  2308  2926 I chatty  : uid=10032(com.google.android.googlequicksearchbox) ThreadPoolForeg expire 1 line
10-03 13:55:07.531  1643  1643 I loop0   : type=1400 audit(0.0:433): avc: denied { read } for path="/mnt/android-8.1-r6/system.img" dev="sda1" ino=27557895 scontext=u:r:kernel:s0 tcontext=u:object_r:unlabeled:s0 tclass=file permissive=1
10-03 13:55:07.621  1866  2664 I BootReceiver: Copying audit failures to DropBox
10-03 13:55:07.621  1866  2664 I BootReceiver: Checking for fsck errors
10-03 13:55:07.712  2903  2903 I LoadedApk: No resource references to update in package com.google.android.webview
10-03 13:55:07.739  1866  1866 I chatty  : uid=1000 system_server expire 11 lines
10-03 13:55:07.759  2699  2699 D SharedPreferencesImpl: Time required to fsync /data/user/0/com.android.calendar/shared_prefs/calendar_alerts.xml: [<1: 0, <2: 0, <4: 0, <8: 0, <16: 0, <32: 0, <64: 0, <128: 0, <256: 0, <512: 0, <1024: 0, <2048: 1, <4096: 0, <8192: 0, <16384: 0, >=16384: 0]
10-03 13:55:07.759  2287  2395 D SharedPreferencesImpl: Time required to fsync /data/user_de/0/com.android.deskclock/shared_prefs/com.android.deskclock_preferences.xml: [<1: 0, <2: 0, <4: 0, <8: 0, <16: 0, <32: 1, <64: 0, <128: 0, <256: 0, <512: 0, <1024: 1, <2048: 0, <4096: 0, <8192: 0, <16384: 0, >=16384: 0]
10-03 13:55:07.759  2699  2699 D QueuedWork: waited: [<1: 0, <2: 0, <4: 0, <8: 0, <16: 0, <32: 0, <64: 0, <128: 0, <256: 0, <512: 0, <1024: 0, <2048: 1, <4096: 0, <8192: 0, <16384: 0, >=16384: 0]
10-03 13:55:07.759  2402  2660 I chatty  : uid=10014(com.google.android.gms) queued-work-loo expire 1 line
10-03 13:55:07.759  2551  2642 I chatty  : uid=10014(com.google.android.gms) queued-work-loo expire 2 lines
10-03 13:55:07.765  2308  2805 I chatty  : uid=10032 com.google.android.googlequicksearchbox:search expire 2 lines
10-03 13:55:07.780  2551  2895 I chatty  : uid=10014(com.google.android.gms) highpool[3] expire 83 lines
10-03 13:55:07.782  1866  2255 W ShortcutService: Clock rewound
10-03 13:55:07.784  2287  2396 I AlarmClock: Fixing alarm instances
10-03 13:55:07.802  2665  2665 I Dialer  : VoicemailModule.provideVoicemailClient - providing VoicemailClientImpl
10-03 13:55:07.802  2665  2665 I Dialer  : VvmOmtpService - onBoot
10-03 13:55:07.821  2943  2943 I main    : type=1400 audit(0.0:436): avc: denied { mounton } for path="/storage" dev="tmpfs" ino=6109 scontext=u:r:zygote:s0 tcontext=u:object_r:tmpfs:s0 tclass=dir permissive=1
10-03 13:55:07.824  1866  2255 I ActivityManager: Start proc 2943:com.android.email/u0a52 for broadcast com.android.email/.service.EmailBroadcastReceiver
10-03 13:55:07.827  2841  2864 I ContactLocale: AddressBook Labels [[en_US]]: [, A, B, C, D, E, F, G, H, I, J, K, L, M, N, O, P, Q, R, S, T, U, V, W, X, Y, Z, , , , , , , , , , , , , , , ,  , , , , , , , , , , , , , , , , , , , , , , , , , , , , , , , ,  , , , , , , , , , , , , , , , , , , , , , , , , , , , ,  , , , , , , , , , , , , , , , , , , , , , , , , , , , , , , , , , , , , , , , , , , , , , , , , , , , , , , , , , , , , , , , , , , , , , ,  , , , , , , , , , , , , , , , , , , , , , , , , , , , , , , , , , , , , , , , , , #, ]
10-03 13:55:07.832  2943  2943 W zygote64: Unexpected CPU variant for X86 using defaults: x86_64
10-03 13:55:07.842  2841  2864 D ContactsDatabaseHelper: WAL enabled for profile.db: false
10-03 13:55:07.848  2402  2662 I chatty  : uid=10014 com.google.android.gms.persistent expire 52 lines
10-03 13:55:07.859  2943  2943 I zygote64: The ClassLoaderContext is a special shared library.
10-03 13:55:07.864  2308  2928 I chatty  : uid=10032 com.google.android.googlequicksearchbox:search expire 7 lines
10-03 13:55:07.895  2699  2752 D AlarmScheduler: No events found starting within 1 week.
10-03 13:55:07.968  2308  2806 I chatty  : uid=10032 com.google.android.googlequicksearchbox:search expire 2 lines
10-03 13:55:07.979  2315  2892 I chatty  : uid=10032 com.google.android.googlequicksearchbox:interactor expire 1 line
10-03 13:55:08.007  1866  2353 W ActivityManager: Unable to start service Intent { act=com.android.email.EXCHANGE_INTENT pkg=com.android.exchange } U=0: not found
10-03 13:55:08.015  2943  2965 D ActivityThread: Loading provider com.android.email.provider;com.android.email.notifier: com.android.email.provider.EmailProvider
10-03 13:55:08.020  2943  2966 D ActivityThread: Loading provider com.android.email.provider;com.android.email.notifier: com.android.email.provider.EmailProvider
10-03 13:55:08.021  1866  2353 W ActivityManager: Unable to start service Intent { act=com.android.email.EXCHANGE_INTENT pkg=com.android.exchange } U=0: not found
10-03 13:55:08.021  1866  2255 W ActivityManager: Unable to start service Intent { act=com.android.email.EXCHANGE_INTENT pkg=com.android.exchange } U=0: not found
10-03 13:55:08.040  2402  2964 I chatty  : uid=10014 com.google.android.gms.persistent expire 2 lines
10-03 13:55:08.049  2402  2684 I chatty  : uid=10014 com.google.android.gms.persistent expire 7 lines
10-03 13:55:08.059  2551  2659 I chatty  : uid=10014(com.google.android.gms) Binder:2551_4 expire 7 lines
10-03 13:55:08.061  2943  2970 D ActivityThread: Loading provider com.android.email.provider;com.android.email.notifier: com.android.email.provider.EmailProvider
10-03 13:55:08.067  1866  2046 W ActivityManager: Unable to start service Intent { act=com.android.email.EXCHANGE_INTENT pkg=com.android.exchange } U=0: not found
10-03 13:55:08.091  1965  1965 I SystemBroadcastReceiver: Boot has been completed
10-03 13:55:08.091  1965  1965 I SystemBroadcastReceiver: toggleAppIcon() : FLAG_SYSTEM = true
10-03 13:55:08.109  2978  2978 W zygote64: Unexpected CPU variant for X86 using defaults: x86_64
10-03 13:55:08.109  1866  2866 I ActivityManager: Start proc 2978:com.android.managedprovisioning/u0a24 for broadcast com.android.managedprovisioning/.preprovisioning.BootReminder
10-03 13:55:08.132  2308  2991 I chatty  : uid=10032(com.google.android.googlequicksearchbox) mdh-standalone- expire 1 line
10-03 13:55:08.133  2978  2978 I zygote64: The ClassLoaderContext is a special shared library.
10-03 13:55:08.138  2551  2895 W PackageParser: Unknown element under <manifest>: queries at /data/user_de/0/com.google.android.gms/app_chimera/m/00000006/AdsDynamite.apk Binary XML file line #15
10-03 13:55:08.144  2551  2895 W PackageParser: Unknown element under <manifest>: queries at /data/user_de/0/com.google.android.gms/app_chimera/m/0000000a/DynamiteModulesC.apk Binary XML file line #15
10-03 13:55:08.147  2551  2895 W PackageParser: Unknown element under <manifest>: queries at /data/user_de/0/com.google.android.gms/app_chimera/m/00000019/dl-AdsFdrDynamite.integ_240304704020000.apk Binary XML file line #15
10-03 13:55:08.159  2051  2051 I VvmSimStateTracker: android.intent.action.BOOT_COMPLETED
10-03 13:55:08.291  2315  2531 I chatty  : uid=10032 com.google.android.googlequicksearchbox:interactor expire 4 lines
10-03 13:55:08.292  2308  2744 I chatty  : uid=10032 com.google.android.googlequicksearchbox:search expire 1 line
10-03 13:55:08.310  1866  2866 W ActivityManager: Unable to start service Intent { cmp=com.android.email/.service.AttachmentService } U=0: not found
10-03 13:55:08.313  1866  2974 W ActivityManager: Unable to start service Intent { act=com.android.email.EXCHANGE_INTENT pkg=com.android.exchange } U=0: not found
10-03 13:55:08.313  2943  3008 I Email   : Observing account changes for notifications
10-03 13:55:08.314  2943  2943 I ocessorService]: type=1400 audit(0.0:440): avc: denied { map } for path="/dev/event-log-tags" dev="tmpfs" ino=714 scontext=u:r:untrusted_app_25:s0:c512,c768 tcontext=u:object_r:runtime_event_log_tags_file:s0 tclass=file permissive=1
10-03 13:55:08.314  1866  1878 W ActivityManager: Unable to start service Intent { cmp=com.android.email/.service.AttachmentService } U=0: not found
10-03 13:55:08.314  2943  2977 W zygote64: Long monitor contention with owner AsyncTask #2 (2966) at int android.database.sqlite.SQLiteConnection.nativeExecuteForChangedRowCount(long, long)(SQLiteConnection.java:-2) waiters=0 in void com.android.email.provider.AccountReconciler.reconcileAccounts(android.content.Context) for 215ms
10-03 13:55:08.327  3010  3010 I chatty  : uid=10025(com.android.vending) expire 72 lines
10-03 13:55:08.331  1866  2866 I ActivityManager: Start proc 3010:com.android.vending/u0a25 for broadcast com.android.vending/com.google.android.finsky.boothandler.BootCompletedReceiver
10-03 13:55:08.332  1866  2046 W ActivityManager: Unable to start service Intent { cmp=com.android.email/.service.AttachmentService } U=0: not found
10-03 13:55:08.334  1866  1878 W ActivityManager: Unable to start service Intent { act=com.android.email.EXCHANGE_INTENT pkg=com.android.exchange } U=0: not found
10-03 13:55:08.338  1866  2846 W ActivityManager: Unable to start service Intent { act=com.android.email.EXCHANGE_INTENT pkg=com.android.exchange } U=0: not found
10-03 13:55:08.339  1866  2846 W ActivityManager: Unable to start service Intent { act=com.android.email.EXCHANGE_INTENT pkg=com.android.exchange } U=0: not found
10-03 13:55:08.340  2943  2943 E ActivityThread: Service com.android.email.service.EmailBroadcastProcessorService has leaked ServiceConnection com.android.emailcommon.service.ServiceProxy$ProxyConnection@25de168 that was originally bound here
10-03 13:55:08.340  2943  2943 E ActivityThread: android.app.ServiceConnectionLeaked: Service com.android.email.service.EmailBroadcastProcessorService has leaked ServiceConnection com.android.emailcommon.service.ServiceProxy$ProxyConnection@25de168 that was originally bound here
10-03 13:55:08.340  2943  2943 E ActivityThread: 	at android.app.LoadedApk$ServiceDispatcher.<init>(LoadedApk.java:1532)
10-03 13:55:08.340  2943  2943 E ActivityThread: 	at android.app.LoadedApk.getServiceDispatcher(LoadedApk.java:1424)
10-03 13:55:08.340  2943  2943 E ActivityThread: 	at android.app.ContextImpl.bindServiceCommon(ContextImpl.java:1605)
10-03 13:55:08.340  2943  2943 E ActivityThread: 	at android.app.ContextImpl.bindService(ContextImpl.java:1557)
10-03 13:55:08.340  2943  2943 E ActivityThread: 	at android.content.ContextWrapper.bindService(ContextWrapper.java:684)
10-03 13:55:08.340  2943  2943 E ActivityThread: 	at com.android.emailcommon.service.ServiceProxy.setTask(ServiceProxy.java:181)
10-03 13:55:08.340  2943  2943 E ActivityThread: 	at com.android.emailcommon.service.ServiceProxy.test(ServiceProxy.java:224)
10-03 13:55:08.340  2943  2943 E ActivityThread: 	at com.android.email.service.EmailServiceUtils.isServiceAvailable(EmailServiceUtils.java:160)
10-03 13:55:08.340  2943  2943 E ActivityThread: 	at com.android.email.provider.AccountReconciler.reconcileAccountsInternal(AccountReconciler.java:171)
10-03 13:55:08.340  2943  2943 E ActivityThread: 	at com.android.email.provider.AccountReconciler.reconcileAccounts(AccountReconciler.java:115)
10-03 13:55:08.340  2943  2943 E ActivityThread: 	at com.android.email.service.EmailBroadcastProcessorService.reconcileAndStartServices(EmailBroadcastProcessorService.java:305)
10-03 13:55:08.340  2943  2943 E ActivityThread: 	at com.android.email.service.EmailBroadcastProcessorService.onBootCompleted(EmailBroadcastProcessorService.java:295)
10-03 13:55:08.340  2943  2943 E ActivityThread: 	at com.android.email.service.EmailBroadcastProcessorService.onHandleIntent(EmailBroadcastProcessorService.java:130)
10-03 13:55:08.340  2943  2943 E ActivityThread: 	at android.app.IntentService$ServiceHandler.handleMessage(IntentService.java:76)
10-03 13:55:08.340  2943  2943 E ActivityThread: 	at android.os.Handler.dispatchMessage(Handler.java:106)
10-03 13:55:08.340  2943  2943 E ActivityThread: 	at android.os.Looper.loop(Looper.java:164)
10-03 13:55:08.340  2943  2943 E ActivityThread: 	at android.os.HandlerThread.run(HandlerThread.java:65)
10-03 13:55:08.340  1866  2065 W ActivityManager: Unbind failed: could not find connection for android.os.BinderProxy@1e13d7f
10-03 13:55:08.341  1866  2846 W ActivityManager: Unable to start service Intent { act=com.android.email.EXCHANGE_INTENT pkg=com.android.exchange } U=0: not found
10-03 13:55:08.342  1866  2846 W ActivityManager: Unable to start service Intent { cmp=com.android.email/.service.AttachmentService } U=0: not found
10-03 13:55:08.347  1866  1878 W ActivityManager: Unable to start service Intent { act=com.android.email.EXCHANGE_INTENT pkg=com.android.exchange } U=0: not found
10-03 13:55:08.422  1866  1877 D ConnectivityService: requestNetwork for uid/pid:10032/2308 NetworkRequest [ TRACK_DEFAULT id=12, [ Capabilities: INTERNET&NOT_RESTRICTED&TRUSTED&NOT_VPN] ]
10-03 13:55:08.422  2051  2051 D PhoneSwitcherNetworkRequstListener: got request NetworkRequest [ TRACK_DEFAULT id=12, [ Capabilities: INTERNET&NOT_RESTRICTED&TRUSTED&NOT_VPN] ] with score 0
10-03 13:55:08.469  2568  2999 W MediaScanner: Error opening directory '/oem/media/', skipping: No such file or directory.
10-03 13:55:08.486  2568  2573 I zygote64: Compiler allocated 4MB to compile android.database.Cursor com.android.providers.media.MediaProvider.query(android.net.Uri, java.lang.String[], java.lang.String, java.lang.String[], java.lang.String)
10-03 13:55:08.570  2308  2550 I chatty  : uid=10032(com.google.android.googlequicksearchbox) BG Thread #3 expire 12 lines
10-03 13:55:08.594  2308  2971 I chatty  : uid=10032 com.google.android.googlequicksearchbox:search expire 1 line
10-03 13:55:08.652  2308  2956 I chatty  : uid=10032 com.google.android.googlequicksearchbox:search expire 5 lines
10-03 13:55:08.670  2343  2455 I GAV3    : Thread[GAThread,5,main]: No campaign data found.
10-03 13:55:08.852  2402  2416 I chatty  : uid=10014(com.google.android.gms) Binder:2402_1 expire 1 line
10-03 13:55:08.865  2308  3048 I chatty  : uid=10032 com.google.android.googlequicksearchbox:search expire 1 line
10-03 13:55:08.874  2308  2546 E SchedPolicy: set_timerslack_ns write failed: Operation not permitted
10-03 13:55:08.880  2308  2615 E SchedPolicy: set_timerslack_ns write failed: Operation not permitted
10-03 13:55:08.907  1749  1749 I lmkd    : type=1400 audit(0.0:442): avc: denied { dac_read_search } for capability=2 scontext=u:r:lmkd:s0 tcontext=u:r:lmkd:s0 tclass=capability permissive=1
10-03 13:55:08.938  1643  1643 I loop0   : type=1400 audit(0.0:443): avc: denied { write } for path="/mnt/android-8.1-r6/system.img" dev="sda1" ino=27557895 scontext=u:r:kernel:s0 tcontext=u:object_r:unlabeled:s0 tclass=file permissive=1
10-03 13:55:09.011  2551  2895 W PackageParser: Unknown element under <manifest>: queries at /data/user_de/0/com.google.android.gms/app_chimera/m/00000019/dl-AdsFdrDynamite.integ_240304704020000.apk Binary XML file line #15
10-03 13:55:09.101  2315  3003 I chatty  : uid=10032(com.google.android.googlequicksearchbox) Binder:2315_4 expire 2 lines
10-03 13:55:09.136  2308  3051 I chatty  : uid=10032 com.google.android.googlequicksearchbox:search expire 3 lines
10-03 13:55:09.151  2308  3050 I chatty  : uid=10032 com.google.android.googlequicksearchbox:search expire 12 lines
10-03 13:55:09.181  2308  2548 E MDD     : GddFileGroupPopulator: GDD Sync failed for corpus: GDD_APA_BISTO, configuration: GddAgsaApaBisto
10-03 13:55:09.181  2308  2548 E MDD     : com.google.android.libraries.mdi.download.bm: refresh failed [GDD_FAIL_IN_SYNC_RUNNER_PUBLIC]
10-03 13:55:09.181  2308  2548 E MDD     : 	at com.google.android.libraries.mdi.download.bk.a(PG:2)
10-03 13:55:09.181  2308  2548 E MDD     : 	at com.google.android.libraries.mdi.download.h.b.aa.apply(PG:2)
10-03 13:55:09.181  2308  2548 E MDD     : 	at com.google.apps.tiktok.tracing.ex.apply(PG:3)
10-03 13:55:09.181  2308  2548 E MDD     : 	at com.google.common.util.concurrent.a.e(PG:2)
10-03 13:55:09.181  2308  2548 E MDD     : 	at com.google.common.util.concurrent.c.run(PG:11)
10-03 13:55:09.181  2308  2548 E MDD     : 	at com.google.android.libraries.i.y.run(PG:1)
10-03 13:55:09.181  2308  2548 E MDD     : 	at java.util.concurrent.ThreadPoolExecutor.runWorker(ThreadPoolExecutor.java:1162)
10-03 13:55:09.181  2308  2548 E MDD     : 	at java.util.concurrent.ThreadPoolExecutor$Worker.run(ThreadPoolExecutor.java:636)
10-03 13:55:09.181  2308  2548 E MDD     : 	at com.google.android.libraries.i.g.run(PG:2)
10-03 13:55:09.181  2308  2548 E MDD     : 	at java.lang.Thread.run(Thread.java:764)
10-03 13:55:09.181  2308  2548 E MDD     : 	at com.google.android.libraries.i.ah.run(PG:5)
10-03 13:55:09.181  2308  2548 E MDD     : Caused by: com.google.android.libraries.geller.f.bm: Geller oneplatform server generated an exception
10-03 13:55:09.181  2308  2548 E MDD     : 	at com.google.android.libraries.geller.f.at.apply(PG:3)
10-03 13:55:09.181  2308  2548 E MDD     : 	at com.google.apps.tiktok.tracing.ff.apply(PG:3)
10-03 13:55:09.181  2308  2548 E MDD     : 	at com.google.common.util.concurrent.b.e(PG:2)
10-03 13:55:09.181  2308  2548 E MDD     : 	... 7 more
10-03 13:55:09.181  2308  2548 E MDD     : Caused by: io.grpc.fh: UNAVAILABLE: Failed trying to connect with proxy
10-03 13:55:09.181  2308  2548 E MDD     : 	at io.grpc.i.n.a(PG:6)
10-03 13:55:09.181  2308  2548 E MDD     : 	at io.grpc.e.bv.run(PG:1)
10-03 13:55:09.181  2308  2548 E MDD     : 	at io.grpc.e.bx.e(PG:4)
10-03 13:55:09.181  2308  2548 E MDD     : 	at io.grpc.e.bx.a(PG:1)
10-03 13:55:09.181  2308  2548 E MDD     : 	at io.grpc.e.ak.a(PG:3)
10-03 13:55:09.181  2308  2548 E MDD     : 	at io.grpc.e.bh.run(PG:2)
10-03 13:55:09.181  2308  2548 E MDD     : 	at io.grpc.e.kn.run(PG:2)
10-03 13:55:09.181  2308  2548 E MDD     : 	at java.util.concurrent.ThreadPoolExecutor.runWorker(ThreadPoolExecutor.java:1162)
10-03 13:55:09.181  2308  2548 E MDD     : 	at java.util.concurrent.ThreadPoolExecutor$Worker.run(ThreadPoolExecutor.java:636)
10-03 13:55:09.181  2308  2548 E MDD     : 	at java.lang.Thread.run(Thread.java:764)
10-03 13:55:09.181  2308  2548 E MDD     : Caused by: java.net.ConnectException: failed to connect to /127.0.0.1 (port 1337) from /:: (port 43050): connect failed: ECONNREFUSED (Connection refused)
10-03 13:55:09.181  2308  2548 E MDD     : 	at libcore.io.IoBridge.connect(IoBridge.java:138)
10-03 13:55:09.181  2308  2548 E MDD     : 	at java.net.PlainSocketImpl.socketConnect(PlainSocketImpl.java:129)
10-03 13:55:09.181  2308  2548 E MDD     : 	at java.net.AbstractPlainSocketImpl.doConnect(AbstractPlainSocketImpl.java:356)
10-03 13:55:09.181  2308  2548 E MDD     : 	at java.net.AbstractPlainSocketImpl.connectToAddress(AbstractPlainSocketImpl.java:200)
10-03 13:55:09.181  2308  2548 E MDD     : 	at java.net.AbstractPlainSocketImpl.connect(AbstractPlainSocketImpl.java:182)
10-03 13:55:09.181  2308  2548 E MDD     : 	at java.net.SocksSocketImpl.connect(SocksSocketImpl.java:357)
10-03 13:55:09.181  2308  2548 E MDD     : 	at java.net.Socket.connect(Socket.java:616)
10-03 13:55:09.181  2308  2548 E MDD     : 	at java.net.Socket.connect(Socket.java:565)
10-03 13:55:09.181  2308  2548 E MDD     : 	at java.net.Socket.<init>(Socket.java:445)
10-03 13:55:09.181  2308  2548 E MDD     : 	at java.net.Socket.<init>(Socket.java:248)
10-03 13:55:09.181  2308  2548 E MDD     : 	at javax.net.DefaultSocketFactory.createSocket(SocketFactory.java:285)
10-03 13:55:09.181  2308  2548 E MDD     : 	at io.grpc.g.w.run(PG:6)
10-03 13:55:09.181  2308  2548 E MDD     : 	at io.grpc.e.kn.run(PG:2)
10-03 13:55:09.181  2308  2548 E MDD     : 	at com.google.android.libraries.geller.h.a.run(PG:2)
10-03 13:55:09.181  2308  2548 E MDD     : 	at com.google.apps.tiktok.tracing.es.run(PG:1)
10-03 13:55:09.181  2308  2548 E MDD     : 	at com.google.android.libraries.i.y.run(PG:1)
10-03 13:55:09.181  2308  2548 E MDD     : 	at java.util.concurrent.ThreadPoolExecutor.runWorker(ThreadPoolExecutor.java:1162)
10-03 13:55:09.181  2308  2548 E MDD     : 	at java.util.concurrent.ThreadPoolExecutor$Worker.run(ThreadPoolExecutor.java:636)
10-03 13:55:09.181  2308  2548 E MDD     : 	at com.google.android.libraries.i.d.run(PG:2)
10-03 13:55:09.181  2308  2548 E MDD     : 	at java.lang.Thread.run(Thread.java:764)
10-03 13:55:09.181  2308  2548 E MDD     : 	at com.google.android.libraries.i.ah.run(PG:5)
10-03 13:55:09.181  2308  2548 E MDD     : Caused by: android.system.ErrnoException: connect failed: ECONNREFUSED (Connection refused)
10-03 13:55:09.181  2308  2548 E MDD     : 	at libcore.io.Linux.connect(Native Method)
10-03 13:55:09.181  2308  2548 E MDD     : 	at libcore.io.BlockGuardOs.connect(BlockGuardOs.java:126)
10-03 13:55:09.181  2308  2548 E MDD     : 	at libcore.io.IoBridge.connectErrno(IoBridge.java:152)
10-03 13:55:09.181  2308  2548 E MDD     : 	at libcore.io.IoBridge.connect(IoBridge.java:130)
10-03 13:55:09.181  2308  2548 E MDD     : 	... 20 more
10-03 13:55:09.185  2308  2615 I A       : (REDACTED) NGA Sync: MDD Task: %s done.
10-03 13:55:09.185  2308  2615 I A       : (REDACTED) NGA Sync: isNgaSyncEnabled: %s; enableFileGroupPopulator: %s; requiresMddAssets: %s
10-03 13:55:09.186  2308  2548 I A       : Refresh account policy.
10-03 13:55:09.194  2308  2308 W TaskServiceHelper: (REDACTED) Not enough time has passed between starts of two %s periodic tasks.
10-03 13:55:09.266  2551  2714 I chatty  : uid=10014(com.google.android.gms) expire 64 lines
10-03 13:55:09.377  3010  3054 I chatty  : uid=10025(com.android.vending) LightweightExec expire 7 lines
10-03 13:55:09.387  3010  3070 I chatty  : uid=10025(com.android.vending) expire 9 lines
10-03 13:55:09.436  2308  2323 I zygote64: Do full code cache collection, code=478KB, data=233KB
10-03 13:55:09.437  2308  2323 I zygote64: After code cache collection, code=279KB, data=126KB
10-03 13:55:09.807  3010  3058 I chatty  : uid=10025(com.android.vending) LightweightExec expire 1 line
10-03 13:55:09.959  2308  2547 I zygote64: Deoptimizing void com.google.protobuf.dw.Z(java.lang.Object, com.google.protobuf.ao) due to JIT inline cache
10-03 13:55:09.977  2315  2528 W VoiceInteractorReaper: Scheduling killing of process to refresh configuration
10-03 13:55:09.980  2315  2528 I chatty  : uid=10032 com.google.android.googlequicksearchbox:interactor identical 2 lines
10-03 13:55:09.990  2308  2961 I chatty  : uid=10032 com.google.android.googlequicksearchbox:search expire 11 lines
10-03 13:55:09.991  2308  3035 I chatty  : uid=10032 com.google.android.googlequicksearchbox:search expire 12 lines
10-03 13:55:09.998  2308  3052 I chatty  : uid=10032 com.google.android.googlequicksearchbox:search expire 7 lines
10-03 13:55:10.084  3010  3068 I chatty  : uid=10025(com.android.vending) expire 21 lines
10-03 13:55:10.234  3010  3091 I chatty  : uid=10025(com.android.vending) CronetInit expire 1 line
10-03 13:55:10.235  3010  3092 I chatty  : uid=10025(com.android.vending) bgExecutor #2 expire 43 lines
10-03 13:55:10.247  3010  3067 I chatty  : uid=10025(com.android.vending) LightweightExec expire 2 lines
10-03 13:55:10.252  3096  3096 W zygote64: Unexpected CPU variant for X86 using defaults: x86_64
10-03 13:55:10.256  1866  2866 I ActivityManager: Start proc 3096:com.farmerbb.taskbar.androidx86/u0a31 for broadcast com.farmerbb.taskbar.androidx86/com.farmerbb.taskbar.receiver.BootReceiver
10-03 13:55:10.304  3010  3095 I chatty  : uid=10025(com.android.vending) ThreadPoolForeg expire 1 line
10-03 13:55:10.437  3010  3079 I chatty  : uid=10025(com.android.vending) bgExecutor #0 expire 140 lines
10-03 13:55:10.619  2551  2895 W PackageParser: Unknown element under <manifest>: queries at /data/user_de/0/com.google.android.gms/app_chimera/m/0000000a/DynamiteModulesC.apk Binary XML file line #15
10-03 13:55:10.664  3010  3084 I chatty  : uid=10025(com.android.vending) queued-work-loo expire 3 lines
10-03 13:55:10.677  3096  3096 I zygote64: The ClassLoaderContext is a special shared library.
10-03 13:55:10.755  2308  3041 I chatty  : uid=10032 com.google.android.googlequicksearchbox:search expire 3 lines
10-03 13:55:10.757  3010  3082 I chatty  : uid=10025(com.android.vending) bgExecutor #1 expire 58 lines
10-03 13:55:10.797  1760  1760 I keystore: del USRPKEY_unstable.c7202ece89390c490b1b94d5b71225e1.fallback 10014
10-03 13:55:10.798  1760  1760 I keystore: del USRSKEY_unstable.c7202ece89390c490b1b94d5b71225e1.fallback 10014
10-03 13:55:10.798  1760  1760 I keystore: del USRCERT_unstable.c7202ece89390c490b1b94d5b71225e1.fallback 10014
10-03 13:55:10.798  1760  1760 I keystore: del CACERT_unstable.c7202ece89390c490b1b94d5b71225e1.fallback 10014
10-03 13:55:10.810  2402  2798 I chatty  : uid=10014 com.google.android.gms.persistent expire 8 lines
10-03 13:55:10.861  2308  2354 I chatty  : uid=10032(com.google.android.googlequicksearchbox) Binder:2308_3 expire 1 line
10-03 13:55:10.923  2551  2793 I chatty  : uid=10014(com.google.android.gms) expire 65 lines
10-03 13:55:10.946  2551  2654 I chatty  : uid=10014(com.google.android.gms) highpool[2] expire 4 lines
10-03 13:55:10.971  3010  3135 I chatty  : uid=10025(com.android.vending) expire 1 line
10-03 13:55:11.100  2551  2895 W PackageParser: Unknown element under <manifest>: queries at /data/user_de/0/com.google.android.gms/app_chimera/m/00000006/AdsDynamite.apk Binary XML file line #15
10-03 13:55:11.122  3149  3149 I chatty  : uid=10025 com.android.vending:background expire 11 lines
