10-03 13:55:01.281  1970  1970 W StatusBar: 	at com.android.systemui.statusbar.phone.KeyguardBottomAreaView$DefaultRightButton.getIcon(KeyguardBottomAreaView.java:856)
10-03 13:55:01.281  1970  1970 W StatusBar: 	at com.android.systemui.statusbar.phone.KeyguardBottomAreaView.updateCameraVisibility(KeyguardBottomAreaView.java:382)
10-03 13:55:01.281  1970  1970 W StatusBar: 	at com.android.systemui.statusbar.phone.KeyguardBottomAreaView.setStatusBar(KeyguardBottomAreaView.java:351)
10-03 13:55:01.281  1970  1970 W StatusBar: 	at com.android.systemui.statusbar.phone.NotificationPanelView.setStatusBar(NotificationPanelView.java:252)
10-03 13:55:01.281  1970  1970 W StatusBar: 	at com.android.systemui.statusbar.phone.StatusBar.makeStatusBarView(StatusBar.java:1025)
10-03 13:55:01.281  1970  1970 W StatusBar: 	at com.android.systemui.statusbar.phone.StatusBar.addStatusBarWindow(StatusBar.java:3712)
10-03 13:55:01.281  1970  1970 W StatusBar: 	at com.android.systemui.statusbar.phone.StatusBar.createAndAddWindows(StatusBar.java:3708)
10-03 13:55:01.281  1970  1970 W StatusBar: 	at com.android.systemui.statusbar.phone.StatusBar.start(StatusBar.java:895)
10-03 13:55:01.281  1970  1970 W StatusBar: 	at com.android.systemui.SystemBars.createStatusBarFromConfig(SystemBars.java:71)
10-03 13:55:01.281  1970  1970 W StatusBar: 	at com.android.systemui.SystemBars.start(SystemBars.java:42)
10-03 13:55:01.281  1970  1970 W StatusBar: 	at com.android.systemui.SystemUIApplication.startServicesIfNeeded(SystemUIApplication.java:215)
10-03 13:55:01.281  1970  1970 W StatusBar: 	at com.android.systemui.SystemUIApplication.startServicesIfNeeded(SystemUIApplication.java:164)
10-03 13:55:01.281  1970  1970 W StatusBar: 	at com.android.systemui.SystemUIService.onCreate(SystemUIService.java:33)
10-03 13:55:01.281  1970  1970 W StatusBar: 	at android.app.ActivityThread.handleCreateService(ActivityThread.java:3339)
10-03 13:55:01.281  1970  1970 W StatusBar: 	at android.app.ActivityThread.-wrap4(Unknown Source:0)
10-03 13:55:01.281  1970  1970 W StatusBar: 	at android.app.ActivityThread$H.handleMessage(ActivityThread.java:1677)
10-03 13:55:01.281  1970  1970 W StatusBar: 	at android.os.Handler.dispatchMessage(Handler.java:106)
10-03 13:55:01.281  1970  1970 W StatusBar: 	at android.os.Looper.loop(Looper.java:164)
10-03 13:55:01.281  1970  1970 W StatusBar: 	at android.app.ActivityThread.main(ActivityThread.java:6494)
10-03 13:55:01.281  1970  1970 W StatusBar: 	at java.lang.reflect.Method.invoke(Native Method)
10-03 13:55:01.281  1970  1970 W StatusBar: 	at com.android.internal.os.RuntimeInit$MethodAndArgsCaller.run(RuntimeInit.java:463)
10-03 13:55:01.281  1970  1970 W StatusBar: 	at com.android.internal.os.ZygoteInit.main(ZygoteInit.java:807)
10-03 13:55:01.282  1866  2256 I chatty  : uid=1000 system_server expire 1 line
10-03 13:55:01.282  1767  2251 I OMXMaster: makeComponentInstance(OMX.google.vorbis.decoder) in omx@1.0-service process
10-03 13:55:01.283  1767  2251 E OMXNodeInstance: getConfig(0xebf21200:google.vorbis.decoder, ConfigAndroidVendorExtension(0x6f100004)) ERROR: Undefined(0x80001001)
10-03 13:55:01.283  1735  1735 W /system/bin/hw/android.hidl.allocator@1.0-service: ashmem_create_region(32768) returning hidl_memory(0x73e0ade2b2d0, 32768)
10-03 13:55:01.292  1735  1735 W /system/bin/hw/android.hidl.allocator@1.0-service: ashmem_create_region(32768) returning hidl_memory(0x73e0ade2b2d0, 32768)
10-03 13:55:01.302  1970  1970 I StatusBar: isKeyguardShowing() called before startKeyguard(), returning true
10-03 13:55:01.302  1970  1970 W StatusBar: isKeyguardSecure() called before startKeyguard(), returning false
10-03 13:55:01.302  1970  1970 W StatusBar: java.lang.Throwable
10-03 13:55:01.302  1970  1970 W StatusBar: 	at com.android.systemui.statusbar.phone.StatusBar.isKeyguardSecure(StatusBar.java:7607)
10-03 13:55:01.302  1970  1970 W StatusBar: 	at com.android.systemui.statusbar.phone.StatusBar.isCameraAllowedByAdmin(StatusBar.java:5484)
10-03 13:55:01.302  1970  1970 W StatusBar: 	at com.android.systemui.statusbar.phone.KeyguardBottomAreaView$DefaultRightButton.getIcon(KeyguardBottomAreaView.java:856)
10-03 13:55:01.302  1970  1970 W StatusBar: 	at com.android.systemui.statusbar.phone.KeyguardBottomAreaView.updateCameraVisibility(KeyguardBottomAreaView.java:382)
10-03 13:55:01.302  1970  1970 W StatusBar: 	at com.android.systemui.statusbar.phone.KeyguardBottomAreaView.setUserSetupComplete(KeyguardBottomAreaView.java:360)
10-03 13:55:01.302  1970  1970 W StatusBar: 	at com.android.systemui.statusbar.phone.NotificationPanelView.setUserSetupComplete(NotificationPanelView.java:2655)
10-03 13:55:01.302  1970  1970 W StatusBar: 	at com.android.systemui.statusbar.phone.StatusBar.makeStatusBarView(StatusBar.java:1168)
10-03 13:55:01.302  1970  1970 W StatusBar: 	at com.android.systemui.statusbar.phone.StatusBar.addStatusBarWindow(StatusBar.java:3712)
10-03 13:55:01.302  1970  1970 W StatusBar: 	at com.android.systemui.statusbar.phone.StatusBar.createAndAddWindows(StatusBar.java:3708)
10-03 13:55:01.302  1970  1970 W StatusBar: 	at com.android.systemui.statusbar.phone.StatusBar.start(StatusBar.java:895)
10-03 13:55:01.302  1970  1970 W StatusBar: 	at com.android.systemui.SystemBars.createStatusBarFromConfig(SystemBars.java:71)
10-03 13:55:01.302  1970  1970 W StatusBar: 	at com.android.systemui.SystemBars.start(SystemBars.java:42)
10-03 13:55:01.302  1970  1970 W StatusBar: 	at com.android.systemui.SystemUIApplication.startServicesIfNeeded(SystemUIApplication.java:215)
10-03 13:55:01.302  1970  1970 W StatusBar: 	at com.android.systemui.SystemUIApplication.startServicesIfNeeded(SystemUIApplication.java:164)
10-03 13:55:01.302  1970  1970 W StatusBar: 	at com.android.systemui.SystemUIService.onCreate(SystemUIService.java:33)
10-03 13:55:01.302  1970  1970 W StatusBar: 	at android.app.ActivityThread.handleCreateService(ActivityThread.java:3339)
10-03 13:55:01.302  1970  1970 W StatusBar: 	at android.app.ActivityThread.-wrap4(Unknown Source:0)
10-03 13:55:01.302  1970  1970 W StatusBar: 	at android.app.ActivityThread$H.handleMessage(ActivityThread.java:1677)
10-03 13:55:01.302  1970  1970 W StatusBar: 	at android.os.Handler.dispatchMessage(Handler.java:106)
10-03 13:55:01.302  1970  1970 W StatusBar: 	at android.os.Looper.loop(Looper.java:164)
10-03 13:55:01.302  1970  1970 W StatusBar: 	at android.app.ActivityThread.main(ActivityThread.java:6494)
10-03 13:55:01.302  1970  1970 W StatusBar: 	at java.lang.reflect.Method.invoke(Native Method)
10-03 13:55:01.302  1970  1970 W StatusBar: 	at com.android.internal.os.RuntimeInit$MethodAndArgsCaller.run(RuntimeInit.java:463)
10-03 13:55:01.302  1970  1970 W StatusBar: 	at com.android.internal.os.ZygoteInit.main(ZygoteInit.java:807)
10-03 13:55:01.312  1970  2143 W Tile.WifiTile: Error in handleSetListening
10-03 13:55:01.312  1970  2143 W Tile.WifiTile: java.lang.NullPointerException: Attempt to invoke interface method 'void com.android.systemui.statusbar.policy.NetworkController.addCallback(com.android.systemui.statusbar.policy.NetworkController$SignalCallback)' on a null object reference
10-03 13:55:01.312  1970  2143 W Tile.WifiTile: 	at com.android.systemui.qs.tiles.WifiTile.handleSetListening(WifiTile.java:80)
10-03 13:55:01.312  1970  2143 W Tile.WifiTile: 	at com.android.systemui.qs.tileimpl.QSTileImpl$H.handleMessage(QSTileImpl.java:461)
10-03 13:55:01.312  1970  2143 W Tile.WifiTile: 	at android.os.Handler.dispatchMessage(Handler.java:106)
10-03 13:55:01.312  1970  2143 W Tile.WifiTile: 	at android.os.Looper.loop(Looper.java:164)
10-03 13:55:01.312  1970  2143 W Tile.WifiTile: 	at android.os.HandlerThread.run(HandlerThread.java:65)
10-03 13:55:01.314  1970  2143 W Tile.BluetoothTile: Error in handleSetListening
10-03 13:55:01.314  1970  2143 W Tile.BluetoothTile: java.lang.NullPointerException: Attempt to invoke interface method 'void com.android.systemui.statusbar.policy.BluetoothController.addCallback(java.lang.Object)' on a null object reference
10-03 13:55:01.314  1970  2143 W Tile.BluetoothTile: 	at com.android.systemui.qs.tiles.BluetoothTile.handleSetListening(BluetoothTile.java:80)
10-03 13:55:01.314  1970  2143 W Tile.BluetoothTile: 	at com.android.systemui.qs.tileimpl.QSTileImpl$H.handleMessage(QSTileImpl.java:461)
10-03 13:55:01.314  1970  2143 W Tile.BluetoothTile: 	at android.os.Handler.dispatchMessage(Handler.java:106)
10-03 13:55:01.314  1970  2143 W Tile.BluetoothTile: 	at android.os.Looper.loop(Looper.java:164)
10-03 13:55:01.314  1970  2143 W Tile.BluetoothTile: 	at android.os.HandlerThread.run(HandlerThread.java:65)
10-03 13:55:01.314  1970  2143 W Tile.BluetoothTile: Error in handleRefreshState
10-03 13:55:01.314  1970  2143 W Tile.BluetoothTile: java.lang.NullPointerException: Attempt to invoke interface method 'boolean com.android.systemui.statusbar.policy.BluetoothController.isBluetoothEnabled()' on a null object reference
10-03 13:55:01.314  1970  2143 W Tile.BluetoothTile: 	at com.android.systemui.qs.tiles.BluetoothTile.handleUpdateState(BluetoothTile.java:118)
10-03 13:55:01.314  1970  2143 W Tile.BluetoothTile: 	at com.android.systemui.qs.tiles.BluetoothTile.handleUpdateState(BluetoothTile.java:116)
10-03 13:55:01.314  1970  2143 W Tile.BluetoothTile: 	at com.android.systemui.qs.tileimpl.QSTileImpl.handleRefreshState(QSTileImpl.java:287)
10-03 13:55:01.314  1970  2143 W Tile.BluetoothTile: 	at com.android.systemui.qs.tileimpl.QSTileImpl$H.handleMessage(QSTileImpl.java:440)
10-03 13:55:01.314  1970  2143 W Tile.BluetoothTile: 	at android.os.Handler.dispatchMessage(Handler.java:106)
10-03 13:55:01.314  1970  2143 W Tile.BluetoothTile: 	at android.os.Looper.loop(Looper.java:164)
10-03 13:55:01.314  1970  2143 W Tile.BluetoothTile: 	at android.os.HandlerThread.run(HandlerThread.java:65)
10-03 13:55:01.315  1866  2259 I chatty  : uid=1000 system_server expire 1 line
10-03 13:55:01.315  1970  1970 E BluetoothInputDevice: Could not bind to Bluetooth HID Service with Intent { act=android.bluetooth.IBluetoothInputDevice }
10-03 13:55:01.316  1970  1970 E BluetoothPan: Could not bind to Bluetooth Pan Service with Intent { act=android.bluetooth.IBluetoothPan }
10-03 13:55:01.316  1970  1970 D LocalBluetoothProfileManager: Adding local MAP profile
10-03 13:55:01.316  1970  1970 D BluetoothMap: Create BluetoothMap proxy object
10-03 13:55:01.317  1970  1970 E BluetoothMap: Could not bind to Bluetooth MAP Service with Intent { act=android.bluetooth.IBluetoothMap }
10-03 13:55:01.317  1767  2251 I OMXMaster: makeComponentInstance(OMX.google.vorbis.decoder) in omx@1.0-service process
10-03 13:55:01.318  1970  1970 E BluetoothPbap: Could not bind to Bluetooth Pbap Service with Intent { act=android.bluetooth.IBluetoothPbap }
10-03 13:55:01.318  1970  1970 D LocalBluetoothProfileManager: LocalBluetoothProfileManager construction complete
10-03 13:55:01.318  1767  2251 E OMXNodeInstance: getConfig(0xebf21200:google.vorbis.decoder, ConfigAndroidVendorExtension(0x6f100004)) ERROR: Undefined(0x80001001)
10-03 13:55:01.319  1970  2143 W Tile.DndTile: Error in handleSetListening
10-03 13:55:01.319  1970  2143 W Tile.DndTile: java.lang.NullPointerException: Attempt to invoke interface method 'void com.android.systemui.statusbar.policy.ZenModeController.addCallback(java.lang.Object)' on a null object reference
10-03 13:55:01.319  1970  2143 W Tile.DndTile: 	at com.android.systemui.qs.tiles.DndTile.handleSetListening(DndTile.java:239)
10-03 13:55:01.319  1970  2143 W Tile.DndTile: 	at com.android.systemui.qs.tileimpl.QSTileImpl$H.handleMessage(QSTileImpl.java:461)
10-03 13:55:01.319  1970  2143 W Tile.DndTile: 	at android.os.Handler.dispatchMessage(Handler.java:106)
10-03 13:55:01.319  1970  2143 W Tile.DndTile: 	at android.os.Looper.loop(Looper.java:164)
10-03 13:55:01.319  1970  2143 W Tile.DndTile: 	at android.os.HandlerThread.run(HandlerThread.java:65)
10-03 13:55:01.319  1735  1735 W /system/bin/hw/android.hidl.allocator@1.0-service: ashmem_create_region(32768) returning hidl_memory(0x73e0ade2b2d0, 32768)
10-03 13:55:01.329  1970  1970 I StatusBar: isKeyguardShowing() called before startKeyguard(), returning true
10-03 13:55:01.329  1970  1970 W StatusBar: isKeyguardSecure() called before startKeyguard(), returning false
10-03 13:55:01.329  1970  1970 W StatusBar: java.lang.Throwable
10-03 13:55:01.329  1970  1970 W StatusBar: 	at com.android.systemui.statusbar.phone.StatusBar.isKeyguardSecure(StatusBar.java:7607)
10-03 13:55:01.329  1970  1970 W StatusBar: 	at com.android.systemui.statusbar.phone.StatusBar.isCameraAllowedByAdmin(StatusBar.java:5484)
10-03 13:55:01.329  1970  1970 W StatusBar: 	at com.android.systemui.statusbar.phone.KeyguardBottomAreaView$DefaultRightButton.getIcon(KeyguardBottomAreaView.java:856)
10-03 13:55:01.329  1970  1970 W StatusBar: 	at com.android.systemui.statusbar.phone.KeyguardBottomAreaView.updateCameraVisibility(KeyguardBottomAreaView.java:382)
10-03 13:55:01.329  1970  1970 W StatusBar: 	at com.android.systemui.statusbar.phone.KeyguardBottomAreaView.setUserSetupComplete(KeyguardBottomAreaView.java:360)
10-03 13:55:01.329  1970  1970 W StatusBar: 	at com.android.systemui.statusbar.phone.NotificationPanelView.setUserSetupComplete(NotificationPanelView.java:2655)
10-03 13:55:01.329  1970  1970 W StatusBar: 	at com.android.systemui.statusbar.phone.StatusBar$1.onUserSetupChanged(StatusBar.java:527)
10-03 13:55:01.329  1970  1970 W StatusBar: 	at com.android.systemui.statusbar.policy.DeviceProvisionedControllerImpl.addCallback(DeviceProvisionedControllerImpl.java:69)
10-03 13:55:01.329  1970  1970 W StatusBar: 	at com.android.systemui.statusbar.policy.DeviceProvisionedControllerImpl.addCallback(DeviceProvisionedControllerImpl.java:63)
10-03 13:55:01.329  1970  1970 W StatusBar: 	at com.android.systemui.statusbar.phone.StatusBar.makeStatusBarView(StatusBar.java:1258)
10-03 13:55:01.329  1970  1970 W StatusBar: 	at com.android.systemui.statusbar.phone.StatusBar.addStatusBarWindow(StatusBar.java:3712)
10-03 13:55:01.329  1970  1970 W StatusBar: 	at com.android.systemui.statusbar.phone.StatusBar.createAndAddWindows(StatusBar.java:3708)
10-03 13:55:01.329  1970  1970 W StatusBar: 	at com.android.systemui.statusbar.phone.StatusBar.start(StatusBar.java:895)
10-03 13:55:01.329  1970  1970 W StatusBar: 	at com.android.systemui.SystemBars.createStatusBarFromConfig(SystemBars.java:71)
10-03 13:55:01.329  1970  1970 W StatusBar: 	at com.android.systemui.SystemBars.start(SystemBars.java:42)
10-03 13:55:01.329  1970  1970 W StatusBar: 	at com.android.systemui.SystemUIApplication.startServicesIfNeeded(SystemUIApplication.java:215)
10-03 13:55:01.329  1970  1970 W StatusBar: 	at com.android.systemui.SystemUIApplication.startServicesIfNeeded(SystemUIApplication.java:164)
10-03 13:55:01.329  1970  1970 W StatusBar: 	at com.android.systemui.SystemUIService.onCreate(SystemUIService.java:33)
10-03 13:55:01.329  1970  1970 W StatusBar: 	at android.app.ActivityThread.handleCreateService(ActivityThread.java:3339)
10-03 13:55:01.329  1970  1970 W StatusBar: 	at android.app.ActivityThread.-wrap4(Unknown Source:0)
10-03 13:55:01.329  1970  1970 W StatusBar: 	at android.app.ActivityThread$H.handleMessage(ActivityThread.java:1677)
10-03 13:55:01.329  1970  1970 W StatusBar: 	at android.os.Handler.dispatchMessage(Handler.java:106)
10-03 13:55:01.329  1970  1970 W StatusBar: 	at android.os.Looper.loop(Looper.java:164)
10-03 13:55:01.329  1970  1970 W StatusBar: 	at android.app.ActivityThread.main(ActivityThread.java:6494)
10-03 13:55:01.329  1970  1970 W StatusBar: 	at java.lang.reflect.Method.invoke(Native Method)
10-03 13:55:01.329  1970  1970 W StatusBar: 	at com.android.internal.os.RuntimeInit$MethodAndArgsCaller.run(RuntimeInit.java:463)
10-03 13:55:01.329  1970  1970 W StatusBar: 	at com.android.internal.os.ZygoteInit.main(ZygoteInit.java:807)
10-03 13:55:01.329  1735  1735 W /system/bin/hw/android.hidl.allocator@1.0-service: ashmem_create_region(32768) returning hidl_memory(0x73e0ade2b2d0, 32768)
10-03 13:55:01.330  1970  2223 D OpenGLRenderer: profile bars disabled
10-03 13:55:01.330  1970  2223 D OpenGLRenderer: ambientRatio = 1.50
10-03 13:55:01.333  1970  1970 D StatusBar: disable<e i a s b h r c s q >
10-03 13:55:01.339  1970  1970 W TelecomManager: Telecom Service not found.
10-03 13:55:01.343  1970  1970 D StatusBar: heads up is enabled
10-03 13:55:01.348  1970  2241 E ActivityThread: Failed to find provider info for com.android.contacts
10-03 13:55:01.349  1970  1970 D SystemUIBootTiming: StartServicesSystemBars took to complete: 198ms
10-03 13:55:01.351  1970  1970 D StorageNotification: Notifying about private volume: VolumeInfo{private}:
10-03 13:55:01.351  1970  1970 D StorageNotification:     type=PRIVATE diskId=null partGuid=null mountFlags=0 mountUserId=-1 
10-03 13:55:01.351  1970  1970 D StorageNotification:     state=MOUNTED 
10-03 13:55:01.351  1970  1970 D StorageNotification:     fsType=null fsUuid=null fsLabel=null 
10-03 13:55:01.351  1970  1970 D StorageNotification:     path=/data internalPath=null 
10-03 13:55:01.353  1970  1970 D SystemUIBootTiming: StartServicesStorageNotification took to complete: 4ms
10-03 13:55:01.356  1970  1970 D SystemUIBootTiming: StartServicesPowerUI took to complete: 3ms
10-03 13:55:01.357  1970  1970 D SystemUIBootTiming: StartServicesRingtonePlayer took to complete: 1ms
10-03 13:55:01.359  1970  1970 D SystemUIBootTiming: StartServicesKeyboardUI took to complete: 2ms
10-03 13:55:01.366  1970  1970 D SystemUIBootTiming: StartServicesPipUI took to complete: 7ms
10-03 13:55:01.367  1970  1970 D SystemUIBootTiming: StartServicesShortcutKeyDispatcher took to complete: 1ms
10-03 13:55:01.367  1970  1970 D SystemUIBootTiming: StartServicesVendorServices took to complete: 0ms
10-03 13:55:01.367  1970  1970 D SystemUIBootTiming: StartServicesService took to complete: 0ms
10-03 13:55:01.367  1970  1970 D SystemUIBootTiming: StartServicesLatencyTester took to complete: 0ms
10-03 13:55:01.368  1970  1970 D SystemUIBootTiming: StartServicesGlobalActionsComponent took to complete: 1ms
10-03 13:55:01.369  1970  1970 D SystemUIBootTiming: StartServicesRoundedCorners took to complete: 1ms
10-03 13:55:01.369  1970  1970 D SystemUIBootTiming: StartServices took to complete: 826ms
10-03 13:55:01.378  1866  1881 W BroadcastQueue: Background execution not allowed: receiving Intent { act=android.intent.action.USER_PRESENT flg=0x24200010 } to com.google.android.gms/.chimera.GmsIntentOperationService$PersistentTrustedReceiver
10-03 13:55:01.406  1970  1970 I RenderThread: type=1400 audit(0.0:353): avc: denied { search } for name="graphics" dev="tmpfs" ino=7208 scontext=u:r:platform_app:s0:c512,c768 tcontext=u:object_r:graphics_device:s0 tclass=dir permissive=1
10-03 13:55:01.407  1750  1851 D gralloc : Registering a buffer in the process that created it. This may cause memory ordering problems.
10-03 13:55:01.407  1750  1851 D gralloc : Registering a buffer in the process that created it. This may cause memory ordering problems.
10-03 13:55:01.408  1970  1970 D ViewRootImpl[StatusBar]: changeCanvasOpacity: opaque=true
10-03 13:55:01.408  1970  2223 I com.android.systemui: android::hardware::configstore::V1_0::ISurfaceFlingerConfigs::hasWideColorDisplay retrieved: 0
10-03 13:55:01.408  1970  2223 I OpenGLRenderer: Initialized EGL, version 1.4
10-03 13:55:01.408  1970  2223 D OpenGLRenderer: Swap behavior 1
10-03 13:55:01.462  1970  2250 E ActivityThread: Failed to find provider info for com.android.contacts
10-03 13:55:01.467  1970  2241 E ActivityThread: Failed to find provider info for com.android.contacts
10-03 13:55:01.482  1750  1815 D gralloc : Registering a buffer in the process that created it. This may cause memory ordering problems.
10-03 13:55:01.482  1750  1815 I chatty  : uid=0(root) Binder:1750_1 identical 1 line
10-03 13:55:01.482  1750  1815 D gralloc : Registering a buffer in the process that created it. This may cause memory ordering problems.
10-03 13:55:01.484  1866  1939 D WifiService: New client listening to asynchronous messages
10-03 13:55:01.605  1970  1984 I zygote64: Do partial code cache collection, code=30KB, data=25KB
10-03 13:55:01.605  1970  1984 I zygote64: After code cache collection, code=30KB, data=25KB
10-03 13:55:01.605  1970  1984 I zygote64: Increasing code cache capacity to 128KB
10-03 13:55:01.655  1866  1878 I ActivityManager: user 0 is still locked. Cannot load recents
10-03 13:55:02.139  1750  1815 D gralloc : Registering a buffer in the process that created it. This may cause memory ordering problems.
10-03 13:55:02.140  1970  2223 D vndksupport: Loading /vendor/lib64/hw/android.hardware.graphics.mapper@2.0-impl.so from current namespace instead of sphal namespace.
10-03 13:55:02.141  1970  2223 D vndksupport: Loading /vendor/lib64/hw/gralloc.default.so from current namespace instead of sphal namespace.
10-03 13:55:02.141  1970  2223 D vndksupport: Loading /vendor/lib64/hw/gralloc.default.so from current namespace instead of sphal namespace.
10-03 13:55:02.619  1750  1815 D gralloc : Registering a buffer in the process that created it. This may cause memory ordering problems.
10-03 13:55:02.623  1866  1882 I chatty  : uid=1000(system) android.ui expire 3 lines
10-03 13:55:02.629  1970  1970 W KeyguardUpdateMonitor: invalid subId in handleServiceStateChange()
10-03 13:55:02.685  1866  1888 W WindowManager: App freeze timeout expired.
10-03 13:55:02.828  1866  1888 I WindowManager: ******* TELLING SURFACE FLINGER WE ARE BOOTED!
10-03 13:55:02.828  1750  1815 I SurfaceFlinger: Boot is finished (10880 ms)
10-03 13:55:02.829  1759  1759 E installd: Failed to unlink /data//dalvik-cache/arm/.booting: No such file or directory
10-03 13:55:02.830  1866  1888 W ActivityManager: Unable to mark boot complete for abi: armeabi-v7a (android.os.ServiceSpecificException: Failed to unlink /data//dalvik-cache/arm/.booting (code 2))
10-03 13:55:02.830  1866  1888 I SystemServiceManager: Starting phase 1000
10-03 13:55:02.831     1     1 I init    : type=1400 audit(0.0:354): avc: denied { dac_read_search } for capability=2 scontext=u:r:init:s0 tcontext=u:r:init:s0 tclass=capability permissive=1
10-03 13:55:02.831  1866  1888 D ActivityManager: Finishing user boot 0
10-03 13:55:02.831  1866  1888 I ActivityManager: User 0 state changed from BOOTING to RUNNING_LOCKED
10-03 13:55:02.832  2278  2278 I init    : type=1400 audit(0.0:355): avc: denied { execute_no_trans } for path="/system/bin/logwrapper" dev="loop0" ino=419 scontext=u:r:init:s0 tcontext=u:object_r:system_file:s0 tclass=file permissive=1
10-03 13:55:02.832  1724  1724 I vold    : type=1400 audit(0.0:356): avc: denied { dac_read_search } for capability=2 scontext=u:r:vold:s0 tcontext=u:r:vold:s0 tclass=capability permissive=1
10-03 13:55:02.832  1866  1888 D StorageManagerService: Setting property: sys.user.0.ce_available=true
10-03 13:55:02.832  1866  1888 I ActivityManager: User 0 state changed from RUNNING_LOCKED to RUNNING_UNLOCKING
10-03 13:55:02.832  1866  1888 D CryptdConnector: SND -> {3 cryptfs prepare_user_storage ! 0 0 2}
10-03 13:55:02.833  1759  1759 I Binder:1759_2: type=1400 audit(0.0:357): avc: denied { dac_read_search } for capability=2 scontext=u:r:installd:s0 tcontext=u:r:installd:s0 tclass=capability permissive=1
10-03 13:55:02.833  1724  1728 D vold    : e4crypt_prepare_user_storage for volume null, user 0, serial 0, flags 2
10-03 13:55:02.833  1724  1728 D vold    : Preparing: /data/system_ce/0
10-03 13:55:02.833  1724  1728 D vold    : Preparing: /data/misc_ce/0
10-03 13:55:02.833  1724  1728 D vold    : Preparing: /data/media/0
10-03 13:55:02.833  1724  1728 D vold    : Preparing: /data/data
10-03 13:55:02.833  1866  1933 D CryptdConnector: RCV <- {200 3 Command succeeded}
10-03 13:55:02.838  2279  2279 I logwrapper: type=1400 audit(0.0:358): avc: denied { execute_no_trans } for path="/system/bin/sh" dev="loop0" ino=519 scontext=u:r:init:s0 tcontext=u:object_r:shell_exec:s0 tclass=file permissive=1
10-03 13:55:02.844  2279  2279 I sh      : type=1400 audit(0.0:359): avc: denied { ioctl } for path="/dev/pts/0" dev="devpts" ino=3 ioctlcmd=0x5401 scontext=u:r:init:s0 tcontext=u:object_r:devpts:s0 tclass=chr_file permissive=1
10-03 13:55:02.849  2280  2280 I cat     : type=1400 audit(0.0:360): avc: denied { write } for path="pipe:[13717]" dev="pipefs" ino=13717 scontext=u:r:toolbox:s0 tcontext=u:r:init:s0 tclass=fifo_file permissive=1
10-03 13:55:02.850  2280  2280 I cat     : type=1400 audit(0.0:361): avc: denied { getattr } for path="/vendor" dev="tmpfs" ino=608 scontext=u:r:toolbox:s0 tcontext=u:object_r:tmpfs:s0 tclass=lnk_file permissive=1
10-03 13:55:02.850  2280  2280 I cat     : type=1400 audit(0.0:362): avc: denied { read } for name="vendor" dev="tmpfs" ino=608 scontext=u:r:toolbox:s0 tcontext=u:object_r:tmpfs:s0 tclass=lnk_file permissive=1
10-03 13:55:02.853  1750  1815 D gralloc : Registering a buffer in the process that created it. This may cause memory ordering problems.
10-03 13:55:02.860  2280  2280 I cat     : type=1400 audit(0.0:363): avc: denied { read } for name="board_name" dev="sysfs" ino=428 scontext=u:r:toolbox:s0 tcontext=u:object_r:sysfs:s0 tclass=file permissive=1
10-03 13:55:02.860  2280  2280 I cat     : type=1400 audit(0.0:364): avc: denied { open } for path="/sys/devices/virtual/dmi/id/board_name" dev="sysfs" ino=428 scontext=u:r:toolbox:s0 tcontext=u:object_r:sysfs:s0 tclass=file permissive=1
10-03 13:55:02.860  1759  1759 W cutils  : Expected path /data/data/com.google.android.gms with mode 700 but found 711
10-03 13:55:02.877  1970  1970 W StatusBar/NavBarView: *** Invalid layout in navigation bar (sizeChanged this=1152x48 cur=1136x48)
10-03 13:55:02.877  1970  1970 I Choreographer: Skipped 102 frames!  The application may be doing too much work on its main thread.
10-03 13:55:02.884  2283  2283 I cat     : type=1400 audit(0.0:365): avc: denied { read } for name="cmdline" dev="proc" ino=4026532023 scontext=u:r:toolbox:s0 tcontext=u:object_r:proc:s0 tclass=file permissive=1
10-03 13:55:02.884  2283  2283 I cat     : type=1400 audit(0.0:366): avc: denied { open } for path="/proc/cmdline" dev="proc" ino=4026532023 scontext=u:r:toolbox:s0 tcontext=u:object_r:proc:s0 tclass=file permissive=1
10-03 13:55:02.885  2285  2285 I sh      : type=1400 audit(0.0:367): avc: denied { execute_no_trans } for path="/system/bin/grep" dev="loop0" ino=364 scontext=u:r:init:s0 tcontext=u:object_r:system_file:s0 tclass=file permissive=1
10-03 13:55:02.887  1750  1815 D gralloc : Registering a buffer in the process that created it. This may cause memory ordering problems.
10-03 13:55:02.904  1866  1881 I SystemServiceManager: Calling onUnlockUser u0
10-03 13:55:02.904  1866  1881 D BluetoothManagerService: User 0 unlocked
10-03 13:55:02.904  1750  1815 D gralloc : Registering a buffer in the process that created it. This may cause memory ordering problems.
10-03 13:55:02.904  1866  1881 D StorageManagerService: onUnlockUser 0
10-03 13:55:02.904  1866  1881 D VoldConnector: SND -> {7 volume user_started 0}
10-03 13:55:02.905  1866  1887 D BluetoothManagerService: MESSAGE_USER_UNLOCKED
10-03 13:55:02.905  1724  1727 D vold    : Linking /storage/emulated/0 to /mnt/user/0/primary
10-03 13:55:02.905  1866  1932 D VoldConnector: RCV <- {200 7 Command succeeded}
10-03 13:55:02.905  1866  1931 D StorageManagerService: Volume emulated broadcasting mounted to UserHandle{0}
10-03 13:55:02.914  1866  1881 I BackupManagerService: Instantiating BackupManagerService
10-03 13:55:02.917  2284  2284 I hciconfig: type=1400 audit(0.0:368): avc: denied { create } for scontext=u:r:init:s0 tcontext=u:r:init:s0 tclass=bluetooth_socket permissive=1
10-03 13:55:02.917  2287  2287 I main    : type=1400 audit(0.0:369): avc: denied { mounton } for path="/storage" dev="tmpfs" ino=6109 scontext=u:r:zygote:s0 tcontext=u:object_r:tmpfs:s0 tclass=dir permissive=1
10-03 13:55:02.917  1866  1866 I ActivityManager: Start proc 2287:com.android.deskclock/u0a51 for broadcast com.android.deskclock/.AlarmInitReceiver
10-03 13:55:02.918  2287  2287 I main    : type=1400 audit(0.0:370): avc: denied { dac_read_search } for capability=2 scontext=u:r:zygote:s0 tcontext=u:r:zygote:s0 tclass=capability permissive=1
10-03 13:55:02.918  2287  2287 I main    : type=1400 audit(0.0:371): avc: denied { create } for name="cgroup.procs" scontext=u:r:zygote:s0 tcontext=u:object_r:cgroup:s0 tclass=file permissive=1
10-03 13:55:02.918  2292  2292 I kworker/u8:4: type=1400 audit(0.0:372): avc: denied { search } for name="/" dev="tmpfs" ino=6078 scontext=u:r:kernel:s0 tcontext=u:object_r:tmpfs:s0 tclass=dir permissive=1
10-03 13:55:02.918  2292  2292 I kworker/u8:4: type=1400 audit(0.0:373): avc: denied { read } for name="modprobe" dev="tmpfs" ino=6103 scontext=u:r:kernel:s0 tcontext=u:object_r:tmpfs:s0 tclass=lnk_file permissive=1
10-03 13:55:02.920  1866  1881 I chatty  : uid=1000(system) ActivityManager expire 4 lines
10-03 13:55:02.921  2287  2287 W zygote64: Unexpected CPU variant for X86 using defaults: x86_64
10-03 13:55:02.925  2292  2292 I /sbin/modprobe: Parsing file /system/etc/modules.blacklist...
10-03 13:55:02.925  2292  2292 I /sbin/modprobe: Parsing file /system/lib/modules/4.19.195-android-x86_64-22805-g0676905e8791/modules.alias...
10-03 13:55:02.928  1749  1749 I lmkd    : type=1400 audit(0.0:374): avc: denied { dac_read_search } for capability=2 scontext=u:r:lmkd:s0 tcontext=u:r:lmkd:s0 tclass=capability permissive=1
10-03 13:55:02.929  1866  1881 D BackupTransportManager: Binding to transport: android/com.android.internal.backup.LocalTransportService
10-03 13:55:02.930  1866  1881 W BackupTransportManager: BackupTransport com.google.android.gms/.backup.component.D2dTransportService not whitelisted.
10-03 13:55:02.930  1866  1881 W BackupTransportManager: BackupTransport com.google.android.gms/.backup.BackupTransportService not whitelisted.
10-03 13:55:02.931  1866  1881 I BackupManagerService: Backup enabled => false
10-03 13:55:02.935  1750  2265 D gralloc : Registering a buffer in the process that created it. This may cause memory ordering problems.
10-03 13:55:02.951  1750  2050 D gralloc : Registering a buffer in the process that created it. This may cause memory ordering problems.
10-03 13:55:02.952  2287  2287 I zygote64: The ClassLoaderContext is a special shared library.
10-03 13:55:02.977  1866  1866 I ActivityManager: Start proc 2308:com.google.android.googlequicksearchbox:search/u0a32 for service com.google.android.googlequicksearchbox/com.google.android.apps.gsa.tasks.BackgroundTasksJobService
10-03 13:55:02.978  1866  1881 W SystemServiceManager: Service com.android.server.backup.BackupManagerService$Lifecycle took 71 ms in onUnlockUser 
10-03 13:55:02.980  1866  1944 D ConnectivityService: Got NetworkFactory Messenger for WIFI
10-03 13:55:02.980  1866  1944 D ConnectivityService: Got NetworkFactory Messenger for WIFI_UT
10-03 13:55:02.982  2292  2292 I modprobe: type=1400 audit(0.0:376): avc: denied { sys_module } for capability=16 scontext=u:r:init:s0 tcontext=u:r:init:s0 tclass=capability permissive=1
10-03 13:55:02.982  2292  2292 I modprobe: type=1400 audit(0.0:377): avc: denied { module_load } for path="/system/lib/modules/4.19.195-android-x86_64-22805-g0676905e8791/kernel/crypto/ecdh_generic.ko" dev="loop0" ino=3591 scontext=u:r:init:s0 tcontext=u:object_r:system_file:s0 tclass=system permissive=1
10-03 13:55:02.988  2308  2308 I chatty  : uid=10032 com.google.android.googlequicksearchbox:search expire 77 lines
10-03 13:55:02.992  1866  1881 I ActivityManager: Start proc 2315:com.google.android.googlequicksearchbox:interactor/u0a32 for service com.google.android.googlequicksearchbox/com.google.android.voiceinteraction.GsaVoiceInteractionService
10-03 13:55:02.993  1866  1881 D AutofillManagerServiceImpl: Reset component for user 0
10-03 13:55:02.993  1866  1881 D AutofillManagerServiceImpl: Reset component for user 0
10-03 13:55:02.993  1866  1881 I ActivityManager: Loading recents for user 0 into memory.
10-03 13:55:02.994  1866  1882 D AutofillUI: destroySaveUiUiThread(): already destroyed
10-03 13:55:02.994  2315  2315 I chatty  : uid=10032 com.google.android.googlequicksearchbox:interactor expire 77 lines
10-03 13:55:03.015  2284  2284 I hciconfig: type=1400 audit(0.0:378): avc: denied { ioctl } for path="socket:[13741]" dev="sockfs" ino=13741 ioctlcmd=0x48d2 scontext=u:r:init:s0 tcontext=u:r:init:s0 tclass=bluetooth_socket permissive=1
10-03 13:55:03.026  2343  2343 I main    : type=1400 audit(0.0:379): avc: denied { mounton } for path="/storage" dev="tmpfs" ino=6109 scontext=u:r:zygote:s0 tcontext=u:object_r:tmpfs:s0 tclass=dir permissive=1
10-03 13:55:03.027  2342  2342 I app_process: type=1400 audit(0.0:380): avc: denied { getattr } for path="/vendor" dev="tmpfs" ino=608 scontext=u:r:zygote:s0 tcontext=u:object_r:tmpfs:s0 tclass=lnk_file permissive=1
10-03 13:55:03.027  2342  2342 I app_process: type=1400 audit(0.0:381): avc: denied { read } for name="vendor" dev="tmpfs" ino=608 scontext=u:r:zygote:s0 tcontext=u:object_r:tmpfs:s0 tclass=lnk_file permissive=1
10-03 13:55:03.029  2343  2343 W zygote64: Unexpected CPU variant for X86 using defaults: x86_64
10-03 13:55:03.029  1866  1881 I ActivityManager: Start proc 2343:org.android_x86.analytics/u0a1 for added application org.android_x86.analytics
10-03 13:55:03.029  1866  1881 I ActivityManager: User 0 state changed from RUNNING_UNLOCKING to RUNNING_UNLOCKED
10-03 13:55:03.030  1866  1881 I ActivityManager: Sending BOOT_COMPLETE user #0
10-03 13:55:03.032  2051  2051 D CarrierSvcBindHelper: Received android.intent.action.USER_UNLOCKED
10-03 13:55:03.034  2051  2051 E PhoneInterfaceManager: [PhoneIntfMgr] getCarrierPackageNamesForIntent: No UICC
10-03 13:55:03.034  2051  2051 D CarrierSvcBindHelper: No carrier app for: 0
10-03 13:55:03.050  1866  1866 I ActivityManager: Start proc 2357:com.android.launcher3/u0a22 for service com.android.launcher3/.notification.NotificationListener
10-03 13:55:03.050  2357  2357 W zygote64: Unexpected CPU variant for X86 using defaults: x86_64
10-03 13:55:03.058  1643  1643 I loop0   : type=1400 audit(0.0:382): avc: denied { read } for path="/mnt/android-8.1-r6/system.img" dev="sda1" ino=27557895 scontext=u:r:kernel:s0 tcontext=u:object_r:unlabeled:s0 tclass=file permissive=1
10-03 13:55:03.067  1866  1886 I chatty  : uid=1000(system) android.fg expire 4 lines
10-03 13:55:03.081  1866  1880 I ActivityManager: Start proc 2379:com.android.printspooler/u0a65 for service com.android.printspooler/.model.PrintSpoolerService
10-03 13:55:03.082  1866  1886 I AppWidgetServiceImpl: Async processing of onUserUnlocked u0 took 103 ms
10-03 13:55:03.090  2379  2379 W zygote64: Unexpected CPU variant for X86 using defaults: x86_64
10-03 13:55:03.098  2343  2343 I zygote64: The ClassLoaderContext is a special shared library.
10-03 13:55:03.105  2357  2357 I zygote64: The ClassLoaderContext is a special shared library.
10-03 13:55:03.122  2287  2287 I AlarmClock: AlarmInitReceiver android.intent.action.LOCKED_BOOT_COMPLETED
10-03 13:55:03.132  1866  1866 D BackupTransportManager: Bound to transport: android/com.android.internal.backup.LocalTransportService
10-03 13:55:03.133  2379  2379 I zygote64: The ClassLoaderContext is a special shared library.
10-03 13:55:03.137  2287  2396 I AlarmClock: Fixing alarm instances
10-03 13:55:03.190  1750  1815 D gralloc : Registering a buffer in the process that created it. This may cause memory ordering problems.
10-03 13:55:03.212  2402  2402 I chatty  : uid=10014 com.google.android.gms.persistent expire 84 lines
10-03 13:55:03.218  1866  2286 I BackupManagerService: Found stale backup journal, scheduling
10-03 13:55:03.218  1866  1877 I ActivityManager: Start proc 2402:com.google.android.gms.persistent/u0a14 for broadcast com.google.android.gms/.chimera.GmsIntentOperationService$PersistentTrustedReceiver
10-03 13:55:03.237  1866  1880 I ActivityManager: Start proc 2418:com.android.keychain/1000 for service com.android.keychain/.KeyChainService
10-03 13:55:03.242  2418  2418 W zygote64: Unexpected CPU variant for X86 using defaults: x86_64
10-03 13:55:03.288  2418  2418 I zygote64: The ClassLoaderContext is a special shared library.
10-03 13:55:03.307  1866  1880 I SyncManager: Loaded persisted syncs: 0 periodic syncs, 0 oneshot syncs, 7 total system server jobs, JobStats: FirstLoad: 58/0/0 LastSave: -1/-1/-1
10-03 13:55:03.328  1970  1970 I Choreographer: Skipped 37 frames!  The application may be doing too much work on its main thread.
10-03 13:55:03.329  1750  1815 D gralloc : Registering a buffer in the process that created it. This may cause memory ordering problems.
10-03 13:55:03.363  1970  1984 I zygote64: Do partial code cache collection, code=61KB, data=55KB
10-03 13:55:03.372  1970  1984 I zygote64: After code cache collection, code=61KB, data=55KB
10-03 13:55:03.372  1970  1984 I zygote64: Increasing code cache capacity to 256KB
10-03 13:55:03.426  2067  2067 I Choreographer: Skipped 39 frames!  The application may be doing too much work on its main thread.
10-03 13:55:03.426  1965  1965 W RichInputConnection: Slow InputConnection: GET_TEXT_BEFORE_CURSOR took 468 ms.
10-03 13:55:03.436  2067  2067 D FallbackHome: User unlocked and real home found; let's go!
10-03 13:55:03.458  1866  1877 I ActivityManager: START u0 {act=android.intent.action.MAIN cat=[android.intent.category.HOME] flg=0x10000100 cmp=com.android.launcher3/.Launcher} from uid 0
10-03 13:55:03.473  1866  1877 W WallpaperManagerService: Cannot extract colors because wallpaper could not be read.
10-03 13:55:03.475  2342  2342 D AndroidRuntime: >>>>>> START com.android.internal.os.RuntimeInit uid 0 <<<<<<
10-03 13:55:03.520  2342  2342 E libnb   : Unable to open /system/lib64/libhoudini.so
10-03 13:55:03.555  2342  2342 I main    : type=1400 audit(0.0:386): avc: denied { read } for name="etc" dev="tmpfs" ino=605 scontext=u:r:zygote:s0 tcontext=u:object_r:tmpfs:s0 tclass=lnk_file permissive=1
10-03 13:55:03.567  2342  2342 I main    : type=1400 audit(0.0:387): avc: denied { execute } for path="/dev/ashmem" dev="tmpfs" ino=7222 scontext=u:r:zygote:s0 tcontext=u:object_r:ashmem_device:s0 tclass=chr_file permissive=1
10-03 13:55:03.567  2342  2342 I main    : type=1400 audit(0.0:388): avc: denied { execute } for path=2F6465762F6173686D656D2F64616C76696B2D6A69742D636F64652D6361636865202864656C6574656429 dev="tmpfs" ino=12177 scontext=u:r:zygote:s0 tcontext=u:object_r:zygote_tmpfs:s0 tclass=file permissive=1
10-03 13:55:03.567  2342  2342 W app_process: Unexpected CPU variant for X86 using defaults: x86_64
10-03 13:55:03.570  2342  2342 I main    : type=1400 audit(0.0:389): avc: denied { write } for name="framework" dev="loop0" ino=1040 scontext=u:r:zygote:s0 tcontext=u:object_r:system_file:s0 tclass=dir permissive=1
10-03 13:55:03.570  2342  2342 I main    : type=1400 audit(0.0:390): avc: denied { add_name } for name="pm.jar.x86_64.flock" scontext=u:r:zygote:s0 tcontext=u:object_r:system_file:s0 tclass=dir permissive=1
10-03 13:55:03.570  2342  2342 I main    : type=1400 audit(0.0:391): avc: denied { create } for name="pm.jar.x86_64.flock" scontext=u:r:zygote:s0 tcontext=u:object_r:system_file:s0 tclass=file permissive=1
10-03 13:55:03.571  2342  2342 I main    : type=1400 audit(0.0:392): avc: denied { write } for path="/system/framework/pm.jar.x86_64.flock" dev="loop0" ino=117841 scontext=u:r:zygote:s0 tcontext=u:object_r:system_file:s0 tclass=file permissive=1
10-03 13:55:03.586  2342  2342 I app_process: The ClassLoaderContext is a special shared library.
10-03 13:55:03.586  2342  2342 W nativebridge: Failed to bind-mount /system/lib64/x86_64/cpuinfo as /proc/cpuinfo: No such file or directory
10-03 13:55:03.589  2357  2357 W ResourceType: ResTable_typeSpec entry count inconsistent: given 3287, previously 8388
10-03 13:55:03.589  2357  2357 W ResourceType: ResTable_typeSpec entry count inconsistent: given 5209, previously 5208
10-03 13:55:03.592  2357  2357 W System  : ClassLoader referenced unknown path: 
10-03 13:55:03.594  2357  2357 W ResourceType: For resource 0x7f071bb5, entry index(7093) is beyond type entryCount(3287)
10-03 13:55:03.597  1965  1965 I InputAttributes: InputType.TYPE_NULL is specified
10-03 13:55:03.601  2357  2357 W ResourceType: For resource 0x7f071bb7, entry index(7095) is beyond type entryCount(3287)
10-03 13:55:03.601  2357  2357 W ResourceType: For resource 0x7f071b98, entry index(7064) is beyond type entryCount(3287)
10-03 13:55:03.601  2357  2357 W ResourceType: For resource 0x7f071b99, entry index(7065) is beyond type entryCount(3287)
10-03 13:55:03.601  2357  2357 W ResourceType: For resource 0x7f071b97, entry index(7063) is beyond type entryCount(3287)
10-03 13:55:03.601  2357  2357 W ResourceType: For resource 0x7f071b96, entry index(7062) is beyond type entryCount(3287)
10-03 13:55:03.601  2357  2357 W ResourceType: For resource 0x7f071b98, entry index(7064) is beyond type entryCount(3287)
10-03 13:55:03.601  2357  2357 W ResourceType: For resource 0x7f071b97, entry index(7063) is beyond type entryCount(3287)
10-03 13:55:03.625  2357  2357 W ResourceType: For resource 0x7f071bb3, entry index(7091) is beyond type entryCount(3287)
10-03 13:55:03.625  2357  2357 W ResourceType: For resource 0x7f071bb3, entry index(7091) is beyond type entryCount(3287)
10-03 13:55:03.635  2357  2357 W ResourceType: For resource 0x7f071fde, entry index(8158) is beyond type entryCount(3287)
10-03 13:55:03.635  2357  2357 W ResourceType: For resource 0x7f071fdd, entry index(8157) is beyond type entryCount(3287)
10-03 13:55:03.635  2357  2357 W ResourceType: For resource 0x7f071fdd, entry index(8157) is beyond type entryCount(3287)
10-03 13:55:03.635  2357  2357 W ResourceType: For resource 0x7f071fde, entry index(8158) is beyond type entryCount(3287)
10-03 13:55:03.636  2357  2357 W ResourceType: For resource 0x7f071fde, entry index(8158) is beyond type entryCount(3287)
10-03 13:55:03.636  2357  2357 W ResourceType: For resource 0x7f071fdd, entry index(8157) is beyond type entryCount(3287)
10-03 13:55:03.636  2357  2357 W ResourceType: For resource 0x7f071fdd, entry index(8157) is beyond type entryCount(3287)
10-03 13:55:03.636  2357  2357 W ResourceType: For resource 0x7f071fde, entry index(8158) is beyond type entryCount(3287)
10-03 13:55:03.664  2357  2423 D LoaderTask: loadWorkspace: loading default favorites
10-03 13:55:03.667  2343  2343 W zygote64: Class com.google.analytics.tracking.android.GoogleAnalytics failed lock verification and will run slower.
10-03 13:55:03.667  2343  2343 W zygote64: Common causes for lock verification issues are non-optimized dex code
10-03 13:55:03.667  2343  2343 W zygote64: and incorrect proguard optimizations.
10-03 13:55:03.670  2357  2453 D OpenGLRenderer: HWUI GL Pipeline
10-03 13:55:03.671  2343  2452 D LogHelper: Google Analytics log entry: {&an=com.android.launcher3, &cd=com.android.launcher3.Launcher, &cd1=userdebug, &cd5=8.1.0-eng.cw_huang.0622, &cd13=160, &cd12=1152 * 864 84Hz, &t=appview, &cd3=x86_64, &cd4=VMware Virtual Platform}
10-03 13:55:03.681  2342  2342 D AndroidRuntime: Calling main entry com.android.commands.pm.Pm
10-03 13:55:03.682  1670  1670 E SELinux : avc:  denied  { find } for service=account pid=2342 uid=0 scontext=u:r:zygote:s0 tcontext=u:object_r:account_service:s0 tclass=service_manager permissive=1
10-03 13:55:03.682  1670  1670 E SELinux : avc:  denied  { find } for service=user pid=2342 uid=0 scontext=u:r:zygote:s0 tcontext=u:object_r:user_service:s0 tclass=service_manager permissive=1
10-03 13:55:03.682  1670  1670 E SELinux : avc:  denied  { find } for service=package pid=2342 uid=0 scontext=u:r:zygote:s0 tcontext=u:object_r:package_service:s0 tclass=service_manager permissive=1
10-03 13:55:03.684  2342  2342 I app_process: System.exit called, status: 0
10-03 13:55:03.684  2342  2342 I AndroidRuntime: VM exiting with result code 0.
10-03 13:55:03.684  1866  2255 D AutofillManagerServiceImpl: Reset component for user 0
10-03 13:55:03.709  1750  2265 D gralloc : Registering a buffer in the process that created it. This may cause memory ordering problems.
10-03 13:55:03.709  1750  2265 I chatty  : uid=0(root) Binder:1750_5 identical 1 line
10-03 13:55:03.709  1750  2265 D gralloc : Registering a buffer in the process that created it. This may cause memory ordering problems.
10-03 13:55:03.720  2357  2357 W View    : requestLayout() improperly called by com.android.launcher3.graphics.GradientView{a3184ce V.ED..... ......I. 0,0-0,0 #7f0b0033 app:id/gradient_bg} during layout: running second layout pass
10-03 13:55:03.729  2357  2453 I com.android.launcher3: android::hardware::configstore::V1_0::ISurfaceFlingerConfigs::hasWideColorDisplay retrieved: 0
10-03 13:55:03.729  2357  2453 I OpenGLRenderer: Initialized EGL, version 1.4
10-03 13:55:03.729  2357  2453 D OpenGLRenderer: Swap behavior 1
10-03 13:55:03.754  1750  1815 D gralloc : Registering a buffer in the process that created it. This may cause memory ordering problems.
10-03 13:55:03.756  2357  2453 D vndksupport: Loading /vendor/lib64/hw/android.hardware.graphics.mapper@2.0-impl.so from current namespace instead of sphal namespace.
10-03 13:55:03.756  2357  2453 D vndksupport: Loading /vendor/lib64/hw/gralloc.default.so from current namespace instead of sphal namespace.
10-03 13:55:03.764  2357  2453 D vndksupport: Loading /vendor/lib64/hw/gralloc.default.so from current namespace instead of sphal namespace.
10-03 13:55:03.787  1750  1815 D gralloc : Registering a buffer in the process that created it. This may cause memory ordering problems.
10-03 13:55:03.804  1750  2265 D gralloc : Registering a buffer in the process that created it. This may cause memory ordering problems.
10-03 13:55:04.093  1866  2353 I ActivityManager: Start proc 2476:com.google.process.gservices/u0a14 for content provider com.google.android.gsf/.gservices.GservicesProvider
10-03 13:55:04.095  2476  2476 I main    : type=1400 audit(0.0:412): avc: denied { dac_read_search } for capability=2 scontext=u:r:zygote:s0 tcontext=u:r:zygote:s0 tclass=capability permissive=1
10-03 13:55:04.095  2476  2476 I main    : type=1400 audit(0.0:413): avc: denied { create } for name="cgroup.procs" scontext=u:r:zygote:s0 tcontext=u:object_r:cgroup:s0 tclass=file permissive=1
10-03 13:55:04.107  2476  2476 I chatty  : uid=10014(com.google.android.gms) com.google.process.gservices identical 3 lines
10-03 13:55:04.118  1749  1749 I lmkd    : type=1400 audit(0.0:414): avc: denied { dac_read_search } for capability=2 scontext=u:r:lmkd:s0 tcontext=u:r:lmkd:s0 tclass=capability permissive=1
10-03 13:55:04.171  2467  2467 D AndroidRuntime: >>>>>> START com.android.internal.os.RuntimeInit uid 0 <<<<<<
10-03 13:55:04.216  2467  2467 E libnb   : Unable to open /system/lib64/libhoudini.so
10-03 13:55:04.242  2467  2467 I main    : type=1400 audit(0.0:416): avc: denied { execute } for path=2F6465762F6173686D656D2F64616C76696B2D6A69742D636F64652D6361636865202864656C6574656429 dev="tmpfs" ino=14161 scontext=u:r:zygote:s0 tcontext=u:object_r:zygote_tmpfs:s0 tclass=file permissive=1
10-03 13:55:04.243  2467  2467 W app_process: Unexpected CPU variant for X86 using defaults: x86_64
10-03 13:55:04.244  2467  2467 I app_process: The ClassLoaderContext is a special shared library.
10-03 13:55:04.245  2467  2467 W nativebridge: Failed to bind-mount /system/lib64/x86_64/cpuinfo as /proc/cpuinfo: No such file or directory
10-03 13:55:04.268  1670  1670 I servicemanager: type=1400 audit(0.0:417): avc: denied { read } for name="current" dev="proc" ino=14970 scontext=u:r:servicemanager:s0 tcontext=u:r:zygote:s0 tclass=file permissive=1
10-03 13:55:04.268  1670  1670 I servicemanager: type=1400 audit(0.0:418): avc: denied { open } for path="/proc/2467/attr/current" dev="proc" ino=14970 scontext=u:r:servicemanager:s0 tcontext=u:r:zygote:s0 tclass=file permissive=1
10-03 13:55:04.268  2467  2467 D AndroidRuntime: Calling main entry com.android.commands.pm.Pm
10-03 13:55:04.270  2467  2467 I app_process: System.exit called, status: 0
10-03 13:55:04.270  2467  2467 I AndroidRuntime: VM exiting with result code 0.
10-03 13:55:04.301     1     1 I init    : type=1400 audit(0.0:420): avc: denied { dac_read_search } for capability=2 scontext=u:r:init:s0 tcontext=u:r:init:s0 tclass=capability permissive=1
10-03 13:55:04.301     1     1 I init    : type=1400 audit(0.0:421): avc: denied { create } for name="cgroup.procs" scontext=u:r:init:s0 tcontext=u:object_r:cgroup:s0 tclass=file permissive=1
10-03 13:55:04.302  2506  2506 I bootstat: type=1400 audit(0.0:422): avc: denied { getattr } for path="/vendor" dev="tmpfs" ino=608 scontext=u:r:bootstat:s0 tcontext=u:object_r:tmpfs:s0 tclass=lnk_file permissive=1
10-03 13:55:04.302  2506  2506 I bootstat: type=1400 audit(0.0:423): avc: denied { read } for name="vendor" dev="tmpfs" ino=608 scontext=u:r:bootstat:s0 tcontext=u:object_r:tmpfs:s0 tclass=lnk_file permissive=1
10-03 13:55:04.310  2506  2506 I bootstat: Service started: /system/bin/bootstat --record_boot_complete 
10-03 13:55:04.310  2506  2506 E bootstat: Failed to read /data/misc/bootstat/post_decrypt_time_elapsed: No such file or directory
10-03 13:55:04.310  2506  2506 E bootstat: Failed to parse boot time record: /data/misc/bootstat/post_decrypt_time_elapsed
10-03 13:55:04.318  2507  2507 I bootstat: Service started: /system/bin/bootstat --record_boot_reason 
10-03 13:55:04.320  2507  2507 I bootstat: Unknown boot reason: 
10-03 13:55:04.327  2508  2508 I bootstat: Service started: /system/bin/bootstat --record_time_since_factory_reset 
10-03 13:55:04.337  2509  2509 I bootstat: Service started: /system/bin/bootstat -l 
10-03 13:55:04.710  2402  2534 I chatty  : uid=10014(com.google.android.gms) highpool[0] expire 7 lines
10-03 13:55:04.874  2402  2540 I chatty  : uid=10014 com.google.android.gms.persistent expire 1 line
